Archive member included because of file (symbol)

c:/program files (x86)/atmel/atmel toolchain/avr8 gcc/native/3.4.1051/avr8-gnu-toolchain/bin/../lib/gcc/avr/4.8.1/../../../../avr/lib/avrxmega2\libm.a(addsf3.o)
                              ArmControl.o (__subsf3)
c:/program files (x86)/atmel/atmel toolchain/avr8 gcc/native/3.4.1051/avr8-gnu-toolchain/bin/../lib/gcc/avr/4.8.1/../../../../avr/lib/avrxmega2\libm.a(addsf3x.o)
                              c:/program files (x86)/atmel/atmel toolchain/avr8 gcc/native/3.4.1051/avr8-gnu-toolchain/bin/../lib/gcc/avr/4.8.1/../../../../avr/lib/avrxmega2\libm.a(addsf3.o) (__addsf3x)
c:/program files (x86)/atmel/atmel toolchain/avr8 gcc/native/3.4.1051/avr8-gnu-toolchain/bin/../lib/gcc/avr/4.8.1/../../../../avr/lib/avrxmega2\libm.a(divsf3.o)
                              ArmControl.o (__divsf3)
c:/program files (x86)/atmel/atmel toolchain/avr8 gcc/native/3.4.1051/avr8-gnu-toolchain/bin/../lib/gcc/avr/4.8.1/../../../../avr/lib/avrxmega2\libm.a(divsf3x.o)
                              c:/program files (x86)/atmel/atmel toolchain/avr8 gcc/native/3.4.1051/avr8-gnu-toolchain/bin/../lib/gcc/avr/4.8.1/../../../../avr/lib/avrxmega2\libm.a(divsf3.o) (__divsf3x)
c:/program files (x86)/atmel/atmel toolchain/avr8 gcc/native/3.4.1051/avr8-gnu-toolchain/bin/../lib/gcc/avr/4.8.1/../../../../avr/lib/avrxmega2\libm.a(fixsfsi.o)
                              rotateStepper.o (__fixsfsi)
c:/program files (x86)/atmel/atmel toolchain/avr8 gcc/native/3.4.1051/avr8-gnu-toolchain/bin/../lib/gcc/avr/4.8.1/../../../../avr/lib/avrxmega2\libm.a(fixunssfsi.o)
                              c:/program files (x86)/atmel/atmel toolchain/avr8 gcc/native/3.4.1051/avr8-gnu-toolchain/bin/../lib/gcc/avr/4.8.1/../../../../avr/lib/avrxmega2\libm.a(fixsfsi.o) (__fixunssfsi)
c:/program files (x86)/atmel/atmel toolchain/avr8 gcc/native/3.4.1051/avr8-gnu-toolchain/bin/../lib/gcc/avr/4.8.1/../../../../avr/lib/avrxmega2\libm.a(floatsisf.o)
                              ArmControl.o (__floatsisf)
c:/program files (x86)/atmel/atmel toolchain/avr8 gcc/native/3.4.1051/avr8-gnu-toolchain/bin/../lib/gcc/avr/4.8.1/../../../../avr/lib/avrxmega2\libm.a(fp_inf.o)
                              c:/program files (x86)/atmel/atmel toolchain/avr8 gcc/native/3.4.1051/avr8-gnu-toolchain/bin/../lib/gcc/avr/4.8.1/../../../../avr/lib/avrxmega2\libm.a(addsf3x.o) (__fp_inf)
c:/program files (x86)/atmel/atmel toolchain/avr8 gcc/native/3.4.1051/avr8-gnu-toolchain/bin/../lib/gcc/avr/4.8.1/../../../../avr/lib/avrxmega2\libm.a(fp_nan.o)
                              c:/program files (x86)/atmel/atmel toolchain/avr8 gcc/native/3.4.1051/avr8-gnu-toolchain/bin/../lib/gcc/avr/4.8.1/../../../../avr/lib/avrxmega2\libm.a(addsf3x.o) (__fp_nan)
c:/program files (x86)/atmel/atmel toolchain/avr8 gcc/native/3.4.1051/avr8-gnu-toolchain/bin/../lib/gcc/avr/4.8.1/../../../../avr/lib/avrxmega2\libm.a(fp_pscA.o)
                              c:/program files (x86)/atmel/atmel toolchain/avr8 gcc/native/3.4.1051/avr8-gnu-toolchain/bin/../lib/gcc/avr/4.8.1/../../../../avr/lib/avrxmega2\libm.a(addsf3x.o) (__fp_pscA)
c:/program files (x86)/atmel/atmel toolchain/avr8 gcc/native/3.4.1051/avr8-gnu-toolchain/bin/../lib/gcc/avr/4.8.1/../../../../avr/lib/avrxmega2\libm.a(fp_pscB.o)
                              c:/program files (x86)/atmel/atmel toolchain/avr8 gcc/native/3.4.1051/avr8-gnu-toolchain/bin/../lib/gcc/avr/4.8.1/../../../../avr/lib/avrxmega2\libm.a(addsf3x.o) (__fp_pscB)
c:/program files (x86)/atmel/atmel toolchain/avr8 gcc/native/3.4.1051/avr8-gnu-toolchain/bin/../lib/gcc/avr/4.8.1/../../../../avr/lib/avrxmega2\libm.a(fp_round.o)
                              c:/program files (x86)/atmel/atmel toolchain/avr8 gcc/native/3.4.1051/avr8-gnu-toolchain/bin/../lib/gcc/avr/4.8.1/../../../../avr/lib/avrxmega2\libm.a(addsf3.o) (__fp_round)
c:/program files (x86)/atmel/atmel toolchain/avr8 gcc/native/3.4.1051/avr8-gnu-toolchain/bin/../lib/gcc/avr/4.8.1/../../../../avr/lib/avrxmega2\libm.a(fp_split3.o)
                              c:/program files (x86)/atmel/atmel toolchain/avr8 gcc/native/3.4.1051/avr8-gnu-toolchain/bin/../lib/gcc/avr/4.8.1/../../../../avr/lib/avrxmega2\libm.a(addsf3x.o) (__fp_split3)
c:/program files (x86)/atmel/atmel toolchain/avr8 gcc/native/3.4.1051/avr8-gnu-toolchain/bin/../lib/gcc/avr/4.8.1/../../../../avr/lib/avrxmega2\libm.a(fp_zero.o)
                              c:/program files (x86)/atmel/atmel toolchain/avr8 gcc/native/3.4.1051/avr8-gnu-toolchain/bin/../lib/gcc/avr/4.8.1/../../../../avr/lib/avrxmega2\libm.a(addsf3x.o) (__fp_zero)
c:/program files (x86)/atmel/atmel toolchain/avr8 gcc/native/3.4.1051/avr8-gnu-toolchain/bin/../lib/gcc/avr/4.8.1/../../../../avr/lib/avrxmega2\libm.a(gesf2.o)
                              ArmControl.o (__gtsf2)
c:/program files (x86)/atmel/atmel toolchain/avr8 gcc/native/3.4.1051/avr8-gnu-toolchain/bin/../lib/gcc/avr/4.8.1/../../../../avr/lib/avrxmega2\libm.a(mulsf3.o)
                              ArmControl.o (__mulsf3)
c:/program files (x86)/atmel/atmel toolchain/avr8 gcc/native/3.4.1051/avr8-gnu-toolchain/bin/../lib/gcc/avr/4.8.1/../../../../avr/lib/avrxmega2\libm.a(mulsf3x.o)
                              c:/program files (x86)/atmel/atmel toolchain/avr8 gcc/native/3.4.1051/avr8-gnu-toolchain/bin/../lib/gcc/avr/4.8.1/../../../../avr/lib/avrxmega2\libm.a(mulsf3.o) (__mulsf3x)
c:/program files (x86)/atmel/atmel toolchain/avr8 gcc/native/3.4.1051/avr8-gnu-toolchain/bin/../lib/gcc/avr/4.8.1/../../../../avr/lib/avrxmega2\libm.a(fp_cmp.o)
                              c:/program files (x86)/atmel/atmel toolchain/avr8 gcc/native/3.4.1051/avr8-gnu-toolchain/bin/../lib/gcc/avr/4.8.1/../../../../avr/lib/avrxmega2\libm.a(gesf2.o) (__fp_cmp)
c:/program files (x86)/atmel/atmel toolchain/avr8 gcc/native/3.4.1051/avr8-gnu-toolchain/bin/../lib/gcc/avr/4.8.1/avrxmega2\libgcc.a(_divmodhi4.o)
                              ArmControl.o (__divmodhi4)
c:/program files (x86)/atmel/atmel toolchain/avr8 gcc/native/3.4.1051/avr8-gnu-toolchain/bin/../lib/gcc/avr/4.8.1/avrxmega2\libgcc.a(_exit.o)
                              c:/program files (x86)/atmel/atmel toolchain/avr8 gcc/native/3.4.1051/avr8-gnu-toolchain/bin/../lib/gcc/avr/4.8.1/../../../../avr/lib/avrxmega2/crtx32d4.o (exit)
c:/program files (x86)/atmel/atmel toolchain/avr8 gcc/native/3.4.1051/avr8-gnu-toolchain/bin/../lib/gcc/avr/4.8.1/avrxmega2\libgcc.a(_copy_data.o)
                              ArmControl.o (__do_copy_data)
c:/program files (x86)/atmel/atmel toolchain/avr8 gcc/native/3.4.1051/avr8-gnu-toolchain/bin/../lib/gcc/avr/4.8.1/avrxmega2\libgcc.a(_clear_bss.o)
                              ArmControl.o (__do_clear_bss)
c:/program files (x86)/atmel/atmel toolchain/avr8 gcc/native/3.4.1051/avr8-gnu-toolchain/bin/../lib/gcc/avr/4.8.1/avrxmega2\libgcc.a(_ctors.o)
                              ArmControl.o (__do_global_ctors)
c:/program files (x86)/atmel/atmel toolchain/avr8 gcc/native/3.4.1051/avr8-gnu-toolchain/bin/../lib/gcc/avr/4.8.1/avrxmega2\libgcc.a(_dtors.o)
                              ArmControl.o (__do_global_dtors)
c:/program files (x86)/atmel/atmel toolchain/avr8 gcc/native/3.4.1051/avr8-gnu-toolchain/bin/../lib/gcc/avr/4.8.1/avrxmega2\libgcc.a(_udivmodhi4.o)
                              c:/program files (x86)/atmel/atmel toolchain/avr8 gcc/native/3.4.1051/avr8-gnu-toolchain/bin/../lib/gcc/avr/4.8.1/avrxmega2\libgcc.a(_divmodhi4.o) (__udivmodhi4)
c:/program files (x86)/atmel/atmel toolchain/avr8 gcc/native/3.4.1051/avr8-gnu-toolchain/bin/../lib/gcc/avr/4.8.1/avrxmega2\libgcc.a(_tablejump.o)
                              c:/program files (x86)/atmel/atmel toolchain/avr8 gcc/native/3.4.1051/avr8-gnu-toolchain/bin/../lib/gcc/avr/4.8.1/avrxmega2\libgcc.a(_ctors.o) (__tablejump__)

Discarded input sections

 .bss           0x00000000        0x0 c:/program files (x86)/atmel/atmel toolchain/avr8 gcc/native/3.4.1051/avr8-gnu-toolchain/bin/../lib/gcc/avr/4.8.1/../../../../avr/lib/avrxmega2/crtx32d4.o
 .text          0x00000000        0x0 adc.o
 .bss           0x00000000        0x0 adc.o
 .text          0x00000000        0x0 ArmControl.o
 .bss           0x00000000        0x0 ArmControl.o
 .text.abs      0x00000000       0x30 ArmControl.o
 .bss.v         0x00000000        0x2 ArmControl.o
 .bss.swap      0x00000000        0x2 ArmControl.o
 .text          0x00000000        0x0 motorInfo.o
 .bss           0x00000000        0x0 motorInfo.o
 .text          0x00000000        0x0 rotateStepper.o
 .bss           0x00000000        0x0 rotateStepper.o
 .text          0x00000000        0x0 Sabertooth.o
 .bss           0x00000000        0x0 Sabertooth.o
 .text._ZN10Sabertooth13SaberChecksumEhh
                0x00000000        0x8 Sabertooth.o
 .text._ZN10Sabertooth9DriveTestEv
                0x00000000       0xc6 Sabertooth.o
 .text          0x00000000        0x0 stepperInfo.o
 .bss           0x00000000        0x0 stepperInfo.o
 .text          0x00000000        0x0 usart_driver.o
 .bss           0x00000000        0x0 usart_driver.o
 .text.USART_InterruptDriver_DreInterruptLevel_Set
                0x00000000        0x6 usart_driver.o
 .text.USART_TXBuffer_FreeSpace
                0x00000000       0x14 usart_driver.o
 .text.USART_TXBuffer_PutByte
                0x00000000       0x38 usart_driver.o
 .text.USART_NineBits_PutChar
                0x00000000       0x18 usart_driver.o
 .text.USART_NineBits_GetChar
                0x00000000       0x18 usart_driver.o
 .text          0x00000000        0x0 c:/program files (x86)/atmel/atmel toolchain/avr8 gcc/native/3.4.1051/avr8-gnu-toolchain/bin/../lib/gcc/avr/4.8.1/../../../../avr/lib/avrxmega2\libm.a(addsf3.o)
 .bss           0x00000000        0x0 c:/program files (x86)/atmel/atmel toolchain/avr8 gcc/native/3.4.1051/avr8-gnu-toolchain/bin/../lib/gcc/avr/4.8.1/../../../../avr/lib/avrxmega2\libm.a(addsf3.o)
 .text          0x00000000        0x0 c:/program files (x86)/atmel/atmel toolchain/avr8 gcc/native/3.4.1051/avr8-gnu-toolchain/bin/../lib/gcc/avr/4.8.1/../../../../avr/lib/avrxmega2\libm.a(addsf3x.o)
 .bss           0x00000000        0x0 c:/program files (x86)/atmel/atmel toolchain/avr8 gcc/native/3.4.1051/avr8-gnu-toolchain/bin/../lib/gcc/avr/4.8.1/../../../../avr/lib/avrxmega2\libm.a(addsf3x.o)
 .text          0x00000000        0x0 c:/program files (x86)/atmel/atmel toolchain/avr8 gcc/native/3.4.1051/avr8-gnu-toolchain/bin/../lib/gcc/avr/4.8.1/../../../../avr/lib/avrxmega2\libm.a(divsf3.o)
 .bss           0x00000000        0x0 c:/program files (x86)/atmel/atmel toolchain/avr8 gcc/native/3.4.1051/avr8-gnu-toolchain/bin/../lib/gcc/avr/4.8.1/../../../../avr/lib/avrxmega2\libm.a(divsf3.o)
 .text          0x00000000        0x0 c:/program files (x86)/atmel/atmel toolchain/avr8 gcc/native/3.4.1051/avr8-gnu-toolchain/bin/../lib/gcc/avr/4.8.1/../../../../avr/lib/avrxmega2\libm.a(divsf3x.o)
 .bss           0x00000000        0x0 c:/program files (x86)/atmel/atmel toolchain/avr8 gcc/native/3.4.1051/avr8-gnu-toolchain/bin/../lib/gcc/avr/4.8.1/../../../../avr/lib/avrxmega2\libm.a(divsf3x.o)
 .text          0x00000000        0x0 c:/program files (x86)/atmel/atmel toolchain/avr8 gcc/native/3.4.1051/avr8-gnu-toolchain/bin/../lib/gcc/avr/4.8.1/../../../../avr/lib/avrxmega2\libm.a(fixsfsi.o)
 .bss           0x00000000        0x0 c:/program files (x86)/atmel/atmel toolchain/avr8 gcc/native/3.4.1051/avr8-gnu-toolchain/bin/../lib/gcc/avr/4.8.1/../../../../avr/lib/avrxmega2\libm.a(fixsfsi.o)
 .text          0x00000000        0x0 c:/program files (x86)/atmel/atmel toolchain/avr8 gcc/native/3.4.1051/avr8-gnu-toolchain/bin/../lib/gcc/avr/4.8.1/../../../../avr/lib/avrxmega2\libm.a(fixunssfsi.o)
 .bss           0x00000000        0x0 c:/program files (x86)/atmel/atmel toolchain/avr8 gcc/native/3.4.1051/avr8-gnu-toolchain/bin/../lib/gcc/avr/4.8.1/../../../../avr/lib/avrxmega2\libm.a(fixunssfsi.o)
 .text          0x00000000        0x0 c:/program files (x86)/atmel/atmel toolchain/avr8 gcc/native/3.4.1051/avr8-gnu-toolchain/bin/../lib/gcc/avr/4.8.1/../../../../avr/lib/avrxmega2\libm.a(floatsisf.o)
 .bss           0x00000000        0x0 c:/program files (x86)/atmel/atmel toolchain/avr8 gcc/native/3.4.1051/avr8-gnu-toolchain/bin/../lib/gcc/avr/4.8.1/../../../../avr/lib/avrxmega2\libm.a(floatsisf.o)
 .text          0x00000000        0x0 c:/program files (x86)/atmel/atmel toolchain/avr8 gcc/native/3.4.1051/avr8-gnu-toolchain/bin/../lib/gcc/avr/4.8.1/../../../../avr/lib/avrxmega2\libm.a(fp_inf.o)
 .bss           0x00000000        0x0 c:/program files (x86)/atmel/atmel toolchain/avr8 gcc/native/3.4.1051/avr8-gnu-toolchain/bin/../lib/gcc/avr/4.8.1/../../../../avr/lib/avrxmega2\libm.a(fp_inf.o)
 .text          0x00000000        0x0 c:/program files (x86)/atmel/atmel toolchain/avr8 gcc/native/3.4.1051/avr8-gnu-toolchain/bin/../lib/gcc/avr/4.8.1/../../../../avr/lib/avrxmega2\libm.a(fp_nan.o)
 .bss           0x00000000        0x0 c:/program files (x86)/atmel/atmel toolchain/avr8 gcc/native/3.4.1051/avr8-gnu-toolchain/bin/../lib/gcc/avr/4.8.1/../../../../avr/lib/avrxmega2\libm.a(fp_nan.o)
 .text          0x00000000        0x0 c:/program files (x86)/atmel/atmel toolchain/avr8 gcc/native/3.4.1051/avr8-gnu-toolchain/bin/../lib/gcc/avr/4.8.1/../../../../avr/lib/avrxmega2\libm.a(fp_pscA.o)
 .bss           0x00000000        0x0 c:/program files (x86)/atmel/atmel toolchain/avr8 gcc/native/3.4.1051/avr8-gnu-toolchain/bin/../lib/gcc/avr/4.8.1/../../../../avr/lib/avrxmega2\libm.a(fp_pscA.o)
 .text          0x00000000        0x0 c:/program files (x86)/atmel/atmel toolchain/avr8 gcc/native/3.4.1051/avr8-gnu-toolchain/bin/../lib/gcc/avr/4.8.1/../../../../avr/lib/avrxmega2\libm.a(fp_pscB.o)
 .bss           0x00000000        0x0 c:/program files (x86)/atmel/atmel toolchain/avr8 gcc/native/3.4.1051/avr8-gnu-toolchain/bin/../lib/gcc/avr/4.8.1/../../../../avr/lib/avrxmega2\libm.a(fp_pscB.o)
 .text          0x00000000        0x0 c:/program files (x86)/atmel/atmel toolchain/avr8 gcc/native/3.4.1051/avr8-gnu-toolchain/bin/../lib/gcc/avr/4.8.1/../../../../avr/lib/avrxmega2\libm.a(fp_round.o)
 .bss           0x00000000        0x0 c:/program files (x86)/atmel/atmel toolchain/avr8 gcc/native/3.4.1051/avr8-gnu-toolchain/bin/../lib/gcc/avr/4.8.1/../../../../avr/lib/avrxmega2\libm.a(fp_round.o)
 .text          0x00000000        0x0 c:/program files (x86)/atmel/atmel toolchain/avr8 gcc/native/3.4.1051/avr8-gnu-toolchain/bin/../lib/gcc/avr/4.8.1/../../../../avr/lib/avrxmega2\libm.a(fp_split3.o)
 .bss           0x00000000        0x0 c:/program files (x86)/atmel/atmel toolchain/avr8 gcc/native/3.4.1051/avr8-gnu-toolchain/bin/../lib/gcc/avr/4.8.1/../../../../avr/lib/avrxmega2\libm.a(fp_split3.o)
 .text          0x00000000        0x0 c:/program files (x86)/atmel/atmel toolchain/avr8 gcc/native/3.4.1051/avr8-gnu-toolchain/bin/../lib/gcc/avr/4.8.1/../../../../avr/lib/avrxmega2\libm.a(fp_zero.o)
 .bss           0x00000000        0x0 c:/program files (x86)/atmel/atmel toolchain/avr8 gcc/native/3.4.1051/avr8-gnu-toolchain/bin/../lib/gcc/avr/4.8.1/../../../../avr/lib/avrxmega2\libm.a(fp_zero.o)
 .text          0x00000000        0x0 c:/program files (x86)/atmel/atmel toolchain/avr8 gcc/native/3.4.1051/avr8-gnu-toolchain/bin/../lib/gcc/avr/4.8.1/../../../../avr/lib/avrxmega2\libm.a(gesf2.o)
 .bss           0x00000000        0x0 c:/program files (x86)/atmel/atmel toolchain/avr8 gcc/native/3.4.1051/avr8-gnu-toolchain/bin/../lib/gcc/avr/4.8.1/../../../../avr/lib/avrxmega2\libm.a(gesf2.o)
 .text          0x00000000        0x0 c:/program files (x86)/atmel/atmel toolchain/avr8 gcc/native/3.4.1051/avr8-gnu-toolchain/bin/../lib/gcc/avr/4.8.1/../../../../avr/lib/avrxmega2\libm.a(mulsf3.o)
 .bss           0x00000000        0x0 c:/program files (x86)/atmel/atmel toolchain/avr8 gcc/native/3.4.1051/avr8-gnu-toolchain/bin/../lib/gcc/avr/4.8.1/../../../../avr/lib/avrxmega2\libm.a(mulsf3.o)
 .text          0x00000000        0x0 c:/program files (x86)/atmel/atmel toolchain/avr8 gcc/native/3.4.1051/avr8-gnu-toolchain/bin/../lib/gcc/avr/4.8.1/../../../../avr/lib/avrxmega2\libm.a(mulsf3x.o)
 .bss           0x00000000        0x0 c:/program files (x86)/atmel/atmel toolchain/avr8 gcc/native/3.4.1051/avr8-gnu-toolchain/bin/../lib/gcc/avr/4.8.1/../../../../avr/lib/avrxmega2\libm.a(mulsf3x.o)
 .text          0x00000000        0x0 c:/program files (x86)/atmel/atmel toolchain/avr8 gcc/native/3.4.1051/avr8-gnu-toolchain/bin/../lib/gcc/avr/4.8.1/../../../../avr/lib/avrxmega2\libm.a(fp_cmp.o)
 .bss           0x00000000        0x0 c:/program files (x86)/atmel/atmel toolchain/avr8 gcc/native/3.4.1051/avr8-gnu-toolchain/bin/../lib/gcc/avr/4.8.1/../../../../avr/lib/avrxmega2\libm.a(fp_cmp.o)
 .text          0x00000000        0x0 c:/program files (x86)/atmel/atmel toolchain/avr8 gcc/native/3.4.1051/avr8-gnu-toolchain/bin/../lib/gcc/avr/4.8.1/avrxmega2\libgcc.a(_divmodhi4.o)
 .bss           0x00000000        0x0 c:/program files (x86)/atmel/atmel toolchain/avr8 gcc/native/3.4.1051/avr8-gnu-toolchain/bin/../lib/gcc/avr/4.8.1/avrxmega2\libgcc.a(_divmodhi4.o)
 .text.libgcc.mul
                0x00000000        0x0 c:/program files (x86)/atmel/atmel toolchain/avr8 gcc/native/3.4.1051/avr8-gnu-toolchain/bin/../lib/gcc/avr/4.8.1/avrxmega2\libgcc.a(_divmodhi4.o)
 .text.libgcc   0x00000000        0x0 c:/program files (x86)/atmel/atmel toolchain/avr8 gcc/native/3.4.1051/avr8-gnu-toolchain/bin/../lib/gcc/avr/4.8.1/avrxmega2\libgcc.a(_divmodhi4.o)
 .text.libgcc.prologue
                0x00000000        0x0 c:/program files (x86)/atmel/atmel toolchain/avr8 gcc/native/3.4.1051/avr8-gnu-toolchain/bin/../lib/gcc/avr/4.8.1/avrxmega2\libgcc.a(_divmodhi4.o)
 .text.libgcc.builtins
                0x00000000        0x0 c:/program files (x86)/atmel/atmel toolchain/avr8 gcc/native/3.4.1051/avr8-gnu-toolchain/bin/../lib/gcc/avr/4.8.1/avrxmega2\libgcc.a(_divmodhi4.o)
 .text.libgcc.fmul
                0x00000000        0x0 c:/program files (x86)/atmel/atmel toolchain/avr8 gcc/native/3.4.1051/avr8-gnu-toolchain/bin/../lib/gcc/avr/4.8.1/avrxmega2\libgcc.a(_divmodhi4.o)
 .text.libgcc.fixed
                0x00000000        0x0 c:/program files (x86)/atmel/atmel toolchain/avr8 gcc/native/3.4.1051/avr8-gnu-toolchain/bin/../lib/gcc/avr/4.8.1/avrxmega2\libgcc.a(_divmodhi4.o)
 .text          0x00000000        0x0 c:/program files (x86)/atmel/atmel toolchain/avr8 gcc/native/3.4.1051/avr8-gnu-toolchain/bin/../lib/gcc/avr/4.8.1/avrxmega2\libgcc.a(_exit.o)
 .bss           0x00000000        0x0 c:/program files (x86)/atmel/atmel toolchain/avr8 gcc/native/3.4.1051/avr8-gnu-toolchain/bin/../lib/gcc/avr/4.8.1/avrxmega2\libgcc.a(_exit.o)
 .text.libgcc.mul
                0x00000000        0x0 c:/program files (x86)/atmel/atmel toolchain/avr8 gcc/native/3.4.1051/avr8-gnu-toolchain/bin/../lib/gcc/avr/4.8.1/avrxmega2\libgcc.a(_exit.o)
 .text.libgcc.div
                0x00000000        0x0 c:/program files (x86)/atmel/atmel toolchain/avr8 gcc/native/3.4.1051/avr8-gnu-toolchain/bin/../lib/gcc/avr/4.8.1/avrxmega2\libgcc.a(_exit.o)
 .text.libgcc   0x00000000        0x0 c:/program files (x86)/atmel/atmel toolchain/avr8 gcc/native/3.4.1051/avr8-gnu-toolchain/bin/../lib/gcc/avr/4.8.1/avrxmega2\libgcc.a(_exit.o)
 .text.libgcc.prologue
                0x00000000        0x0 c:/program files (x86)/atmel/atmel toolchain/avr8 gcc/native/3.4.1051/avr8-gnu-toolchain/bin/../lib/gcc/avr/4.8.1/avrxmega2\libgcc.a(_exit.o)
 .text.libgcc.builtins
                0x00000000        0x0 c:/program files (x86)/atmel/atmel toolchain/avr8 gcc/native/3.4.1051/avr8-gnu-toolchain/bin/../lib/gcc/avr/4.8.1/avrxmega2\libgcc.a(_exit.o)
 .text.libgcc.fmul
                0x00000000        0x0 c:/program files (x86)/atmel/atmel toolchain/avr8 gcc/native/3.4.1051/avr8-gnu-toolchain/bin/../lib/gcc/avr/4.8.1/avrxmega2\libgcc.a(_exit.o)
 .text.libgcc.fixed
                0x00000000        0x0 c:/program files (x86)/atmel/atmel toolchain/avr8 gcc/native/3.4.1051/avr8-gnu-toolchain/bin/../lib/gcc/avr/4.8.1/avrxmega2\libgcc.a(_exit.o)
 .text          0x00000000        0x0 c:/program files (x86)/atmel/atmel toolchain/avr8 gcc/native/3.4.1051/avr8-gnu-toolchain/bin/../lib/gcc/avr/4.8.1/avrxmega2\libgcc.a(_copy_data.o)
 .bss           0x00000000        0x0 c:/program files (x86)/atmel/atmel toolchain/avr8 gcc/native/3.4.1051/avr8-gnu-toolchain/bin/../lib/gcc/avr/4.8.1/avrxmega2\libgcc.a(_copy_data.o)
 .text.libgcc.mul
                0x00000000        0x0 c:/program files (x86)/atmel/atmel toolchain/avr8 gcc/native/3.4.1051/avr8-gnu-toolchain/bin/../lib/gcc/avr/4.8.1/avrxmega2\libgcc.a(_copy_data.o)
 .text.libgcc.div
                0x00000000        0x0 c:/program files (x86)/atmel/atmel toolchain/avr8 gcc/native/3.4.1051/avr8-gnu-toolchain/bin/../lib/gcc/avr/4.8.1/avrxmega2\libgcc.a(_copy_data.o)
 .text.libgcc   0x00000000        0x0 c:/program files (x86)/atmel/atmel toolchain/avr8 gcc/native/3.4.1051/avr8-gnu-toolchain/bin/../lib/gcc/avr/4.8.1/avrxmega2\libgcc.a(_copy_data.o)
 .text.libgcc.prologue
                0x00000000        0x0 c:/program files (x86)/atmel/atmel toolchain/avr8 gcc/native/3.4.1051/avr8-gnu-toolchain/bin/../lib/gcc/avr/4.8.1/avrxmega2\libgcc.a(_copy_data.o)
 .text.libgcc.builtins
                0x00000000        0x0 c:/program files (x86)/atmel/atmel toolchain/avr8 gcc/native/3.4.1051/avr8-gnu-toolchain/bin/../lib/gcc/avr/4.8.1/avrxmega2\libgcc.a(_copy_data.o)
 .text.libgcc.fmul
                0x00000000        0x0 c:/program files (x86)/atmel/atmel toolchain/avr8 gcc/native/3.4.1051/avr8-gnu-toolchain/bin/../lib/gcc/avr/4.8.1/avrxmega2\libgcc.a(_copy_data.o)
 .text.libgcc.fixed
                0x00000000        0x0 c:/program files (x86)/atmel/atmel toolchain/avr8 gcc/native/3.4.1051/avr8-gnu-toolchain/bin/../lib/gcc/avr/4.8.1/avrxmega2\libgcc.a(_copy_data.o)
 .text          0x00000000        0x0 c:/program files (x86)/atmel/atmel toolchain/avr8 gcc/native/3.4.1051/avr8-gnu-toolchain/bin/../lib/gcc/avr/4.8.1/avrxmega2\libgcc.a(_clear_bss.o)
 .bss           0x00000000        0x0 c:/program files (x86)/atmel/atmel toolchain/avr8 gcc/native/3.4.1051/avr8-gnu-toolchain/bin/../lib/gcc/avr/4.8.1/avrxmega2\libgcc.a(_clear_bss.o)
 .text.libgcc.mul
                0x00000000        0x0 c:/program files (x86)/atmel/atmel toolchain/avr8 gcc/native/3.4.1051/avr8-gnu-toolchain/bin/../lib/gcc/avr/4.8.1/avrxmega2\libgcc.a(_clear_bss.o)
 .text.libgcc.div
                0x00000000        0x0 c:/program files (x86)/atmel/atmel toolchain/avr8 gcc/native/3.4.1051/avr8-gnu-toolchain/bin/../lib/gcc/avr/4.8.1/avrxmega2\libgcc.a(_clear_bss.o)
 .text.libgcc   0x00000000        0x0 c:/program files (x86)/atmel/atmel toolchain/avr8 gcc/native/3.4.1051/avr8-gnu-toolchain/bin/../lib/gcc/avr/4.8.1/avrxmega2\libgcc.a(_clear_bss.o)
 .text.libgcc.prologue
                0x00000000        0x0 c:/program files (x86)/atmel/atmel toolchain/avr8 gcc/native/3.4.1051/avr8-gnu-toolchain/bin/../lib/gcc/avr/4.8.1/avrxmega2\libgcc.a(_clear_bss.o)
 .text.libgcc.builtins
                0x00000000        0x0 c:/program files (x86)/atmel/atmel toolchain/avr8 gcc/native/3.4.1051/avr8-gnu-toolchain/bin/../lib/gcc/avr/4.8.1/avrxmega2\libgcc.a(_clear_bss.o)
 .text.libgcc.fmul
                0x00000000        0x0 c:/program files (x86)/atmel/atmel toolchain/avr8 gcc/native/3.4.1051/avr8-gnu-toolchain/bin/../lib/gcc/avr/4.8.1/avrxmega2\libgcc.a(_clear_bss.o)
 .text.libgcc.fixed
                0x00000000        0x0 c:/program files (x86)/atmel/atmel toolchain/avr8 gcc/native/3.4.1051/avr8-gnu-toolchain/bin/../lib/gcc/avr/4.8.1/avrxmega2\libgcc.a(_clear_bss.o)
 .text          0x00000000        0x0 c:/program files (x86)/atmel/atmel toolchain/avr8 gcc/native/3.4.1051/avr8-gnu-toolchain/bin/../lib/gcc/avr/4.8.1/avrxmega2\libgcc.a(_ctors.o)
 .bss           0x00000000        0x0 c:/program files (x86)/atmel/atmel toolchain/avr8 gcc/native/3.4.1051/avr8-gnu-toolchain/bin/../lib/gcc/avr/4.8.1/avrxmega2\libgcc.a(_ctors.o)
 .text.libgcc.mul
                0x00000000        0x0 c:/program files (x86)/atmel/atmel toolchain/avr8 gcc/native/3.4.1051/avr8-gnu-toolchain/bin/../lib/gcc/avr/4.8.1/avrxmega2\libgcc.a(_ctors.o)
 .text.libgcc.div
                0x00000000        0x0 c:/program files (x86)/atmel/atmel toolchain/avr8 gcc/native/3.4.1051/avr8-gnu-toolchain/bin/../lib/gcc/avr/4.8.1/avrxmega2\libgcc.a(_ctors.o)
 .text.libgcc   0x00000000        0x0 c:/program files (x86)/atmel/atmel toolchain/avr8 gcc/native/3.4.1051/avr8-gnu-toolchain/bin/../lib/gcc/avr/4.8.1/avrxmega2\libgcc.a(_ctors.o)
 .text.libgcc.prologue
                0x00000000        0x0 c:/program files (x86)/atmel/atmel toolchain/avr8 gcc/native/3.4.1051/avr8-gnu-toolchain/bin/../lib/gcc/avr/4.8.1/avrxmega2\libgcc.a(_ctors.o)
 .text.libgcc.builtins
                0x00000000        0x0 c:/program files (x86)/atmel/atmel toolchain/avr8 gcc/native/3.4.1051/avr8-gnu-toolchain/bin/../lib/gcc/avr/4.8.1/avrxmega2\libgcc.a(_ctors.o)
 .text.libgcc.fmul
                0x00000000        0x0 c:/program files (x86)/atmel/atmel toolchain/avr8 gcc/native/3.4.1051/avr8-gnu-toolchain/bin/../lib/gcc/avr/4.8.1/avrxmega2\libgcc.a(_ctors.o)
 .text.libgcc.fixed
                0x00000000        0x0 c:/program files (x86)/atmel/atmel toolchain/avr8 gcc/native/3.4.1051/avr8-gnu-toolchain/bin/../lib/gcc/avr/4.8.1/avrxmega2\libgcc.a(_ctors.o)
 .text          0x00000000        0x0 c:/program files (x86)/atmel/atmel toolchain/avr8 gcc/native/3.4.1051/avr8-gnu-toolchain/bin/../lib/gcc/avr/4.8.1/avrxmega2\libgcc.a(_dtors.o)
 .bss           0x00000000        0x0 c:/program files (x86)/atmel/atmel toolchain/avr8 gcc/native/3.4.1051/avr8-gnu-toolchain/bin/../lib/gcc/avr/4.8.1/avrxmega2\libgcc.a(_dtors.o)
 .text.libgcc.mul
                0x00000000        0x0 c:/program files (x86)/atmel/atmel toolchain/avr8 gcc/native/3.4.1051/avr8-gnu-toolchain/bin/../lib/gcc/avr/4.8.1/avrxmega2\libgcc.a(_dtors.o)
 .text.libgcc.div
                0x00000000        0x0 c:/program files (x86)/atmel/atmel toolchain/avr8 gcc/native/3.4.1051/avr8-gnu-toolchain/bin/../lib/gcc/avr/4.8.1/avrxmega2\libgcc.a(_dtors.o)
 .text.libgcc   0x00000000        0x0 c:/program files (x86)/atmel/atmel toolchain/avr8 gcc/native/3.4.1051/avr8-gnu-toolchain/bin/../lib/gcc/avr/4.8.1/avrxmega2\libgcc.a(_dtors.o)
 .text.libgcc.prologue
                0x00000000        0x0 c:/program files (x86)/atmel/atmel toolchain/avr8 gcc/native/3.4.1051/avr8-gnu-toolchain/bin/../lib/gcc/avr/4.8.1/avrxmega2\libgcc.a(_dtors.o)
 .text.libgcc.builtins
                0x00000000        0x0 c:/program files (x86)/atmel/atmel toolchain/avr8 gcc/native/3.4.1051/avr8-gnu-toolchain/bin/../lib/gcc/avr/4.8.1/avrxmega2\libgcc.a(_dtors.o)
 .text.libgcc.fmul
                0x00000000        0x0 c:/program files (x86)/atmel/atmel toolchain/avr8 gcc/native/3.4.1051/avr8-gnu-toolchain/bin/../lib/gcc/avr/4.8.1/avrxmega2\libgcc.a(_dtors.o)
 .text.libgcc.fixed
                0x00000000        0x0 c:/program files (x86)/atmel/atmel toolchain/avr8 gcc/native/3.4.1051/avr8-gnu-toolchain/bin/../lib/gcc/avr/4.8.1/avrxmega2\libgcc.a(_dtors.o)
 .text          0x00000000        0x0 c:/program files (x86)/atmel/atmel toolchain/avr8 gcc/native/3.4.1051/avr8-gnu-toolchain/bin/../lib/gcc/avr/4.8.1/avrxmega2\libgcc.a(_udivmodhi4.o)
 .bss           0x00000000        0x0 c:/program files (x86)/atmel/atmel toolchain/avr8 gcc/native/3.4.1051/avr8-gnu-toolchain/bin/../lib/gcc/avr/4.8.1/avrxmega2\libgcc.a(_udivmodhi4.o)
 .text.libgcc.mul
                0x00000000        0x0 c:/program files (x86)/atmel/atmel toolchain/avr8 gcc/native/3.4.1051/avr8-gnu-toolchain/bin/../lib/gcc/avr/4.8.1/avrxmega2\libgcc.a(_udivmodhi4.o)
 .text.libgcc   0x00000000        0x0 c:/program files (x86)/atmel/atmel toolchain/avr8 gcc/native/3.4.1051/avr8-gnu-toolchain/bin/../lib/gcc/avr/4.8.1/avrxmega2\libgcc.a(_udivmodhi4.o)
 .text.libgcc.prologue
                0x00000000        0x0 c:/program files (x86)/atmel/atmel toolchain/avr8 gcc/native/3.4.1051/avr8-gnu-toolchain/bin/../lib/gcc/avr/4.8.1/avrxmega2\libgcc.a(_udivmodhi4.o)
 .text.libgcc.builtins
                0x00000000        0x0 c:/program files (x86)/atmel/atmel toolchain/avr8 gcc/native/3.4.1051/avr8-gnu-toolchain/bin/../lib/gcc/avr/4.8.1/avrxmega2\libgcc.a(_udivmodhi4.o)
 .text.libgcc.fmul
                0x00000000        0x0 c:/program files (x86)/atmel/atmel toolchain/avr8 gcc/native/3.4.1051/avr8-gnu-toolchain/bin/../lib/gcc/avr/4.8.1/avrxmega2\libgcc.a(_udivmodhi4.o)
 .text.libgcc.fixed
                0x00000000        0x0 c:/program files (x86)/atmel/atmel toolchain/avr8 gcc/native/3.4.1051/avr8-gnu-toolchain/bin/../lib/gcc/avr/4.8.1/avrxmega2\libgcc.a(_udivmodhi4.o)
 .text          0x00000000        0x0 c:/program files (x86)/atmel/atmel toolchain/avr8 gcc/native/3.4.1051/avr8-gnu-toolchain/bin/../lib/gcc/avr/4.8.1/avrxmega2\libgcc.a(_tablejump.o)
 .bss           0x00000000        0x0 c:/program files (x86)/atmel/atmel toolchain/avr8 gcc/native/3.4.1051/avr8-gnu-toolchain/bin/../lib/gcc/avr/4.8.1/avrxmega2\libgcc.a(_tablejump.o)
 .text.libgcc.mul
                0x00000000        0x0 c:/program files (x86)/atmel/atmel toolchain/avr8 gcc/native/3.4.1051/avr8-gnu-toolchain/bin/../lib/gcc/avr/4.8.1/avrxmega2\libgcc.a(_tablejump.o)
 .text.libgcc.div
                0x00000000        0x0 c:/program files (x86)/atmel/atmel toolchain/avr8 gcc/native/3.4.1051/avr8-gnu-toolchain/bin/../lib/gcc/avr/4.8.1/avrxmega2\libgcc.a(_tablejump.o)
 .text.libgcc.prologue
                0x00000000        0x0 c:/program files (x86)/atmel/atmel toolchain/avr8 gcc/native/3.4.1051/avr8-gnu-toolchain/bin/../lib/gcc/avr/4.8.1/avrxmega2\libgcc.a(_tablejump.o)
 .text.libgcc.builtins
                0x00000000        0x0 c:/program files (x86)/atmel/atmel toolchain/avr8 gcc/native/3.4.1051/avr8-gnu-toolchain/bin/../lib/gcc/avr/4.8.1/avrxmega2\libgcc.a(_tablejump.o)
 .text.libgcc.fmul
                0x00000000        0x0 c:/program files (x86)/atmel/atmel toolchain/avr8 gcc/native/3.4.1051/avr8-gnu-toolchain/bin/../lib/gcc/avr/4.8.1/avrxmega2\libgcc.a(_tablejump.o)
 .text.libgcc.fixed
                0x00000000        0x0 c:/program files (x86)/atmel/atmel toolchain/avr8 gcc/native/3.4.1051/avr8-gnu-toolchain/bin/../lib/gcc/avr/4.8.1/avrxmega2\libgcc.a(_tablejump.o)

Memory Configuration

Name             Origin             Length             Attributes
text             0x00000000         0x00100000         xr
data             0x00802000         0x0000ffa0         rw !x
eeprom           0x00810000         0x00010000         rw !x
fuse             0x00820000         0x00000400         rw !x
lock             0x00830000         0x00000400         rw !x
signature        0x00840000         0x00000400         rw !x
user_signatures  0x00850000         0x00000400         rw !x
*default*        0x00000000         0xffffffff

Linker script and memory map

LOAD c:/program files (x86)/atmel/atmel toolchain/avr8 gcc/native/3.4.1051/avr8-gnu-toolchain/bin/../lib/gcc/avr/4.8.1/../../../../avr/lib/avrxmega2/crtx32d4.o
LOAD adc.o
LOAD ArmControl.o
LOAD motorInfo.o
LOAD rotateStepper.o
LOAD Sabertooth.o
LOAD stepperInfo.o
LOAD usart_driver.o
START GROUP
LOAD c:/program files (x86)/atmel/atmel toolchain/avr8 gcc/native/3.4.1051/avr8-gnu-toolchain/bin/../lib/gcc/avr/4.8.1/../../../../avr/lib/avrxmega2\libm.a
END GROUP
LOAD c:/program files (x86)/atmel/atmel toolchain/avr8 gcc/native/3.4.1051/avr8-gnu-toolchain/bin/../lib/gcc/avr/4.8.1/avrxmega2\libgcc.a
LOAD c:/program files (x86)/atmel/atmel toolchain/avr8 gcc/native/3.4.1051/avr8-gnu-toolchain/bin/../lib/gcc/avr/4.8.1/../../../../avr/lib/avrxmega2\libm.a
START GROUP
LOAD c:/program files (x86)/atmel/atmel toolchain/avr8 gcc/native/3.4.1051/avr8-gnu-toolchain/bin/../lib/gcc/avr/4.8.1/avrxmega2\libgcc.a
LOAD c:/program files (x86)/atmel/atmel toolchain/avr8 gcc/native/3.4.1051/avr8-gnu-toolchain/bin/../lib/gcc/avr/4.8.1/../../../../avr/lib/avrxmega2\libm.a
LOAD c:/program files (x86)/atmel/atmel toolchain/avr8 gcc/native/3.4.1051/avr8-gnu-toolchain/bin/../lib/gcc/avr/4.8.1/../../../../avr/lib/avrxmega2\libc.a
END GROUP

.hash
 *(.hash)

.dynsym
 *(.dynsym)

.dynstr
 *(.dynstr)

.gnu.version
 *(.gnu.version)

.gnu.version_d
 *(.gnu.version_d)

.gnu.version_r
 *(.gnu.version_r)

.rel.init
 *(.rel.init)

.rela.init
 *(.rela.init)

.rel.text
 *(.rel.text)
 *(.rel.text.*)
 *(.rel.gnu.linkonce.t*)

.rela.text
 *(.rela.text)
 *(.rela.text.*)
 *(.rela.gnu.linkonce.t*)

.rel.fini
 *(.rel.fini)

.rela.fini
 *(.rela.fini)

.rel.rodata
 *(.rel.rodata)
 *(.rel.rodata.*)
 *(.rel.gnu.linkonce.r*)

.rela.rodata
 *(.rela.rodata)
 *(.rela.rodata.*)
 *(.rela.gnu.linkonce.r*)

.rel.data
 *(.rel.data)
 *(.rel.data.*)
 *(.rel.gnu.linkonce.d*)

.rela.data
 *(.rela.data)
 *(.rela.data.*)
 *(.rela.gnu.linkonce.d*)

.rel.ctors
 *(.rel.ctors)

.rela.ctors
 *(.rela.ctors)

.rel.dtors
 *(.rel.dtors)

.rela.dtors
 *(.rela.dtors)

.rel.got
 *(.rel.got)

.rela.got
 *(.rela.got)

.rel.bss
 *(.rel.bss)

.rela.bss
 *(.rela.bss)

.rel.plt
 *(.rel.plt)

.rela.plt
 *(.rela.plt)

.text           0x00000000     0x162a
 *(.vectors)
 .vectors       0x00000000      0x16c c:/program files (x86)/atmel/atmel toolchain/avr8 gcc/native/3.4.1051/avr8-gnu-toolchain/bin/../lib/gcc/avr/4.8.1/../../../../avr/lib/avrxmega2/crtx32d4.o
                0x00000000                __vector_default
                0x00000000                __vectors
 *(.vectors)
 *(.progmem.gcc*)
                0x0000016c                . = ALIGN (0x2)
                0x0000016c                __trampolines_start = .
 *(.trampolines)
 .trampolines   0x0000016c        0x0 linker stubs
 *(.trampolines*)
                0x0000016c                __trampolines_end = .
 *(.progmem*)
                0x0000016c                . = ALIGN (0x2)
 *(.jumptables)
 *(.jumptables*)
 *(.lowtext)
 *(.lowtext*)
                0x0000016c                __ctors_start = .
 *(.ctors)
 .ctors         0x0000016c        0x2 ArmControl.o
                0x0000016e                __ctors_end = .
                0x0000016e                __dtors_start = .
 *(.dtors)
 .dtors         0x0000016e        0x2 ArmControl.o
                0x00000170                __dtors_end = .
 SORT(*)(.ctors)
 SORT(*)(.dtors)
 *(.init0)
 .init0         0x00000170        0x0 c:/program files (x86)/atmel/atmel toolchain/avr8 gcc/native/3.4.1051/avr8-gnu-toolchain/bin/../lib/gcc/avr/4.8.1/../../../../avr/lib/avrxmega2/crtx32d4.o
                0x00000170                __init
 *(.init0)
 *(.init1)
 *(.init1)
 *(.init2)
 .init2         0x00000170        0xc c:/program files (x86)/atmel/atmel toolchain/avr8 gcc/native/3.4.1051/avr8-gnu-toolchain/bin/../lib/gcc/avr/4.8.1/../../../../avr/lib/avrxmega2/crtx32d4.o
 *(.init2)
 *(.init3)
 *(.init3)
 *(.init4)
 .init4         0x0000017c       0x16 c:/program files (x86)/atmel/atmel toolchain/avr8 gcc/native/3.4.1051/avr8-gnu-toolchain/bin/../lib/gcc/avr/4.8.1/avrxmega2\libgcc.a(_copy_data.o)
                0x0000017c                __do_copy_data
 .init4         0x00000192       0x10 c:/program files (x86)/atmel/atmel toolchain/avr8 gcc/native/3.4.1051/avr8-gnu-toolchain/bin/../lib/gcc/avr/4.8.1/avrxmega2\libgcc.a(_clear_bss.o)
                0x00000192                __do_clear_bss
 *(.init4)
 *(.init5)
 *(.init5)
 *(.init6)
 .init6         0x000001a2       0x16 c:/program files (x86)/atmel/atmel toolchain/avr8 gcc/native/3.4.1051/avr8-gnu-toolchain/bin/../lib/gcc/avr/4.8.1/avrxmega2\libgcc.a(_ctors.o)
                0x000001a2                __do_global_ctors
 *(.init6)
 *(.init7)
 *(.init7)
 *(.init8)
 *(.init8)
 *(.init9)
 .init9         0x000001b8        0x8 c:/program files (x86)/atmel/atmel toolchain/avr8 gcc/native/3.4.1051/avr8-gnu-toolchain/bin/../lib/gcc/avr/4.8.1/../../../../avr/lib/avrxmega2/crtx32d4.o
 *(.init9)
 *(.text)
 .text          0x000001c0        0x4 c:/program files (x86)/atmel/atmel toolchain/avr8 gcc/native/3.4.1051/avr8-gnu-toolchain/bin/../lib/gcc/avr/4.8.1/../../../../avr/lib/avrxmega2/crtx32d4.o
                0x000001c0                __vector_38
                0x000001c0                __vector_22
                0x000001c0                __vector_63
                0x000001c0                __vector_28
                0x000001c0                __vector_67
                0x000001c0                __vector_1
                0x000001c0                __vector_32
                0x000001c0                __vector_75
                0x000001c0                __vector_71
                0x000001c0                __vector_34
                0x000001c0                __vector_62
                0x000001c0                __vector_77
                0x000001c0                __vector_24
                0x000001c0                __vector_12
                0x000001c0                __vector_55
                0x000001c0                __vector_69
                0x000001c0                __vector_81
                0x000001c0                __vector_90
                0x000001c0                __vector_46
                0x000001c0                __bad_interrupt
                0x000001c0                __vector_72
                0x000001c0                __vector_6
                0x000001c0                __vector_31
                0x000001c0                __vector_35
                0x000001c0                __vector_78
                0x000001c0                __vector_74
                0x000001c0                __vector_39
                0x000001c0                __vector_3
                0x000001c0                __vector_23
                0x000001c0                __vector_68
                0x000001c0                __vector_30
                0x000001c0                __vector_73
                0x000001c0                __vector_45
                0x000001c0                __vector_61
                0x000001c0                __vector_11
                0x000001c0                __vector_54
                0x000001c0                __vector_13
                0x000001c0                __vector_17
                0x000001c0                __vector_19
                0x000001c0                __vector_56
                0x000001c0                __vector_7
                0x000001c0                __vector_49
                0x000001c0                __vector_41
                0x000001c0                __vector_86
                0x000001c0                __vector_64
                0x000001c0                __vector_88
                0x000001c0                __vector_43
                0x000001c0                __vector_27
                0x000001c0                __vector_5
                0x000001c0                __vector_33
                0x000001c0                __vector_76
                0x000001c0                __vector_47
                0x000001c0                __vector_52
                0x000001c0                __vector_37
                0x000001c0                __vector_89
                0x000001c0                __vector_4
                0x000001c0                __vector_44
                0x000001c0                __vector_82
                0x000001c0                __vector_51
                0x000001c0                __vector_9
                0x000001c0                __vector_2
                0x000001c0                __vector_21
                0x000001c0                __vector_15
                0x000001c0                __vector_66
                0x000001c0                __vector_36
                0x000001c0                __vector_79
                0x000001c0                __vector_58
                0x000001c0                __vector_70
                0x000001c0                __vector_83
                0x000001c0                __vector_29
                0x000001c0                __vector_60
                0x000001c0                __vector_40
                0x000001c0                __vector_85
                0x000001c0                __vector_8
                0x000001c0                __vector_48
                0x000001c0                __vector_80
                0x000001c0                __vector_14
                0x000001c0                __vector_84
                0x000001c0                __vector_57
                0x000001c0                __vector_53
                0x000001c0                __vector_10
                0x000001c0                __vector_50
                0x000001c0                __vector_16
                0x000001c0                __vector_59
                0x000001c0                __vector_18
                0x000001c0                __vector_20
                0x000001c0                __vector_42
                0x000001c0                __vector_87
                0x000001c0                __vector_65
                0x000001c4                . = ALIGN (0x2)
 *(.text.*)
 .text._Z17ReadSignatureBytej
                0x000001c4       0x10 adc.o
                0x000001c4                _Z17ReadSignatureBytej
 .text._Z7ReadADChh
                0x000001d4       0x90 adc.o
                0x000001d4                _Z7ReadADChh
 .text._Z17FlushSerialBufferP16Usart_and_buffer
                0x00000264       0x1e ArmControl.o
                0x00000264                _Z17FlushSerialBufferP16Usart_and_buffer
 .text.__vector_25
                0x00000282      0x12c ArmControl.o
                0x00000282                __vector_25
 .text.__vector_26
                0x000003ae       0x4c ArmControl.o
                0x000003ae                __vector_26
 .text._Z23SetXMEGA32MhzCalibratedv
                0x000003fa       0x46 ArmControl.o
                0x000003fa                _Z23SetXMEGA32MhzCalibratedv
 .text._Z12SetupPCCommsv
                0x00000440       0x56 ArmControl.o
                0x00000440                _Z12SetupPCCommsv
 .text._Z25DemInitThingsYouBeenDoingv
                0x00000496       0x76 ArmControl.o
                0x00000496                _Z25DemInitThingsYouBeenDoingv
 .text._Z12SendStringPCPc
                0x0000050c       0x20 ArmControl.o
                0x0000050c                _Z12SendStringPCPc
 .text._Z9smoothADCi
                0x0000052c       0x68 ArmControl.o
                0x0000052c                _Z9smoothADCi
 .text._Z16checkActPositionv
                0x00000594      0x1ae ArmControl.o
                0x00000594                _Z16checkActPositionv
 .text._Z13getMotorSpeedi
                0x00000742      0x206 ArmControl.o
                0x00000742                _Z13getMotorSpeedi
 .text._Z11getMotorDiri
                0x00000948       0x90 ArmControl.o
                0x00000948                _Z11getMotorDiri
 .text.main     0x000009d8      0x27c ArmControl.o
                0x000009d8                main
 .text._GLOBAL__sub_I_swap
                0x00000c54       0x22 ArmControl.o
 .text._GLOBAL__sub_D_swap
                0x00000c76       0x22 ArmControl.o
 .text._ZN9motorInfoC2Ev
                0x00000c98       0x3c motorInfo.o
                0x00000c98                _ZN9motorInfoC2Ev
                0x00000c98                _ZN9motorInfoC1Ev
 .text._ZN9motorInfoD2Ev
                0x00000cd4        0x2 motorInfo.o
                0x00000cd4                _ZN9motorInfoD2Ev
                0x00000cd4                _ZN9motorInfoD1Ev
 .text._ZN9motorInfo6enableEv
                0x00000cd6        0xc motorInfo.o
                0x00000cd6                _ZN9motorInfo6enableEv
 .text._ZN9motorInfo7disableEv
                0x00000ce2        0x8 motorInfo.o
                0x00000ce2                _ZN9motorInfo7disableEv
 .text._ZN9motorInfo10setDesiredEf
                0x00000cea        0xc motorInfo.o
                0x00000cea                _ZN9motorInfo10setDesiredEf
 .text._ZN13rotateStepperC2Ev
                0x00000cf6       0x28 rotateStepper.o
                0x00000cf6                _ZN13rotateStepperC1Ev
                0x00000cf6                _ZN13rotateStepperC2Ev
 .text._ZN13rotateStepperD2Ev
                0x00000d1e        0x2 rotateStepper.o
                0x00000d1e                _ZN13rotateStepperD1Ev
                0x00000d1e                _ZN13rotateStepperD2Ev
 .text._ZN13rotateStepper13calibrateBaseEv
                0x00000d20       0xc2 rotateStepper.o
                0x00000d20                _ZN13rotateStepper13calibrateBaseEv
 .text._ZN13rotateStepper8moveBaseEi
                0x00000de2       0x84 rotateStepper.o
                0x00000de2                _ZN13rotateStepper8moveBaseEi
 .text._ZN13rotateStepper10rotateBaseEi
                0x00000e66       0x50 rotateStepper.o
                0x00000e66                _ZN13rotateStepper10rotateBaseEi
 .text._ZN10Sabertooth12SendDriveCmdEcc
                0x00000eb6       0x40 Sabertooth.o
                0x00000eb6                _ZN10Sabertooth12SendDriveCmdEcc
 .text._ZN10Sabertooth11ParsePacketEhh
                0x00000ef6       0x72 Sabertooth.o
                0x00000ef6                _ZN10Sabertooth11ParsePacketEhh
 .text._ZN10Sabertooth7StopAllEv
                0x00000f68       0x1e Sabertooth.o
                0x00000f68                _ZN10Sabertooth7StopAllEv
 .text._ZN10SabertoothC2EP12USART_structP11PORT_struct
                0x00000f86       0x64 Sabertooth.o
                0x00000f86                _ZN10SabertoothC1EP12USART_structP11PORT_struct
                0x00000f86                _ZN10SabertoothC2EP12USART_structP11PORT_struct
 .text._ZN11stepperInfoC2Ev
                0x00000fea       0x18 stepperInfo.o
                0x00000fea                _ZN11stepperInfoC1Ev
                0x00000fea                _ZN11stepperInfoC2Ev
 .text._ZN11stepperInfoD2Ev
                0x00001002        0x2 stepperInfo.o
                0x00001002                _ZN11stepperInfoD1Ev
                0x00001002                _ZN11stepperInfoD2Ev
 .text._ZN11stepperInfo14processCommandEi
                0x00001004       0xde stepperInfo.o
                0x00001004                _ZN11stepperInfo14processCommandEi
 .text._ZN11stepperInfo6enableEv
                0x000010e2        0xc stepperInfo.o
                0x000010e2                _ZN11stepperInfo6enableEv
 .text.USART_InterruptDriver_Initialize
                0x000010ee       0x12 usart_driver.o
                0x000010ee                USART_InterruptDriver_Initialize
 .text.USART_RXBufferData_Available
                0x00001100       0x10 usart_driver.o
                0x00001100                USART_RXBufferData_Available
 .text.USART_RXBuffer_GetByte
                0x00001110       0x18 usart_driver.o
                0x00001110                USART_RXBuffer_GetByte
 .text.USART_RXComplete
                0x00001128       0x2a usart_driver.o
                0x00001128                USART_RXComplete
 .text.USART_DataRegEmpty
                0x00001152       0x34 usart_driver.o
                0x00001152                USART_DataRegEmpty
 .text.avr-libc.fplib
                0x00001186        0xa c:/program files (x86)/atmel/atmel toolchain/avr8 gcc/native/3.4.1051/avr8-gnu-toolchain/bin/../lib/gcc/avr/4.8.1/../../../../avr/lib/avrxmega2\libm.a(addsf3.o)
                0x00001186                __subsf3
                0x00001188                __addsf3
 .text.avr-libc.fplib
                0x00001190       0xc0 c:/program files (x86)/atmel/atmel toolchain/avr8 gcc/native/3.4.1051/avr8-gnu-toolchain/bin/../lib/gcc/avr/4.8.1/../../../../avr/lib/avrxmega2\libm.a(addsf3x.o)
                0x000011aa                __addsf3x
 .text.avr-libc.fplib
                0x00001250        0x4 c:/program files (x86)/atmel/atmel toolchain/avr8 gcc/native/3.4.1051/avr8-gnu-toolchain/bin/../lib/gcc/avr/4.8.1/../../../../avr/lib/avrxmega2\libm.a(divsf3.o)
                0x00001250                __divsf3
 .text.avr-libc.fplib
                0x00001254       0xcc c:/program files (x86)/atmel/atmel toolchain/avr8 gcc/native/3.4.1051/avr8-gnu-toolchain/bin/../lib/gcc/avr/4.8.1/../../../../avr/lib/avrxmega2\libm.a(divsf3x.o)
                0x0000126a                __divsf3x
                0x0000126e                __divsf3_pse
 .text.avr-libc.fplib
                0x00001320        0xa c:/program files (x86)/atmel/atmel toolchain/avr8 gcc/native/3.4.1051/avr8-gnu-toolchain/bin/../lib/gcc/avr/4.8.1/../../../../avr/lib/avrxmega2\libm.a(fixsfsi.o)
                0x00001320                __fixsfsi
 .text.avr-libc.fplib
                0x0000132a       0x58 c:/program files (x86)/atmel/atmel toolchain/avr8 gcc/native/3.4.1051/avr8-gnu-toolchain/bin/../lib/gcc/avr/4.8.1/../../../../avr/lib/avrxmega2\libm.a(fixunssfsi.o)
                0x0000132a                __fixunssfsi
 .text.avr-libc.fplib
                0x00001382       0x7a c:/program files (x86)/atmel/atmel toolchain/avr8 gcc/native/3.4.1051/avr8-gnu-toolchain/bin/../lib/gcc/avr/4.8.1/../../../../avr/lib/avrxmega2\libm.a(floatsisf.o)
                0x00001382                __floatunsisf
                0x00001386                __floatsisf
 .text.avr-libc.fplib
                0x000013fc        0xc c:/program files (x86)/atmel/atmel toolchain/avr8 gcc/native/3.4.1051/avr8-gnu-toolchain/bin/../lib/gcc/avr/4.8.1/../../../../avr/lib/avrxmega2\libm.a(fp_inf.o)
                0x000013fc                __fp_inf
 .text.avr-libc.fplib
                0x00001408        0x6 c:/program files (x86)/atmel/atmel toolchain/avr8 gcc/native/3.4.1051/avr8-gnu-toolchain/bin/../lib/gcc/avr/4.8.1/../../../../avr/lib/avrxmega2\libm.a(fp_nan.o)
                0x00001408                __fp_nan
 .text.avr-libc.fplib
                0x0000140e        0xe c:/program files (x86)/atmel/atmel toolchain/avr8 gcc/native/3.4.1051/avr8-gnu-toolchain/bin/../lib/gcc/avr/4.8.1/../../../../avr/lib/avrxmega2\libm.a(fp_pscA.o)
                0x0000140e                __fp_pscA
 .text.avr-libc.fplib
                0x0000141c        0xe c:/program files (x86)/atmel/atmel toolchain/avr8 gcc/native/3.4.1051/avr8-gnu-toolchain/bin/../lib/gcc/avr/4.8.1/../../../../avr/lib/avrxmega2\libm.a(fp_pscB.o)
                0x0000141c                __fp_pscB
 .text.avr-libc.fplib
                0x0000142a       0x22 c:/program files (x86)/atmel/atmel toolchain/avr8 gcc/native/3.4.1051/avr8-gnu-toolchain/bin/../lib/gcc/avr/4.8.1/../../../../avr/lib/avrxmega2\libm.a(fp_round.o)
                0x0000142a                __fp_round
 .text.avr-libc.fplib
                0x0000144c       0x44 c:/program files (x86)/atmel/atmel toolchain/avr8 gcc/native/3.4.1051/avr8-gnu-toolchain/bin/../lib/gcc/avr/4.8.1/../../../../avr/lib/avrxmega2\libm.a(fp_split3.o)
                0x0000144c                __fp_split3
                0x0000145c                __fp_splitA
 .text.avr-libc.fplib
                0x00001490        0xe c:/program files (x86)/atmel/atmel toolchain/avr8 gcc/native/3.4.1051/avr8-gnu-toolchain/bin/../lib/gcc/avr/4.8.1/../../../../avr/lib/avrxmega2\libm.a(fp_zero.o)
                0x00001490                __fp_zero
                0x00001492                __fp_szero
 .text.avr-libc.fplib
                0x0000149e        0x8 c:/program files (x86)/atmel/atmel toolchain/avr8 gcc/native/3.4.1051/avr8-gnu-toolchain/bin/../lib/gcc/avr/4.8.1/../../../../avr/lib/avrxmega2\libm.a(gesf2.o)
                0x0000149e                __gesf2
                0x0000149e                __gtsf2
 .text.avr-libc.fplib
                0x000014a6        0x4 c:/program files (x86)/atmel/atmel toolchain/avr8 gcc/native/3.4.1051/avr8-gnu-toolchain/bin/../lib/gcc/avr/4.8.1/../../../../avr/lib/avrxmega2\libm.a(mulsf3.o)
                0x000014a6                __mulsf3
 .text.avr-libc.fplib
                0x000014aa       0xc2 c:/program files (x86)/atmel/atmel toolchain/avr8 gcc/native/3.4.1051/avr8-gnu-toolchain/bin/../lib/gcc/avr/4.8.1/../../../../avr/lib/avrxmega2\libm.a(mulsf3x.o)
                0x000014be                __mulsf3x
                0x000014c2                __mulsf3_pse
 .text.avr-libc.fplib
                0x0000156c       0x48 c:/program files (x86)/atmel/atmel toolchain/avr8 gcc/native/3.4.1051/avr8-gnu-toolchain/bin/../lib/gcc/avr/4.8.1/../../../../avr/lib/avrxmega2\libm.a(fp_cmp.o)
                0x0000156c                __fp_cmp
 .text.libgcc.div
                0x000015b4       0x28 c:/program files (x86)/atmel/atmel toolchain/avr8 gcc/native/3.4.1051/avr8-gnu-toolchain/bin/../lib/gcc/avr/4.8.1/avrxmega2\libgcc.a(_divmodhi4.o)
                0x000015b4                _div
                0x000015b4                __divmodhi4
 .text.libgcc.div
                0x000015dc       0x28 c:/program files (x86)/atmel/atmel toolchain/avr8 gcc/native/3.4.1051/avr8-gnu-toolchain/bin/../lib/gcc/avr/4.8.1/avrxmega2\libgcc.a(_udivmodhi4.o)
                0x000015dc                __udivmodhi4
 .text.libgcc   0x00001604        0xc c:/program files (x86)/atmel/atmel toolchain/avr8 gcc/native/3.4.1051/avr8-gnu-toolchain/bin/../lib/gcc/avr/4.8.1/avrxmega2\libgcc.a(_tablejump.o)
                0x00001604                __tablejump2__
                0x00001608                __tablejump__
                0x00001610                . = ALIGN (0x2)
 *(.fini9)
 .fini9         0x00001610        0x0 c:/program files (x86)/atmel/atmel toolchain/avr8 gcc/native/3.4.1051/avr8-gnu-toolchain/bin/../lib/gcc/avr/4.8.1/avrxmega2\libgcc.a(_exit.o)
                0x00001610                _exit
                0x00001610                exit
 *(.fini9)
 *(.fini8)
 *(.fini8)
 *(.fini7)
 *(.fini7)
 *(.fini6)
 .fini6         0x00001610       0x16 c:/program files (x86)/atmel/atmel toolchain/avr8 gcc/native/3.4.1051/avr8-gnu-toolchain/bin/../lib/gcc/avr/4.8.1/avrxmega2\libgcc.a(_dtors.o)
                0x00001610                __do_global_dtors
 *(.fini6)
 *(.fini5)
 *(.fini5)
 *(.fini4)
 *(.fini4)
 *(.fini3)
 *(.fini3)
 *(.fini2)
 *(.fini2)
 *(.fini1)
 *(.fini1)
 *(.fini0)
 .fini0         0x00001626        0x4 c:/program files (x86)/atmel/atmel toolchain/avr8 gcc/native/3.4.1051/avr8-gnu-toolchain/bin/../lib/gcc/avr/4.8.1/avrxmega2\libgcc.a(_exit.o)
 *(.fini0)
                0x0000162a                _etext = .

.data           0x00802000       0x12 load address 0x0000162a
                0x00802000                PROVIDE (__data_start, .)
 *(.data)
 .data          0x00802000        0x0 c:/program files (x86)/atmel/atmel toolchain/avr8 gcc/native/3.4.1051/avr8-gnu-toolchain/bin/../lib/gcc/avr/4.8.1/../../../../avr/lib/avrxmega2/crtx32d4.o
 .data          0x00802000        0x0 adc.o
 .data          0x00802000        0x0 ArmControl.o
 .data          0x00802000        0x0 motorInfo.o
 .data          0x00802000        0x0 rotateStepper.o
 .data          0x00802000        0x0 Sabertooth.o
 .data          0x00802000        0x0 stepperInfo.o
 .data          0x00802000        0x0 usart_driver.o
 .data          0x00802000        0x0 c:/program files (x86)/atmel/atmel toolchain/avr8 gcc/native/3.4.1051/avr8-gnu-toolchain/bin/../lib/gcc/avr/4.8.1/../../../../avr/lib/avrxmega2\libm.a(addsf3.o)
 .data          0x00802000        0x0 c:/program files (x86)/atmel/atmel toolchain/avr8 gcc/native/3.4.1051/avr8-gnu-toolchain/bin/../lib/gcc/avr/4.8.1/../../../../avr/lib/avrxmega2\libm.a(addsf3x.o)
 .data          0x00802000        0x0 c:/program files (x86)/atmel/atmel toolchain/avr8 gcc/native/3.4.1051/avr8-gnu-toolchain/bin/../lib/gcc/avr/4.8.1/../../../../avr/lib/avrxmega2\libm.a(divsf3.o)
 .data          0x00802000        0x0 c:/program files (x86)/atmel/atmel toolchain/avr8 gcc/native/3.4.1051/avr8-gnu-toolchain/bin/../lib/gcc/avr/4.8.1/../../../../avr/lib/avrxmega2\libm.a(divsf3x.o)
 .data          0x00802000        0x0 c:/program files (x86)/atmel/atmel toolchain/avr8 gcc/native/3.4.1051/avr8-gnu-toolchain/bin/../lib/gcc/avr/4.8.1/../../../../avr/lib/avrxmega2\libm.a(fixsfsi.o)
 .data          0x00802000        0x0 c:/program files (x86)/atmel/atmel toolchain/avr8 gcc/native/3.4.1051/avr8-gnu-toolchain/bin/../lib/gcc/avr/4.8.1/../../../../avr/lib/avrxmega2\libm.a(fixunssfsi.o)
 .data          0x00802000        0x0 c:/program files (x86)/atmel/atmel toolchain/avr8 gcc/native/3.4.1051/avr8-gnu-toolchain/bin/../lib/gcc/avr/4.8.1/../../../../avr/lib/avrxmega2\libm.a(floatsisf.o)
 .data          0x00802000        0x0 c:/program files (x86)/atmel/atmel toolchain/avr8 gcc/native/3.4.1051/avr8-gnu-toolchain/bin/../lib/gcc/avr/4.8.1/../../../../avr/lib/avrxmega2\libm.a(fp_inf.o)
 .data          0x00802000        0x0 c:/program files (x86)/atmel/atmel toolchain/avr8 gcc/native/3.4.1051/avr8-gnu-toolchain/bin/../lib/gcc/avr/4.8.1/../../../../avr/lib/avrxmega2\libm.a(fp_nan.o)
 .data          0x00802000        0x0 c:/program files (x86)/atmel/atmel toolchain/avr8 gcc/native/3.4.1051/avr8-gnu-toolchain/bin/../lib/gcc/avr/4.8.1/../../../../avr/lib/avrxmega2\libm.a(fp_pscA.o)
 .data          0x00802000        0x0 c:/program files (x86)/atmel/atmel toolchain/avr8 gcc/native/3.4.1051/avr8-gnu-toolchain/bin/../lib/gcc/avr/4.8.1/../../../../avr/lib/avrxmega2\libm.a(fp_pscB.o)
 .data          0x00802000        0x0 c:/program files (x86)/atmel/atmel toolchain/avr8 gcc/native/3.4.1051/avr8-gnu-toolchain/bin/../lib/gcc/avr/4.8.1/../../../../avr/lib/avrxmega2\libm.a(fp_round.o)
 .data          0x00802000        0x0 c:/program files (x86)/atmel/atmel toolchain/avr8 gcc/native/3.4.1051/avr8-gnu-toolchain/bin/../lib/gcc/avr/4.8.1/../../../../avr/lib/avrxmega2\libm.a(fp_split3.o)
 .data          0x00802000        0x0 c:/program files (x86)/atmel/atmel toolchain/avr8 gcc/native/3.4.1051/avr8-gnu-toolchain/bin/../lib/gcc/avr/4.8.1/../../../../avr/lib/avrxmega2\libm.a(fp_zero.o)
 .data          0x00802000        0x0 c:/program files (x86)/atmel/atmel toolchain/avr8 gcc/native/3.4.1051/avr8-gnu-toolchain/bin/../lib/gcc/avr/4.8.1/../../../../avr/lib/avrxmega2\libm.a(gesf2.o)
 .data          0x00802000        0x0 c:/program files (x86)/atmel/atmel toolchain/avr8 gcc/native/3.4.1051/avr8-gnu-toolchain/bin/../lib/gcc/avr/4.8.1/../../../../avr/lib/avrxmega2\libm.a(mulsf3.o)
 .data          0x00802000        0x0 c:/program files (x86)/atmel/atmel toolchain/avr8 gcc/native/3.4.1051/avr8-gnu-toolchain/bin/../lib/gcc/avr/4.8.1/../../../../avr/lib/avrxmega2\libm.a(mulsf3x.o)
 .data          0x00802000        0x0 c:/program files (x86)/atmel/atmel toolchain/avr8 gcc/native/3.4.1051/avr8-gnu-toolchain/bin/../lib/gcc/avr/4.8.1/../../../../avr/lib/avrxmega2\libm.a(fp_cmp.o)
 .data          0x00802000        0x0 c:/program files (x86)/atmel/atmel toolchain/avr8 gcc/native/3.4.1051/avr8-gnu-toolchain/bin/../lib/gcc/avr/4.8.1/avrxmega2\libgcc.a(_divmodhi4.o)
 .data          0x00802000        0x0 c:/program files (x86)/atmel/atmel toolchain/avr8 gcc/native/3.4.1051/avr8-gnu-toolchain/bin/../lib/gcc/avr/4.8.1/avrxmega2\libgcc.a(_exit.o)
 .data          0x00802000        0x0 c:/program files (x86)/atmel/atmel toolchain/avr8 gcc/native/3.4.1051/avr8-gnu-toolchain/bin/../lib/gcc/avr/4.8.1/avrxmega2\libgcc.a(_copy_data.o)
 .data          0x00802000        0x0 c:/program files (x86)/atmel/atmel toolchain/avr8 gcc/native/3.4.1051/avr8-gnu-toolchain/bin/../lib/gcc/avr/4.8.1/avrxmega2\libgcc.a(_clear_bss.o)
 .data          0x00802000        0x0 c:/program files (x86)/atmel/atmel toolchain/avr8 gcc/native/3.4.1051/avr8-gnu-toolchain/bin/../lib/gcc/avr/4.8.1/avrxmega2\libgcc.a(_ctors.o)
 .data          0x00802000        0x0 c:/program files (x86)/atmel/atmel toolchain/avr8 gcc/native/3.4.1051/avr8-gnu-toolchain/bin/../lib/gcc/avr/4.8.1/avrxmega2\libgcc.a(_dtors.o)
 .data          0x00802000        0x0 c:/program files (x86)/atmel/atmel toolchain/avr8 gcc/native/3.4.1051/avr8-gnu-toolchain/bin/../lib/gcc/avr/4.8.1/avrxmega2\libgcc.a(_udivmodhi4.o)
 .data          0x00802000        0x0 c:/program files (x86)/atmel/atmel toolchain/avr8 gcc/native/3.4.1051/avr8-gnu-toolchain/bin/../lib/gcc/avr/4.8.1/avrxmega2\libgcc.a(_tablejump.o)
 *(.data*)
 .data.canAcceptPackets
                0x00802000        0x1 ArmControl.o
                0x00802000                canAcceptPackets
 *(.rodata)
 *(.rodata*)
 .rodata.str1.1
                0x00802001       0x11 ArmControl.o
 *(.gnu.linkonce.d*)
                0x00802012                . = ALIGN (0x2)
                0x00802012                _edata = .
                0x00802012                PROVIDE (__data_end, .)

.bss            0x00802012       0x5f
                0x00802012                PROVIDE (__bss_start, .)
 *(.bss)
 *(.bss*)
 .bss.CurrentState
                0x00802012        0x1 ArmControl.o
                0x00802012                CurrentState
 .bss.recieveBuffer
                0x00802013        0xa ArmControl.o
                0x00802013                recieveBuffer
 .bss.bufferIndex
                0x0080201d        0x1 ArmControl.o
                0x0080201d                bufferIndex
 .bss.IsPacketToParse
                0x0080201e        0x1 ArmControl.o
                0x0080201e                IsPacketToParse
 .bss.baseStepper
                0x0080201f        0xc ArmControl.o
                0x0080201f                baseStepper
 .bss.gripStepper
                0x0080202b        0x7 ArmControl.o
                0x0080202b                gripStepper
 .bss.upperAct  0x00802032       0x18 ArmControl.o
                0x00802032                upperAct
 .bss.lowerAct  0x0080204a       0x18 ArmControl.o
                0x0080204a                lowerAct
 .bss.USART_PC_Data
                0x00802062        0xf ArmControl.o
                0x00802062                USART_PC_Data
 *(COMMON)
                0x00802071                PROVIDE (__bss_end, .)
                0x0000162a                __data_load_start = LOADADDR (.data)
                0x0000163c                __data_load_end = (__data_load_start + SIZEOF (.data))

.noinit         0x00802071        0x0
                0x00802071                PROVIDE (__noinit_start, .)
 *(.noinit*)
                0x00802071                PROVIDE (__noinit_end, .)
                0x00802071                _end = .
                0x00802071                PROVIDE (__heap_start, .)

.eeprom         0x00810000        0x0
 *(.eeprom*)
                0x00810000                __eeprom_end = .

.fuse
 *(.fuse)
 *(.lfuse)
 *(.hfuse)
 *(.efuse)

.lock
 *(.lock*)

.signature
 *(.signature*)

.user_signatures
 *(.user_signatures*)

.stab
 *(.stab)

.stabstr
 *(.stabstr)

.stab.excl
 *(.stab.excl)

.stab.exclstr
 *(.stab.exclstr)

.stab.index
 *(.stab.index)

.stab.indexstr
 *(.stab.indexstr)

.comment        0x00000000       0x30
 *(.comment)
 .comment       0x00000000       0x30 adc.o
                                 0x31 (size before relaxing)
 .comment       0x00000000       0x31 ArmControl.o
 .comment       0x00000000       0x31 motorInfo.o
 .comment       0x00000000       0x31 rotateStepper.o
 .comment       0x00000000       0x31 Sabertooth.o
 .comment       0x00000000       0x31 stepperInfo.o
 .comment       0x00000000       0x31 usart_driver.o

.note.gnu.build-id
 *(.note.gnu.build-id)

.debug
 *(.debug)

.line
 *(.line)

.debug_srcinfo
 *(.debug_srcinfo)

.debug_sfnames
 *(.debug_sfnames)

.debug_aranges  0x00000000      0x220
 *(.debug_aranges)
 .debug_aranges
                0x00000000       0x28 adc.o
 .debug_aranges
                0x00000028       0x90 ArmControl.o
 .debug_aranges
                0x000000b8       0x40 motorInfo.o
 .debug_aranges
                0x000000f8       0x40 rotateStepper.o
 .debug_aranges
                0x00000138       0x48 Sabertooth.o
 .debug_aranges
                0x00000180       0x38 stepperInfo.o
 .debug_aranges
                0x000001b8       0x68 usart_driver.o

.debug_pubnames
 *(.debug_pubnames)

.debug_info     0x00000000     0x3c09
 *(.debug_info .gnu.linkonce.wi.*)
 .debug_info    0x00000000      0x6c3 adc.o
 .debug_info    0x000006c3     0x16f0 ArmControl.o
 .debug_info    0x00001db3      0x2e2 motorInfo.o
 .debug_info    0x00002095      0x6df rotateStepper.o
 .debug_info    0x00002774      0x993 Sabertooth.o
 .debug_info    0x00003107      0x57c stepperInfo.o
 .debug_info    0x00003683      0x586 usart_driver.o

.debug_abbrev   0x00000000     0x11db
 *(.debug_abbrev)
 .debug_abbrev  0x00000000      0x1e5 adc.o
 .debug_abbrev  0x000001e5      0x4ed ArmControl.o
 .debug_abbrev  0x000006d2      0x15f motorInfo.o
 .debug_abbrev  0x00000831      0x28b rotateStepper.o
 .debug_abbrev  0x00000abc      0x2d5 Sabertooth.o
 .debug_abbrev  0x00000d91      0x247 stepperInfo.o
 .debug_abbrev  0x00000fd8      0x203 usart_driver.o

.debug_line     0x00000000     0x1040
 *(.debug_line .debug_line.* .debug_line_end)
 .debug_line    0x00000000      0x1ca adc.o
 .debug_line    0x000001ca      0x435 ArmControl.o
 .debug_line    0x000005ff       0x93 motorInfo.o
 .debug_line    0x00000692      0x28e rotateStepper.o
 .debug_line    0x00000920      0x2db Sabertooth.o
 .debug_line    0x00000bfb      0x246 stepperInfo.o
 .debug_line    0x00000e41      0x1ff usart_driver.o

.debug_frame    0x00000000      0x564
 *(.debug_frame)
 .debug_frame   0x00000000       0x48 adc.o
 .debug_frame   0x00000048      0x248 ArmControl.o
 .debug_frame   0x00000290       0x64 motorInfo.o
 .debug_frame   0x000002f4       0x9c rotateStepper.o
 .debug_frame   0x00000390       0xb0 Sabertooth.o
 .debug_frame   0x00000440       0x60 stepperInfo.o
 .debug_frame   0x000004a0       0xc4 usart_driver.o

.debug_str      0x00000000     0x178e
 *(.debug_str)
 .debug_str     0x00000000      0x8ff adc.o
                                0x94e (size before relaxing)
 .debug_str     0x000008ff      0xb1c ArmControl.o
                                0xde1 (size before relaxing)
 .debug_str     0x0000141b       0x4e motorInfo.o
                                0x27e (size before relaxing)
 .debug_str     0x00001469       0xad rotateStepper.o
                                0x490 (size before relaxing)
 .debug_str     0x00001516       0x9f Sabertooth.o
                                0x4f2 (size before relaxing)
 .debug_str     0x000015b5       0x3f stepperInfo.o
                                0x3d6 (size before relaxing)
 .debug_str     0x000015f4      0x19a usart_driver.o
                                0x474 (size before relaxing)

.debug_loc      0x00000000     0x187b
 *(.debug_loc)
 .debug_loc     0x00000000      0x13b adc.o
 .debug_loc     0x0000013b      0x72e ArmControl.o
 .debug_loc     0x00000869       0x28 motorInfo.o
 .debug_loc     0x00000891      0x4a0 rotateStepper.o
 .debug_loc     0x00000d31      0x589 Sabertooth.o
 .debug_loc     0x000012ba      0x1d2 stepperInfo.o
 .debug_loc     0x0000148c      0x3ef usart_driver.o

.debug_macinfo
 *(.debug_macinfo)

.debug_weaknames
 *(.debug_weaknames)

.debug_funcnames
 *(.debug_funcnames)

.debug_typenames
 *(.debug_typenames)

.debug_varnames
 *(.debug_varnames)

.debug_pubtypes
 *(.debug_pubtypes)

.debug_ranges   0x00000000      0x1e0
 *(.debug_ranges)
 .debug_ranges  0x00000000       0x18 adc.o
 .debug_ranges  0x00000018       0x80 ArmControl.o
 .debug_ranges  0x00000098       0x30 motorInfo.o
 .debug_ranges  0x000000c8       0x60 rotateStepper.o
 .debug_ranges  0x00000128       0x38 Sabertooth.o
 .debug_ranges  0x00000160       0x28 stepperInfo.o
 .debug_ranges  0x00000188       0x58 usart_driver.o

.debug_macro
 *(.debug_macro)
OUTPUT(ArmControl.elf elf32-avr)
LOAD linker stubs
