Archive member included because of file (symbol)

/usr/lib/gcc/avr/4.7.2/avr6/libgcc.a(_exit.o)
                              /usr/lib/gcc/avr/4.7.2/../../../avr/lib/avr6/crtm2560.o (exit)
/usr/lib/gcc/avr/4.7.2/avr6/libgcc.a(_copy_data.o)
                              obj/Release/main.o (__do_copy_data)
/usr/lib/gcc/avr/4.7.2/avr6/libgcc.a(_clear_bss.o)
                              obj/Release/main.o (__do_clear_bss)
/usr/lib/gcc/avr/4.7.2/avr6/libgcc.a(_fixunssfsi.o)
                              obj/Release/Mega2560.o (__fixunssfsi)
/usr/lib/gcc/avr/4.7.2/avr6/libgcc.a(_addsub_sf.o)
                              obj/Release/usart.o (__subsf3)
/usr/lib/gcc/avr/4.7.2/avr6/libgcc.a(_mul_sf.o)
                              obj/Release/Mega2560.o (__mulsf3)
/usr/lib/gcc/avr/4.7.2/avr6/libgcc.a(_div_sf.o)
                              obj/Release/usart.o (__divsf3)
/usr/lib/gcc/avr/4.7.2/avr6/libgcc.a(_gt_sf.o)
                              obj/Release/Mega2560.o (__gtsf2)
/usr/lib/gcc/avr/4.7.2/avr6/libgcc.a(_ge_sf.o)
                              /usr/lib/gcc/avr/4.7.2/avr6/libgcc.a(_fixunssfsi.o) (__gesf2)
/usr/lib/gcc/avr/4.7.2/avr6/libgcc.a(_lt_sf.o)
                              obj/Release/Mega2560.o (__ltsf2)
/usr/lib/gcc/avr/4.7.2/avr6/libgcc.a(_sf_to_si.o)
                              obj/Release/usart.o (__fixsfsi)
/usr/lib/gcc/avr/4.7.2/avr6/libgcc.a(_thenan_sf.o)
                              /usr/lib/gcc/avr/4.7.2/avr6/libgcc.a(_addsub_sf.o) (__thenan_sf)
/usr/lib/gcc/avr/4.7.2/avr6/libgcc.a(_prologue.o)
                              /usr/lib/gcc/avr/4.7.2/avr6/libgcc.a(_addsub_sf.o) (__prologue_saves__)
/usr/lib/gcc/avr/4.7.2/avr6/libgcc.a(_epilogue.o)
                              /usr/lib/gcc/avr/4.7.2/avr6/libgcc.a(_addsub_sf.o) (__epilogue_restores__)
/usr/lib/gcc/avr/4.7.2/avr6/libgcc.a(_pack_sf.o)
                              /usr/lib/gcc/avr/4.7.2/avr6/libgcc.a(_addsub_sf.o) (__pack_f)
/usr/lib/gcc/avr/4.7.2/avr6/libgcc.a(_unpack_sf.o)
                              /usr/lib/gcc/avr/4.7.2/avr6/libgcc.a(_addsub_sf.o) (__unpack_f)
/usr/lib/gcc/avr/4.7.2/avr6/libgcc.a(_fpcmp_parts_sf.o)
                              /usr/lib/gcc/avr/4.7.2/avr6/libgcc.a(_gt_sf.o) (__fpcmp_parts_f)

Allocating common symbols
Common symbol       size              file

receive_buffer      0x6               obj/Release/main.o
nextState           0x1               obj/Release/main.o
bufferpos           0x1               obj/Release/main.o

Memory Configuration

Name             Origin             Length             Attributes
text             0x0000000000000000 0x0000000000100000 xr
data             0x0000000000800200 0x000000000000fe00 rw !x
eeprom           0x0000000000810000 0x0000000000010000 rw !x
fuse             0x0000000000820000 0x0000000000000400 rw !x
lock             0x0000000000830000 0x0000000000000400 rw !x
signature        0x0000000000840000 0x0000000000000400 rw !x
*default*        0x0000000000000000 0xffffffffffffffff

Linker script and memory map

Address of section .data set to 0x800200
LOAD /usr/lib/gcc/avr/4.7.2/../../../avr/lib/avr6/crtm2560.o
LOAD obj/Release/fuse.o
LOAD obj/Release/main.o
LOAD obj/Release/Mega2560.o
LOAD obj/Release/Sabertooth.o
LOAD obj/Release/usart.o
LOAD /usr/lib/gcc/avr/4.7.2/avr6/libgcc.a
LOAD /usr/lib/gcc/avr/4.7.2/../../../avr/lib/avr6/libm.a
LOAD /usr/lib/gcc/avr/4.7.2/avr6/libgcc.a
LOAD /usr/lib/gcc/avr/4.7.2/../../../avr/lib/avr6/libc.a
LOAD /usr/lib/gcc/avr/4.7.2/avr6/libgcc.a

.hash
 *(.hash)

.dynsym
 *(.dynsym)

.dynstr
 *(.dynstr)

.gnu.version
 *(.gnu.version)

.gnu.version_d
 *(.gnu.version_d)

.gnu.version_r
 *(.gnu.version_r)

.rel.init
 *(.rel.init)

.rela.init
 *(.rela.init)

.rel.text
 *(.rel.text)
 *(.rel.text.*)
 *(.rel.gnu.linkonce.t*)

.rela.text
 *(.rela.text)
 *(.rela.text.*)
 *(.rela.gnu.linkonce.t*)

.rel.fini
 *(.rel.fini)

.rela.fini
 *(.rela.fini)

.rel.rodata
 *(.rel.rodata)
 *(.rel.rodata.*)
 *(.rel.gnu.linkonce.r*)

.rela.rodata
 *(.rela.rodata)
 *(.rela.rodata.*)
 *(.rela.gnu.linkonce.r*)

.rel.data
 *(.rel.data)
 *(.rel.data.*)
 *(.rel.gnu.linkonce.d*)

.rela.data
 *(.rela.data)
 *(.rela.data.*)
 *(.rela.gnu.linkonce.d*)

.rel.ctors
 *(.rel.ctors)

.rela.ctors
 *(.rela.ctors)

.rel.dtors
 *(.rel.dtors)

.rela.dtors
 *(.rela.dtors)

.rel.got
 *(.rel.got)

.rela.got
 *(.rela.got)

.rel.bss
 *(.rel.bss)

.rela.bss
 *(.rela.bss)

.rel.plt
 *(.rel.plt)

.rela.plt
 *(.rela.plt)

.text           0x0000000000000000     0x134e
 *(.vectors)
 .vectors       0x0000000000000000       0xe4 /usr/lib/gcc/avr/4.7.2/../../../avr/lib/avr6/crtm2560.o
                0x0000000000000000                __vectors
                0x0000000000000000                __vector_default
 *(.vectors)
 *(.progmem.gcc*)
 *(.progmem*)
                0x00000000000000e4                . = ALIGN (0x2)
                0x00000000000000e4                __trampolines_start = .
 *(.trampolines)
 .trampolines   0x00000000000000e4        0x0 linker stubs
 *(.trampolines*)
                0x00000000000000e4                __trampolines_end = .
 *(.jumptables)
 *(.jumptables*)
 *(.lowtext)
 *(.lowtext*)
                0x00000000000000e4                __ctors_start = .
 *(.ctors)
                0x00000000000000e4                __ctors_end = .
                0x00000000000000e4                __dtors_start = .
 *(.dtors)
                0x00000000000000e4                __dtors_end = .
 SORT(*)(.ctors)
 SORT(*)(.dtors)
 *(.init0)
 .init0         0x00000000000000e4        0x0 /usr/lib/gcc/avr/4.7.2/../../../avr/lib/avr6/crtm2560.o
                0x00000000000000e4                __init
 *(.init0)
 *(.init1)
 *(.init1)
 *(.init2)
 .init2         0x00000000000000e4       0x10 /usr/lib/gcc/avr/4.7.2/../../../avr/lib/avr6/crtm2560.o
 *(.init2)
 *(.init3)
 *(.init3)
 *(.init4)
 .init4         0x00000000000000f4       0x1a /usr/lib/gcc/avr/4.7.2/avr6/libgcc.a(_copy_data.o)
                0x00000000000000f4                __do_copy_data
 .init4         0x000000000000010e       0x10 /usr/lib/gcc/avr/4.7.2/avr6/libgcc.a(_clear_bss.o)
                0x000000000000010e                __do_clear_bss
 *(.init4)
 *(.init5)
 *(.init5)
 *(.init6)
 *(.init6)
 *(.init7)
 *(.init7)
 *(.init8)
 *(.init8)
 *(.init9)
 .init9         0x000000000000011e        0x8 /usr/lib/gcc/avr/4.7.2/../../../avr/lib/avr6/crtm2560.o
 *(.init9)
 *(.text)
 .text          0x0000000000000126        0x4 /usr/lib/gcc/avr/4.7.2/../../../avr/lib/avr6/crtm2560.o
                0x0000000000000126                __vector_38
                0x0000000000000126                __vector_22
                0x0000000000000126                __vector_28
                0x0000000000000126                __vector_1
                0x0000000000000126                __vector_32
                0x0000000000000126                __vector_34
                0x0000000000000126                __vector_24
                0x0000000000000126                __vector_12
                0x0000000000000126                __vector_55
                0x0000000000000126                __vector_46
                0x0000000000000126                __bad_interrupt
                0x0000000000000126                __vector_6
                0x0000000000000126                __vector_31
                0x0000000000000126                __vector_35
                0x0000000000000126                __vector_39
                0x0000000000000126                __vector_3
                0x0000000000000126                __vector_23
                0x0000000000000126                __vector_30
                0x0000000000000126                __vector_45
                0x0000000000000126                __vector_11
                0x0000000000000126                __vector_54
                0x0000000000000126                __vector_13
                0x0000000000000126                __vector_17
                0x0000000000000126                __vector_19
                0x0000000000000126                __vector_56
                0x0000000000000126                __vector_7
                0x0000000000000126                __vector_49
                0x0000000000000126                __vector_41
                0x0000000000000126                __vector_43
                0x0000000000000126                __vector_27
                0x0000000000000126                __vector_5
                0x0000000000000126                __vector_33
                0x0000000000000126                __vector_47
                0x0000000000000126                __vector_52
                0x0000000000000126                __vector_37
                0x0000000000000126                __vector_4
                0x0000000000000126                __vector_44
                0x0000000000000126                __vector_51
                0x0000000000000126                __vector_9
                0x0000000000000126                __vector_2
                0x0000000000000126                __vector_21
                0x0000000000000126                __vector_15
                0x0000000000000126                __vector_36
                0x0000000000000126                __vector_29
                0x0000000000000126                __vector_40
                0x0000000000000126                __vector_8
                0x0000000000000126                __vector_26
                0x0000000000000126                __vector_48
                0x0000000000000126                __vector_14
                0x0000000000000126                __vector_53
                0x0000000000000126                __vector_10
                0x0000000000000126                __vector_50
                0x0000000000000126                __vector_16
                0x0000000000000126                __vector_18
                0x0000000000000126                __vector_20
                0x0000000000000126                __vector_42
 .text          0x000000000000012a        0x0 obj/Release/fuse.o
 .text          0x000000000000012a        0x0 obj/Release/main.o
 .text          0x000000000000012a       0xb4 obj/Release/Mega2560.o
                0x000000000000012a                Initialize_Mega2560
                0x000000000000012e                Mega2560_delay_ms
 .text          0x00000000000001de      0x24e obj/Release/Sabertooth.o
                0x00000000000001de                Sabertooth_WriteCommand
                0x000000000000020c                Sabertooth_SetMotors
                0x00000000000002d6                Sabertooth_LeftDrive
                0x000000000000032a                Sabertooth_RightDrive
                0x000000000000037e                Sabertooth_Checksum
                0x0000000000000388                Sabertooth_HardStop
                0x0000000000000398                Initialize_Sabertooth
                0x00000000000003ac                Sabertooth_DriveTest
 .text          0x000000000000042c      0x23a obj/Release/usart.o
                0x000000000000042c                Initialize_USART0
                0x0000000000000480                SendByteUSART0
                0x000000000000048e                SendStringUSART0
                0x00000000000004ac                GetByteUART
                0x00000000000004be                Initialize_USART1
                0x0000000000000512                SendByteUSART1
                0x0000000000000520                ChecksumUSART0
                0x0000000000000528                __vector_25
 .text          0x0000000000000666        0x0 /usr/lib/gcc/avr/4.7.2/avr6/libgcc.a(_exit.o)
 .text          0x0000000000000666        0x0 /usr/lib/gcc/avr/4.7.2/avr6/libgcc.a(_copy_data.o)
 .text          0x0000000000000666        0x0 /usr/lib/gcc/avr/4.7.2/avr6/libgcc.a(_clear_bss.o)
 .text          0x0000000000000666       0x5a /usr/lib/gcc/avr/4.7.2/avr6/libgcc.a(_fixunssfsi.o)
                0x0000000000000666                __fixunssfsi
 .text          0x00000000000006c0      0x370 /usr/lib/gcc/avr/4.7.2/avr6/libgcc.a(_addsub_sf.o)
                0x0000000000000978                __addsf3
                0x00000000000009d0                __subsf3
 .text          0x0000000000000a30      0x1ca /usr/lib/gcc/avr/4.7.2/avr6/libgcc.a(_mul_sf.o)
                0x0000000000000a30                __mulsf3
 .text          0x0000000000000bfa      0x146 /usr/lib/gcc/avr/4.7.2/avr6/libgcc.a(_div_sf.o)
                0x0000000000000bfa                __divsf3
 .text          0x0000000000000d40       0x5e /usr/lib/gcc/avr/4.7.2/avr6/libgcc.a(_gt_sf.o)
                0x0000000000000d40                __gtsf2
 .text          0x0000000000000d9e       0x5e /usr/lib/gcc/avr/4.7.2/avr6/libgcc.a(_ge_sf.o)
                0x0000000000000d9e                __gesf2
 .text          0x0000000000000dfc       0x5e /usr/lib/gcc/avr/4.7.2/avr6/libgcc.a(_lt_sf.o)
                0x0000000000000dfc                __ltsf2
 .text          0x0000000000000e5a       0x9e /usr/lib/gcc/avr/4.7.2/avr6/libgcc.a(_sf_to_si.o)
                0x0000000000000e5a                __fixsfsi
 .text          0x0000000000000ef8        0x0 /usr/lib/gcc/avr/4.7.2/avr6/libgcc.a(_thenan_sf.o)
 .text          0x0000000000000ef8        0x0 /usr/lib/gcc/avr/4.7.2/avr6/libgcc.a(_prologue.o)
 .text          0x0000000000000ef8        0x0 /usr/lib/gcc/avr/4.7.2/avr6/libgcc.a(_epilogue.o)
 .text          0x0000000000000ef8      0x194 /usr/lib/gcc/avr/4.7.2/avr6/libgcc.a(_pack_sf.o)
                0x0000000000000ef8                __pack_f
 .text          0x000000000000108c       0xde /usr/lib/gcc/avr/4.7.2/avr6/libgcc.a(_unpack_sf.o)
                0x000000000000108c                __unpack_f
 .text          0x000000000000116a       0xc2 /usr/lib/gcc/avr/4.7.2/avr6/libgcc.a(_fpcmp_parts_sf.o)
                0x000000000000116a                __fpcmp_parts_f
                0x000000000000122c                . = ALIGN (0x2)
 *(.text.*)
 .text.startup  0x000000000000122c       0xb0 obj/Release/main.o
                0x000000000000122c                main
 .text.libgcc.mul
                0x00000000000012dc        0x0 /usr/lib/gcc/avr/4.7.2/avr6/libgcc.a(_exit.o)
 .text.libgcc.div
                0x00000000000012dc        0x0 /usr/lib/gcc/avr/4.7.2/avr6/libgcc.a(_exit.o)
 .text.libgcc   0x00000000000012dc        0x0 /usr/lib/gcc/avr/4.7.2/avr6/libgcc.a(_exit.o)
 .text.libgcc.prologue
                0x00000000000012dc        0x0 /usr/lib/gcc/avr/4.7.2/avr6/libgcc.a(_exit.o)
 .text.libgcc.builtins
                0x00000000000012dc        0x0 /usr/lib/gcc/avr/4.7.2/avr6/libgcc.a(_exit.o)
 .text.libgcc.fmul
                0x00000000000012dc        0x0 /usr/lib/gcc/avr/4.7.2/avr6/libgcc.a(_exit.o)
 .text.libgcc.mul
                0x00000000000012dc        0x0 /usr/lib/gcc/avr/4.7.2/avr6/libgcc.a(_copy_data.o)
 .text.libgcc.div
                0x00000000000012dc        0x0 /usr/lib/gcc/avr/4.7.2/avr6/libgcc.a(_copy_data.o)
 .text.libgcc   0x00000000000012dc        0x0 /usr/lib/gcc/avr/4.7.2/avr6/libgcc.a(_copy_data.o)
 .text.libgcc.prologue
                0x00000000000012dc        0x0 /usr/lib/gcc/avr/4.7.2/avr6/libgcc.a(_copy_data.o)
 .text.libgcc.builtins
                0x00000000000012dc        0x0 /usr/lib/gcc/avr/4.7.2/avr6/libgcc.a(_copy_data.o)
 .text.libgcc.fmul
                0x00000000000012dc        0x0 /usr/lib/gcc/avr/4.7.2/avr6/libgcc.a(_copy_data.o)
 .text.libgcc.mul
                0x00000000000012dc        0x0 /usr/lib/gcc/avr/4.7.2/avr6/libgcc.a(_clear_bss.o)
 .text.libgcc.div
                0x00000000000012dc        0x0 /usr/lib/gcc/avr/4.7.2/avr6/libgcc.a(_clear_bss.o)
 .text.libgcc   0x00000000000012dc        0x0 /usr/lib/gcc/avr/4.7.2/avr6/libgcc.a(_clear_bss.o)
 .text.libgcc.prologue
                0x00000000000012dc        0x0 /usr/lib/gcc/avr/4.7.2/avr6/libgcc.a(_clear_bss.o)
 .text.libgcc.builtins
                0x00000000000012dc        0x0 /usr/lib/gcc/avr/4.7.2/avr6/libgcc.a(_clear_bss.o)
 .text.libgcc.fmul
                0x00000000000012dc        0x0 /usr/lib/gcc/avr/4.7.2/avr6/libgcc.a(_clear_bss.o)
 .text.libgcc.mul
                0x00000000000012dc        0x0 /usr/lib/gcc/avr/4.7.2/avr6/libgcc.a(_prologue.o)
 .text.libgcc.div
                0x00000000000012dc        0x0 /usr/lib/gcc/avr/4.7.2/avr6/libgcc.a(_prologue.o)
 .text.libgcc   0x00000000000012dc        0x0 /usr/lib/gcc/avr/4.7.2/avr6/libgcc.a(_prologue.o)
 .text.libgcc.prologue
                0x00000000000012dc       0x38 /usr/lib/gcc/avr/4.7.2/avr6/libgcc.a(_prologue.o)
                0x00000000000012dc                __prologue_saves__
 .text.libgcc.builtins
                0x0000000000001314        0x0 /usr/lib/gcc/avr/4.7.2/avr6/libgcc.a(_prologue.o)
 .text.libgcc.fmul
                0x0000000000001314        0x0 /usr/lib/gcc/avr/4.7.2/avr6/libgcc.a(_prologue.o)
 .text.libgcc.mul
                0x0000000000001314        0x0 /usr/lib/gcc/avr/4.7.2/avr6/libgcc.a(_epilogue.o)
 .text.libgcc.div
                0x0000000000001314        0x0 /usr/lib/gcc/avr/4.7.2/avr6/libgcc.a(_epilogue.o)
 .text.libgcc   0x0000000000001314        0x0 /usr/lib/gcc/avr/4.7.2/avr6/libgcc.a(_epilogue.o)
 .text.libgcc.prologue
                0x0000000000001314       0x36 /usr/lib/gcc/avr/4.7.2/avr6/libgcc.a(_epilogue.o)
                0x0000000000001314                __epilogue_restores__
 .text.libgcc.builtins
                0x000000000000134a        0x0 /usr/lib/gcc/avr/4.7.2/avr6/libgcc.a(_epilogue.o)
 .text.libgcc.fmul
                0x000000000000134a        0x0 /usr/lib/gcc/avr/4.7.2/avr6/libgcc.a(_epilogue.o)
                0x000000000000134a                . = ALIGN (0x2)
 *(.fini9)
 .fini9         0x000000000000134a        0x0 /usr/lib/gcc/avr/4.7.2/avr6/libgcc.a(_exit.o)
                0x000000000000134a                exit
                0x000000000000134a                _exit
 *(.fini9)
 *(.fini8)
 *(.fini8)
 *(.fini7)
 *(.fini7)
 *(.fini6)
 *(.fini6)
 *(.fini5)
 *(.fini5)
 *(.fini4)
 *(.fini4)
 *(.fini3)
 *(.fini3)
 *(.fini2)
 *(.fini2)
 *(.fini1)
 *(.fini1)
 *(.fini0)
 .fini0         0x000000000000134a        0x4 /usr/lib/gcc/avr/4.7.2/avr6/libgcc.a(_exit.o)
 *(.fini0)
                0x000000000000134e                _etext = .

.data           0x0000000000800200       0x42 load address 0x000000000000134e
                0x0000000000800200                PROVIDE (__data_start, .)
 *(.data)
 .data          0x0000000000800200        0x0 /usr/lib/gcc/avr/4.7.2/../../../avr/lib/avr6/crtm2560.o
 .data          0x0000000000800200        0x0 obj/Release/fuse.o
 .data          0x0000000000800200        0x0 obj/Release/main.o
 .data          0x0000000000800200        0x0 obj/Release/Mega2560.o
 .data          0x0000000000800200        0x0 obj/Release/Sabertooth.o
 .data          0x0000000000800200        0x0 obj/Release/usart.o
 .data          0x0000000000800200        0x0 /usr/lib/gcc/avr/4.7.2/avr6/libgcc.a(_exit.o)
 .data          0x0000000000800200        0x0 /usr/lib/gcc/avr/4.7.2/avr6/libgcc.a(_copy_data.o)
 .data          0x0000000000800200        0x0 /usr/lib/gcc/avr/4.7.2/avr6/libgcc.a(_clear_bss.o)
 .data          0x0000000000800200        0x0 /usr/lib/gcc/avr/4.7.2/avr6/libgcc.a(_fixunssfsi.o)
 .data          0x0000000000800200        0x0 /usr/lib/gcc/avr/4.7.2/avr6/libgcc.a(_addsub_sf.o)
 .data          0x0000000000800200        0x0 /usr/lib/gcc/avr/4.7.2/avr6/libgcc.a(_mul_sf.o)
 .data          0x0000000000800200        0x0 /usr/lib/gcc/avr/4.7.2/avr6/libgcc.a(_div_sf.o)
 .data          0x0000000000800200        0x0 /usr/lib/gcc/avr/4.7.2/avr6/libgcc.a(_gt_sf.o)
 .data          0x0000000000800200        0x0 /usr/lib/gcc/avr/4.7.2/avr6/libgcc.a(_ge_sf.o)
 .data          0x0000000000800200        0x0 /usr/lib/gcc/avr/4.7.2/avr6/libgcc.a(_lt_sf.o)
 .data          0x0000000000800200        0x0 /usr/lib/gcc/avr/4.7.2/avr6/libgcc.a(_sf_to_si.o)
 .data          0x0000000000800200        0x0 /usr/lib/gcc/avr/4.7.2/avr6/libgcc.a(_thenan_sf.o)
 .data          0x0000000000800200        0x0 /usr/lib/gcc/avr/4.7.2/avr6/libgcc.a(_prologue.o)
 .data          0x0000000000800200        0x0 /usr/lib/gcc/avr/4.7.2/avr6/libgcc.a(_epilogue.o)
 .data          0x0000000000800200        0x0 /usr/lib/gcc/avr/4.7.2/avr6/libgcc.a(_pack_sf.o)
 .data          0x0000000000800200        0x0 /usr/lib/gcc/avr/4.7.2/avr6/libgcc.a(_unpack_sf.o)
 .data          0x0000000000800200        0x0 /usr/lib/gcc/avr/4.7.2/avr6/libgcc.a(_fpcmp_parts_sf.o)
 *(.data*)
 *(.rodata)
 .rodata        0x0000000000800200        0x8 /usr/lib/gcc/avr/4.7.2/avr6/libgcc.a(_thenan_sf.o)
                0x0000000000800200                __thenan_sf
 *(.rodata*)
 .rodata.str1.1
                0x0000000000800208       0x39 obj/Release/main.o
 *(.gnu.linkonce.d*)
                0x0000000000800242                . = ALIGN (0x2)
 *fill*         0x0000000000800241        0x1 00
                0x0000000000800242                _edata = .
                0x0000000000800242                PROVIDE (__data_end, .)

.bss            0x0000000000800242        0x8
                0x0000000000800242                PROVIDE (__bss_start, .)
 *(.bss)
 .bss           0x0000000000800242        0x0 /usr/lib/gcc/avr/4.7.2/../../../avr/lib/avr6/crtm2560.o
 .bss           0x0000000000800242        0x0 obj/Release/fuse.o
 .bss           0x0000000000800242        0x0 obj/Release/main.o
 .bss           0x0000000000800242        0x0 obj/Release/Mega2560.o
 .bss           0x0000000000800242        0x0 obj/Release/Sabertooth.o
 .bss           0x0000000000800242        0x0 obj/Release/usart.o
 .bss           0x0000000000800242        0x0 /usr/lib/gcc/avr/4.7.2/avr6/libgcc.a(_exit.o)
 .bss           0x0000000000800242        0x0 /usr/lib/gcc/avr/4.7.2/avr6/libgcc.a(_copy_data.o)
 .bss           0x0000000000800242        0x0 /usr/lib/gcc/avr/4.7.2/avr6/libgcc.a(_clear_bss.o)
 .bss           0x0000000000800242        0x0 /usr/lib/gcc/avr/4.7.2/avr6/libgcc.a(_fixunssfsi.o)
 .bss           0x0000000000800242        0x0 /usr/lib/gcc/avr/4.7.2/avr6/libgcc.a(_addsub_sf.o)
 .bss           0x0000000000800242        0x0 /usr/lib/gcc/avr/4.7.2/avr6/libgcc.a(_mul_sf.o)
 .bss           0x0000000000800242        0x0 /usr/lib/gcc/avr/4.7.2/avr6/libgcc.a(_div_sf.o)
 .bss           0x0000000000800242        0x0 /usr/lib/gcc/avr/4.7.2/avr6/libgcc.a(_gt_sf.o)
 .bss           0x0000000000800242        0x0 /usr/lib/gcc/avr/4.7.2/avr6/libgcc.a(_ge_sf.o)
 .bss           0x0000000000800242        0x0 /usr/lib/gcc/avr/4.7.2/avr6/libgcc.a(_lt_sf.o)
 .bss           0x0000000000800242        0x0 /usr/lib/gcc/avr/4.7.2/avr6/libgcc.a(_sf_to_si.o)
 .bss           0x0000000000800242        0x0 /usr/lib/gcc/avr/4.7.2/avr6/libgcc.a(_thenan_sf.o)
 .bss           0x0000000000800242        0x0 /usr/lib/gcc/avr/4.7.2/avr6/libgcc.a(_prologue.o)
 .bss           0x0000000000800242        0x0 /usr/lib/gcc/avr/4.7.2/avr6/libgcc.a(_epilogue.o)
 .bss           0x0000000000800242        0x0 /usr/lib/gcc/avr/4.7.2/avr6/libgcc.a(_pack_sf.o)
 .bss           0x0000000000800242        0x0 /usr/lib/gcc/avr/4.7.2/avr6/libgcc.a(_unpack_sf.o)
 .bss           0x0000000000800242        0x0 /usr/lib/gcc/avr/4.7.2/avr6/libgcc.a(_fpcmp_parts_sf.o)
 *(.bss*)
 *(COMMON)
 COMMON         0x0000000000800242        0x8 obj/Release/main.o
                0x0000000000800242                receive_buffer
                0x0000000000800248                nextState
                0x0000000000800249                bufferpos
                0x000000000080024a                PROVIDE (__bss_end, .)
                0x000000000000134e                __data_load_start = LOADADDR (.data)
                0x0000000000001390                __data_load_end = (__data_load_start + SIZEOF (.data))

.noinit         0x000000000080024a        0x0
                0x000000000080024a                PROVIDE (__noinit_start, .)
 *(.noinit*)
                0x000000000080024a                PROVIDE (__noinit_end, .)
                0x000000000080024a                _end = .
                0x000000000080024a                PROVIDE (__heap_start, .)

.eeprom         0x0000000000810000        0x0
 *(.eeprom*)
                0x0000000000810000                __eeprom_end = .

.fuse           0x0000000000820000        0x3
 *(.fuse)
 .fuse          0x0000000000820000        0x3 obj/Release/fuse.o
                0x0000000000820000                __fuse
 *(.lfuse)
 *(.hfuse)
 *(.efuse)

.lock
 *(.lock*)

.signature
 *(.signature*)

.stab           0x0000000000000000      0x6e4
 *(.stab)
 .stab          0x0000000000000000      0x6e4 /usr/lib/gcc/avr/4.7.2/../../../avr/lib/avr6/crtm2560.o

.stabstr        0x0000000000000000       0x54
 *(.stabstr)
 .stabstr       0x0000000000000000       0x54 /usr/lib/gcc/avr/4.7.2/../../../avr/lib/avr6/crtm2560.o

.stab.excl
 *(.stab.excl)

.stab.exclstr
 *(.stab.exclstr)

.stab.index
 *(.stab.index)

.stab.indexstr
 *(.stab.indexstr)

.comment        0x0000000000000000       0x11
 *(.comment)
 .comment       0x0000000000000000       0x11 obj/Release/fuse.o
                                         0x12 (size before relaxing)
 .comment       0x0000000000000000       0x12 obj/Release/main.o
 .comment       0x0000000000000000       0x12 obj/Release/Mega2560.o
 .comment       0x0000000000000000       0x12 obj/Release/Sabertooth.o
 .comment       0x0000000000000000       0x12 obj/Release/usart.o
 .comment       0x0000000000000000       0x12 /usr/lib/gcc/avr/4.7.2/avr6/libgcc.a(_fixunssfsi.o)
 .comment       0x0000000000000000       0x12 /usr/lib/gcc/avr/4.7.2/avr6/libgcc.a(_addsub_sf.o)
 .comment       0x0000000000000000       0x12 /usr/lib/gcc/avr/4.7.2/avr6/libgcc.a(_mul_sf.o)
 .comment       0x0000000000000000       0x12 /usr/lib/gcc/avr/4.7.2/avr6/libgcc.a(_div_sf.o)
 .comment       0x0000000000000000       0x12 /usr/lib/gcc/avr/4.7.2/avr6/libgcc.a(_gt_sf.o)
 .comment       0x0000000000000000       0x12 /usr/lib/gcc/avr/4.7.2/avr6/libgcc.a(_ge_sf.o)
 .comment       0x0000000000000000       0x12 /usr/lib/gcc/avr/4.7.2/avr6/libgcc.a(_lt_sf.o)
 .comment       0x0000000000000000       0x12 /usr/lib/gcc/avr/4.7.2/avr6/libgcc.a(_sf_to_si.o)
 .comment       0x0000000000000000       0x12 /usr/lib/gcc/avr/4.7.2/avr6/libgcc.a(_thenan_sf.o)
 .comment       0x0000000000000000       0x12 /usr/lib/gcc/avr/4.7.2/avr6/libgcc.a(_pack_sf.o)
 .comment       0x0000000000000000       0x12 /usr/lib/gcc/avr/4.7.2/avr6/libgcc.a(_unpack_sf.o)
 .comment       0x0000000000000000       0x12 /usr/lib/gcc/avr/4.7.2/avr6/libgcc.a(_fpcmp_parts_sf.o)

.debug
 *(.debug)

.line
 *(.line)

.debug_srcinfo
 *(.debug_srcinfo)

.debug_sfnames
 *(.debug_sfnames)

.debug_aranges
 *(.debug_aranges)

.debug_pubnames
 *(.debug_pubnames)

.debug_info
 *(.debug_info)
 *(.gnu.linkonce.wi.*)

.debug_abbrev
 *(.debug_abbrev)

.debug_line
 *(.debug_line)

.debug_frame
 *(.debug_frame)

.debug_str
 *(.debug_str)

.debug_loc
 *(.debug_loc)

.debug_macinfo
 *(.debug_macinfo)
OUTPUT(bin/Release/MainDriveFirmware.elf elf32-avr)
LOAD linker stubs

Cross Reference Table

Symbol                                            File
ChecksumUSART0                                    obj/Release/usart.o
GetByteUART                                       obj/Release/usart.o
                                                  obj/Release/main.o
Initialize_Mega2560                               obj/Release/Mega2560.o
                                                  obj/Release/main.o
Initialize_Sabertooth                             obj/Release/Sabertooth.o
                                                  obj/Release/main.o
Initialize_USART0                                 obj/Release/usart.o
                                                  obj/Release/main.o
Initialize_USART1                                 obj/Release/usart.o
                                                  obj/Release/main.o
Mega2560_delay_ms                                 obj/Release/Mega2560.o
Sabertooth_Checksum                               obj/Release/Sabertooth.o
Sabertooth_DriveTest                              obj/Release/Sabertooth.o
Sabertooth_HardStop                               obj/Release/Sabertooth.o
                                                  obj/Release/usart.o
Sabertooth_LeftDrive                              obj/Release/Sabertooth.o
Sabertooth_RightDrive                             obj/Release/Sabertooth.o
Sabertooth_SetMotors                              obj/Release/Sabertooth.o
                                                  obj/Release/usart.o
Sabertooth_WriteCommand                           obj/Release/Sabertooth.o
SendByteUSART0                                    obj/Release/usart.o
                                                  obj/Release/main.o
SendByteUSART1                                    obj/Release/usart.o
                                                  obj/Release/Sabertooth.o
SendStringUSART0                                  obj/Release/usart.o
                                                  obj/Release/main.o
__addsf3                                          /usr/lib/gcc/avr/4.7.2/avr6/libgcc.a(_addsub_sf.o)
__bad_interrupt                                   /usr/lib/gcc/avr/4.7.2/../../../avr/lib/avr6/crtm2560.o
__bss_end                                         /usr/lib/gcc/avr/4.7.2/avr6/libgcc.a(_clear_bss.o)
__bss_start                                       /usr/lib/gcc/avr/4.7.2/avr6/libgcc.a(_clear_bss.o)
__data_end                                        /usr/lib/gcc/avr/4.7.2/avr6/libgcc.a(_copy_data.o)
__data_load_start                                 /usr/lib/gcc/avr/4.7.2/avr6/libgcc.a(_copy_data.o)
__data_start                                      /usr/lib/gcc/avr/4.7.2/avr6/libgcc.a(_copy_data.o)
__divsf3                                          /usr/lib/gcc/avr/4.7.2/avr6/libgcc.a(_div_sf.o)
                                                  obj/Release/usart.o
__do_clear_bss                                    /usr/lib/gcc/avr/4.7.2/avr6/libgcc.a(_clear_bss.o)
                                                  obj/Release/usart.o
                                                  obj/Release/Sabertooth.o
                                                  obj/Release/Mega2560.o
                                                  obj/Release/main.o
__do_copy_data                                    /usr/lib/gcc/avr/4.7.2/avr6/libgcc.a(_copy_data.o)
                                                  /usr/lib/gcc/avr/4.7.2/avr6/libgcc.a(_thenan_sf.o)
                                                  obj/Release/main.o
__epilogue_restores__                             /usr/lib/gcc/avr/4.7.2/avr6/libgcc.a(_epilogue.o)
                                                  /usr/lib/gcc/avr/4.7.2/avr6/libgcc.a(_sf_to_si.o)
                                                  /usr/lib/gcc/avr/4.7.2/avr6/libgcc.a(_lt_sf.o)
                                                  /usr/lib/gcc/avr/4.7.2/avr6/libgcc.a(_ge_sf.o)
                                                  /usr/lib/gcc/avr/4.7.2/avr6/libgcc.a(_gt_sf.o)
                                                  /usr/lib/gcc/avr/4.7.2/avr6/libgcc.a(_div_sf.o)
                                                  /usr/lib/gcc/avr/4.7.2/avr6/libgcc.a(_mul_sf.o)
                                                  /usr/lib/gcc/avr/4.7.2/avr6/libgcc.a(_addsub_sf.o)
__fixsfsi                                         /usr/lib/gcc/avr/4.7.2/avr6/libgcc.a(_sf_to_si.o)
                                                  /usr/lib/gcc/avr/4.7.2/avr6/libgcc.a(_fixunssfsi.o)
                                                  obj/Release/usart.o
__fixunssfsi                                      /usr/lib/gcc/avr/4.7.2/avr6/libgcc.a(_fixunssfsi.o)
                                                  obj/Release/Mega2560.o
__fpcmp_parts_f                                   /usr/lib/gcc/avr/4.7.2/avr6/libgcc.a(_fpcmp_parts_sf.o)
                                                  /usr/lib/gcc/avr/4.7.2/avr6/libgcc.a(_lt_sf.o)
                                                  /usr/lib/gcc/avr/4.7.2/avr6/libgcc.a(_ge_sf.o)
                                                  /usr/lib/gcc/avr/4.7.2/avr6/libgcc.a(_gt_sf.o)
__fuse                                            obj/Release/fuse.o
__gesf2                                           /usr/lib/gcc/avr/4.7.2/avr6/libgcc.a(_ge_sf.o)
                                                  /usr/lib/gcc/avr/4.7.2/avr6/libgcc.a(_fixunssfsi.o)
__gtsf2                                           /usr/lib/gcc/avr/4.7.2/avr6/libgcc.a(_gt_sf.o)
                                                  obj/Release/Mega2560.o
__heap_end                                        /usr/lib/gcc/avr/4.7.2/../../../avr/lib/avr6/crtm2560.o
__init                                            /usr/lib/gcc/avr/4.7.2/../../../avr/lib/avr6/crtm2560.o
__ltsf2                                           /usr/lib/gcc/avr/4.7.2/avr6/libgcc.a(_lt_sf.o)
                                                  obj/Release/Mega2560.o
__mulsf3                                          /usr/lib/gcc/avr/4.7.2/avr6/libgcc.a(_mul_sf.o)
                                                  obj/Release/usart.o
                                                  obj/Release/Mega2560.o
__pack_f                                          /usr/lib/gcc/avr/4.7.2/avr6/libgcc.a(_pack_sf.o)
                                                  /usr/lib/gcc/avr/4.7.2/avr6/libgcc.a(_div_sf.o)
                                                  /usr/lib/gcc/avr/4.7.2/avr6/libgcc.a(_mul_sf.o)
                                                  /usr/lib/gcc/avr/4.7.2/avr6/libgcc.a(_addsub_sf.o)
__prologue_saves__                                /usr/lib/gcc/avr/4.7.2/avr6/libgcc.a(_prologue.o)
                                                  /usr/lib/gcc/avr/4.7.2/avr6/libgcc.a(_sf_to_si.o)
                                                  /usr/lib/gcc/avr/4.7.2/avr6/libgcc.a(_lt_sf.o)
                                                  /usr/lib/gcc/avr/4.7.2/avr6/libgcc.a(_ge_sf.o)
                                                  /usr/lib/gcc/avr/4.7.2/avr6/libgcc.a(_gt_sf.o)
                                                  /usr/lib/gcc/avr/4.7.2/avr6/libgcc.a(_div_sf.o)
                                                  /usr/lib/gcc/avr/4.7.2/avr6/libgcc.a(_mul_sf.o)
                                                  /usr/lib/gcc/avr/4.7.2/avr6/libgcc.a(_addsub_sf.o)
__stack                                           /usr/lib/gcc/avr/4.7.2/../../../avr/lib/avr6/crtm2560.o
__subsf3                                          /usr/lib/gcc/avr/4.7.2/avr6/libgcc.a(_addsub_sf.o)
                                                  /usr/lib/gcc/avr/4.7.2/avr6/libgcc.a(_fixunssfsi.o)
                                                  obj/Release/usart.o
__thenan_sf                                       /usr/lib/gcc/avr/4.7.2/avr6/libgcc.a(_thenan_sf.o)
                                                  /usr/lib/gcc/avr/4.7.2/avr6/libgcc.a(_div_sf.o)
                                                  /usr/lib/gcc/avr/4.7.2/avr6/libgcc.a(_mul_sf.o)
                                                  /usr/lib/gcc/avr/4.7.2/avr6/libgcc.a(_addsub_sf.o)
__unpack_f                                        /usr/lib/gcc/avr/4.7.2/avr6/libgcc.a(_unpack_sf.o)
                                                  /usr/lib/gcc/avr/4.7.2/avr6/libgcc.a(_sf_to_si.o)
                                                  /usr/lib/gcc/avr/4.7.2/avr6/libgcc.a(_lt_sf.o)
                                                  /usr/lib/gcc/avr/4.7.2/avr6/libgcc.a(_ge_sf.o)
                                                  /usr/lib/gcc/avr/4.7.2/avr6/libgcc.a(_gt_sf.o)
                                                  /usr/lib/gcc/avr/4.7.2/avr6/libgcc.a(_div_sf.o)
                                                  /usr/lib/gcc/avr/4.7.2/avr6/libgcc.a(_mul_sf.o)
                                                  /usr/lib/gcc/avr/4.7.2/avr6/libgcc.a(_addsub_sf.o)
__vector_1                                        /usr/lib/gcc/avr/4.7.2/../../../avr/lib/avr6/crtm2560.o
__vector_10                                       /usr/lib/gcc/avr/4.7.2/../../../avr/lib/avr6/crtm2560.o
__vector_11                                       /usr/lib/gcc/avr/4.7.2/../../../avr/lib/avr6/crtm2560.o
__vector_12                                       /usr/lib/gcc/avr/4.7.2/../../../avr/lib/avr6/crtm2560.o
__vector_13                                       /usr/lib/gcc/avr/4.7.2/../../../avr/lib/avr6/crtm2560.o
__vector_14                                       /usr/lib/gcc/avr/4.7.2/../../../avr/lib/avr6/crtm2560.o
__vector_15                                       /usr/lib/gcc/avr/4.7.2/../../../avr/lib/avr6/crtm2560.o
__vector_16                                       /usr/lib/gcc/avr/4.7.2/../../../avr/lib/avr6/crtm2560.o
__vector_17                                       /usr/lib/gcc/avr/4.7.2/../../../avr/lib/avr6/crtm2560.o
__vector_18                                       /usr/lib/gcc/avr/4.7.2/../../../avr/lib/avr6/crtm2560.o
__vector_19                                       /usr/lib/gcc/avr/4.7.2/../../../avr/lib/avr6/crtm2560.o
__vector_2                                        /usr/lib/gcc/avr/4.7.2/../../../avr/lib/avr6/crtm2560.o
__vector_20                                       /usr/lib/gcc/avr/4.7.2/../../../avr/lib/avr6/crtm2560.o
__vector_21                                       /usr/lib/gcc/avr/4.7.2/../../../avr/lib/avr6/crtm2560.o
__vector_22                                       /usr/lib/gcc/avr/4.7.2/../../../avr/lib/avr6/crtm2560.o
__vector_23                                       /usr/lib/gcc/avr/4.7.2/../../../avr/lib/avr6/crtm2560.o
__vector_24                                       /usr/lib/gcc/avr/4.7.2/../../../avr/lib/avr6/crtm2560.o
__vector_25                                       obj/Release/usart.o
                                                  /usr/lib/gcc/avr/4.7.2/../../../avr/lib/avr6/crtm2560.o
__vector_26                                       /usr/lib/gcc/avr/4.7.2/../../../avr/lib/avr6/crtm2560.o
__vector_27                                       /usr/lib/gcc/avr/4.7.2/../../../avr/lib/avr6/crtm2560.o
__vector_28                                       /usr/lib/gcc/avr/4.7.2/../../../avr/lib/avr6/crtm2560.o
__vector_29                                       /usr/lib/gcc/avr/4.7.2/../../../avr/lib/avr6/crtm2560.o
__vector_3                                        /usr/lib/gcc/avr/4.7.2/../../../avr/lib/avr6/crtm2560.o
__vector_30                                       /usr/lib/gcc/avr/4.7.2/../../../avr/lib/avr6/crtm2560.o
__vector_31                                       /usr/lib/gcc/avr/4.7.2/../../../avr/lib/avr6/crtm2560.o
__vector_32                                       /usr/lib/gcc/avr/4.7.2/../../../avr/lib/avr6/crtm2560.o
__vector_33                                       /usr/lib/gcc/avr/4.7.2/../../../avr/lib/avr6/crtm2560.o
__vector_34                                       /usr/lib/gcc/avr/4.7.2/../../../avr/lib/avr6/crtm2560.o
__vector_35                                       /usr/lib/gcc/avr/4.7.2/../../../avr/lib/avr6/crtm2560.o
__vector_36                                       /usr/lib/gcc/avr/4.7.2/../../../avr/lib/avr6/crtm2560.o
__vector_37                                       /usr/lib/gcc/avr/4.7.2/../../../avr/lib/avr6/crtm2560.o
__vector_38                                       /usr/lib/gcc/avr/4.7.2/../../../avr/lib/avr6/crtm2560.o
__vector_39                                       /usr/lib/gcc/avr/4.7.2/../../../avr/lib/avr6/crtm2560.o
__vector_4                                        /usr/lib/gcc/avr/4.7.2/../../../avr/lib/avr6/crtm2560.o
__vector_40                                       /usr/lib/gcc/avr/4.7.2/../../../avr/lib/avr6/crtm2560.o
__vector_41                                       /usr/lib/gcc/avr/4.7.2/../../../avr/lib/avr6/crtm2560.o
__vector_42                                       /usr/lib/gcc/avr/4.7.2/../../../avr/lib/avr6/crtm2560.o
__vector_43                                       /usr/lib/gcc/avr/4.7.2/../../../avr/lib/avr6/crtm2560.o
__vector_44                                       /usr/lib/gcc/avr/4.7.2/../../../avr/lib/avr6/crtm2560.o
__vector_45                                       /usr/lib/gcc/avr/4.7.2/../../../avr/lib/avr6/crtm2560.o
__vector_46                                       /usr/lib/gcc/avr/4.7.2/../../../avr/lib/avr6/crtm2560.o
__vector_47                                       /usr/lib/gcc/avr/4.7.2/../../../avr/lib/avr6/crtm2560.o
__vector_48                                       /usr/lib/gcc/avr/4.7.2/../../../avr/lib/avr6/crtm2560.o
__vector_49                                       /usr/lib/gcc/avr/4.7.2/../../../avr/lib/avr6/crtm2560.o
__vector_5                                        /usr/lib/gcc/avr/4.7.2/../../../avr/lib/avr6/crtm2560.o
__vector_50                                       /usr/lib/gcc/avr/4.7.2/../../../avr/lib/avr6/crtm2560.o
__vector_51                                       /usr/lib/gcc/avr/4.7.2/../../../avr/lib/avr6/crtm2560.o
__vector_52                                       /usr/lib/gcc/avr/4.7.2/../../../avr/lib/avr6/crtm2560.o
__vector_53                                       /usr/lib/gcc/avr/4.7.2/../../../avr/lib/avr6/crtm2560.o
__vector_54                                       /usr/lib/gcc/avr/4.7.2/../../../avr/lib/avr6/crtm2560.o
__vector_55                                       /usr/lib/gcc/avr/4.7.2/../../../avr/lib/avr6/crtm2560.o
__vector_56                                       /usr/lib/gcc/avr/4.7.2/../../../avr/lib/avr6/crtm2560.o
__vector_6                                        /usr/lib/gcc/avr/4.7.2/../../../avr/lib/avr6/crtm2560.o
__vector_7                                        /usr/lib/gcc/avr/4.7.2/../../../avr/lib/avr6/crtm2560.o
__vector_8                                        /usr/lib/gcc/avr/4.7.2/../../../avr/lib/avr6/crtm2560.o
__vector_9                                        /usr/lib/gcc/avr/4.7.2/../../../avr/lib/avr6/crtm2560.o
__vector_default                                  /usr/lib/gcc/avr/4.7.2/../../../avr/lib/avr6/crtm2560.o
__vectors                                         /usr/lib/gcc/avr/4.7.2/../../../avr/lib/avr6/crtm2560.o
_exit                                             /usr/lib/gcc/avr/4.7.2/avr6/libgcc.a(_exit.o)
bufferpos                                         obj/Release/usart.o
                                                  obj/Release/Sabertooth.o
                                                  obj/Release/Mega2560.o
                                                  obj/Release/main.o
exit                                              /usr/lib/gcc/avr/4.7.2/avr6/libgcc.a(_exit.o)
                                                  /usr/lib/gcc/avr/4.7.2/../../../avr/lib/avr6/crtm2560.o
main                                              obj/Release/main.o
                                                  /usr/lib/gcc/avr/4.7.2/../../../avr/lib/avr6/crtm2560.o
nextState                                         obj/Release/usart.o
                                                  obj/Release/Sabertooth.o
                                                  obj/Release/Mega2560.o
                                                  obj/Release/main.o
receive_buffer                                    obj/Release/usart.o
                                                  obj/Release/Sabertooth.o
                                                  obj/Release/Mega2560.o
                                                  obj/Release/main.o
