Archive member included because of file (symbol)

/usr/lib/gcc/avr/4.7.2/avr6/libgcc.a(_exit.o)
                              /usr/lib/gcc/avr/4.7.2/../../../avr/lib/avr6/crtm2560.o (exit)
/usr/lib/gcc/avr/4.7.2/avr6/libgcc.a(_copy_data.o)
                              obj/Debug/main.o (__do_copy_data)
/usr/lib/gcc/avr/4.7.2/avr6/libgcc.a(_clear_bss.o)
                              obj/Debug/main.o (__do_clear_bss)
/usr/lib/gcc/avr/4.7.2/avr6/libgcc.a(_fixunssfsi.o)
                              obj/Debug/Mega2560.o (__fixunssfsi)
/usr/lib/gcc/avr/4.7.2/avr6/libgcc.a(_addsub_sf.o)
                              obj/Debug/usart.o (__subsf3)
/usr/lib/gcc/avr/4.7.2/avr6/libgcc.a(_mul_sf.o)
                              obj/Debug/Mega2560.o (__mulsf3)
/usr/lib/gcc/avr/4.7.2/avr6/libgcc.a(_div_sf.o)
                              obj/Debug/usart.o (__divsf3)
/usr/lib/gcc/avr/4.7.2/avr6/libgcc.a(_gt_sf.o)
                              obj/Debug/Mega2560.o (__gtsf2)
/usr/lib/gcc/avr/4.7.2/avr6/libgcc.a(_ge_sf.o)
                              /usr/lib/gcc/avr/4.7.2/avr6/libgcc.a(_fixunssfsi.o) (__gesf2)
/usr/lib/gcc/avr/4.7.2/avr6/libgcc.a(_lt_sf.o)
                              obj/Debug/Mega2560.o (__ltsf2)
/usr/lib/gcc/avr/4.7.2/avr6/libgcc.a(_sf_to_si.o)
                              obj/Debug/usart.o (__fixsfsi)
/usr/lib/gcc/avr/4.7.2/avr6/libgcc.a(_thenan_sf.o)
                              /usr/lib/gcc/avr/4.7.2/avr6/libgcc.a(_addsub_sf.o) (__thenan_sf)
/usr/lib/gcc/avr/4.7.2/avr6/libgcc.a(_prologue.o)
                              /usr/lib/gcc/avr/4.7.2/avr6/libgcc.a(_addsub_sf.o) (__prologue_saves__)
/usr/lib/gcc/avr/4.7.2/avr6/libgcc.a(_epilogue.o)
                              /usr/lib/gcc/avr/4.7.2/avr6/libgcc.a(_addsub_sf.o) (__epilogue_restores__)
/usr/lib/gcc/avr/4.7.2/avr6/libgcc.a(_pack_sf.o)
                              /usr/lib/gcc/avr/4.7.2/avr6/libgcc.a(_addsub_sf.o) (__pack_f)
/usr/lib/gcc/avr/4.7.2/avr6/libgcc.a(_unpack_sf.o)
                              /usr/lib/gcc/avr/4.7.2/avr6/libgcc.a(_addsub_sf.o) (__unpack_f)
/usr/lib/gcc/avr/4.7.2/avr6/libgcc.a(_fpcmp_parts_sf.o)
                              /usr/lib/gcc/avr/4.7.2/avr6/libgcc.a(_gt_sf.o) (__fpcmp_parts_f)

Allocating common symbols
Common symbol       size              file

receive_buffer      0x6               obj/Debug/main.o
nextState           0x1               obj/Debug/main.o
bufferpos           0x1               obj/Debug/main.o

Memory Configuration

Name             Origin             Length             Attributes
text             0x0000000000000000 0x0000000000100000 xr
data             0x0000000000800200 0x000000000000fe00 rw !x
eeprom           0x0000000000810000 0x0000000000010000 rw !x
fuse             0x0000000000820000 0x0000000000000400 rw !x
lock             0x0000000000830000 0x0000000000000400 rw !x
signature        0x0000000000840000 0x0000000000000400 rw !x
*default*        0x0000000000000000 0xffffffffffffffff

Linker script and memory map

Address of section .data set to 0x800200
LOAD /usr/lib/gcc/avr/4.7.2/../../../avr/lib/avr6/crtm2560.o
LOAD obj/Debug/fuse.o
LOAD obj/Debug/main.o
LOAD obj/Debug/Mega2560.o
LOAD obj/Debug/Sabertooth.o
LOAD obj/Debug/usart.o
LOAD /usr/lib/gcc/avr/4.7.2/avr6/libgcc.a
LOAD /usr/lib/gcc/avr/4.7.2/../../../avr/lib/avr6/libm.a
LOAD /usr/lib/gcc/avr/4.7.2/avr6/libgcc.a
LOAD /usr/lib/gcc/avr/4.7.2/../../../avr/lib/avr6/libc.a
LOAD /usr/lib/gcc/avr/4.7.2/avr6/libgcc.a

.hash
 *(.hash)

.dynsym
 *(.dynsym)

.dynstr
 *(.dynstr)

.gnu.version
 *(.gnu.version)

.gnu.version_d
 *(.gnu.version_d)

.gnu.version_r
 *(.gnu.version_r)

.rel.init
 *(.rel.init)

.rela.init
 *(.rela.init)

.rel.text
 *(.rel.text)
 *(.rel.text.*)
 *(.rel.gnu.linkonce.t*)

.rela.text
 *(.rela.text)
 *(.rela.text.*)
 *(.rela.gnu.linkonce.t*)

.rel.fini
 *(.rel.fini)

.rela.fini
 *(.rela.fini)

.rel.rodata
 *(.rel.rodata)
 *(.rel.rodata.*)
 *(.rel.gnu.linkonce.r*)

.rela.rodata
 *(.rela.rodata)
 *(.rela.rodata.*)
 *(.rela.gnu.linkonce.r*)

.rel.data
 *(.rel.data)
 *(.rel.data.*)
 *(.rel.gnu.linkonce.d*)

.rela.data
 *(.rela.data)
 *(.rela.data.*)
 *(.rela.gnu.linkonce.d*)

.rel.ctors
 *(.rel.ctors)

.rela.ctors
 *(.rela.ctors)

.rel.dtors
 *(.rel.dtors)

.rela.dtors
 *(.rela.dtors)

.rel.got
 *(.rel.got)

.rela.got
 *(.rela.got)

.rel.bss
 *(.rel.bss)

.rela.bss
 *(.rela.bss)

.rel.plt
 *(.rel.plt)

.rela.plt
 *(.rela.plt)

.text           0x0000000000000000     0x1458
 *(.vectors)
 .vectors       0x0000000000000000       0xe4 /usr/lib/gcc/avr/4.7.2/../../../avr/lib/avr6/crtm2560.o
                0x0000000000000000                __vectors
                0x0000000000000000                __vector_default
 *(.vectors)
 *(.progmem.gcc*)
 *(.progmem*)
                0x00000000000000e4                . = ALIGN (0x2)
                0x00000000000000e4                __trampolines_start = .
 *(.trampolines)
 .trampolines   0x00000000000000e4        0x0 linker stubs
 *(.trampolines*)
                0x00000000000000e4                __trampolines_end = .
 *(.jumptables)
 *(.jumptables*)
 *(.lowtext)
 *(.lowtext*)
                0x00000000000000e4                __ctors_start = .
 *(.ctors)
                0x00000000000000e4                __ctors_end = .
                0x00000000000000e4                __dtors_start = .
 *(.dtors)
                0x00000000000000e4                __dtors_end = .
 SORT(*)(.ctors)
 SORT(*)(.dtors)
 *(.init0)
 .init0         0x00000000000000e4        0x0 /usr/lib/gcc/avr/4.7.2/../../../avr/lib/avr6/crtm2560.o
                0x00000000000000e4                __init
 *(.init0)
 *(.init1)
 *(.init1)
 *(.init2)
 .init2         0x00000000000000e4       0x10 /usr/lib/gcc/avr/4.7.2/../../../avr/lib/avr6/crtm2560.o
 *(.init2)
 *(.init3)
 *(.init3)
 *(.init4)
 .init4         0x00000000000000f4       0x1a /usr/lib/gcc/avr/4.7.2/avr6/libgcc.a(_copy_data.o)
                0x00000000000000f4                __do_copy_data
 .init4         0x000000000000010e       0x10 /usr/lib/gcc/avr/4.7.2/avr6/libgcc.a(_clear_bss.o)
                0x000000000000010e                __do_clear_bss
 *(.init4)
 *(.init5)
 *(.init5)
 *(.init6)
 *(.init6)
 *(.init7)
 *(.init7)
 *(.init8)
 *(.init8)
 *(.init9)
 .init9         0x000000000000011e        0x8 /usr/lib/gcc/avr/4.7.2/../../../avr/lib/avr6/crtm2560.o
 *(.init9)
 *(.text)
 .text          0x0000000000000126        0x4 /usr/lib/gcc/avr/4.7.2/../../../avr/lib/avr6/crtm2560.o
                0x0000000000000126                __vector_38
                0x0000000000000126                __vector_22
                0x0000000000000126                __vector_28
                0x0000000000000126                __vector_1
                0x0000000000000126                __vector_32
                0x0000000000000126                __vector_34
                0x0000000000000126                __vector_24
                0x0000000000000126                __vector_12
                0x0000000000000126                __vector_55
                0x0000000000000126                __vector_46
                0x0000000000000126                __bad_interrupt
                0x0000000000000126                __vector_6
                0x0000000000000126                __vector_31
                0x0000000000000126                __vector_35
                0x0000000000000126                __vector_39
                0x0000000000000126                __vector_3
                0x0000000000000126                __vector_23
                0x0000000000000126                __vector_30
                0x0000000000000126                __vector_45
                0x0000000000000126                __vector_11
                0x0000000000000126                __vector_54
                0x0000000000000126                __vector_13
                0x0000000000000126                __vector_17
                0x0000000000000126                __vector_19
                0x0000000000000126                __vector_56
                0x0000000000000126                __vector_7
                0x0000000000000126                __vector_49
                0x0000000000000126                __vector_41
                0x0000000000000126                __vector_43
                0x0000000000000126                __vector_27
                0x0000000000000126                __vector_5
                0x0000000000000126                __vector_33
                0x0000000000000126                __vector_47
                0x0000000000000126                __vector_52
                0x0000000000000126                __vector_37
                0x0000000000000126                __vector_4
                0x0000000000000126                __vector_44
                0x0000000000000126                __vector_51
                0x0000000000000126                __vector_9
                0x0000000000000126                __vector_2
                0x0000000000000126                __vector_21
                0x0000000000000126                __vector_15
                0x0000000000000126                __vector_36
                0x0000000000000126                __vector_29
                0x0000000000000126                __vector_40
                0x0000000000000126                __vector_8
                0x0000000000000126                __vector_26
                0x0000000000000126                __vector_48
                0x0000000000000126                __vector_14
                0x0000000000000126                __vector_53
                0x0000000000000126                __vector_10
                0x0000000000000126                __vector_50
                0x0000000000000126                __vector_16
                0x0000000000000126                __vector_18
                0x0000000000000126                __vector_20
                0x0000000000000126                __vector_42
 .text          0x000000000000012a        0x0 obj/Debug/fuse.o
 .text          0x000000000000012a        0x0 obj/Debug/main.o
 .text          0x000000000000012a       0xb4 obj/Debug/Mega2560.o
                0x000000000000012a                Initialize_Mega2560
                0x000000000000012e                Mega2560_delay_ms
 .text          0x00000000000001de      0x364 obj/Debug/Sabertooth.o
                0x00000000000001de                Initialize_Sabertooth
                0x000000000000022c                Sabertooth_WriteCommand
                0x000000000000025a                Sabertooth_SetMotors
                0x0000000000000324                Sabertooth_LeftDrive
                0x0000000000000378                Sabertooth_RightDrive
                0x00000000000003cc                Sabertooth_Checksum
                0x00000000000003d6                Sabertooth_HardStop
                0x0000000000000406                Sabertooth_DriveTest
 .text          0x0000000000000542      0x22e obj/Debug/usart.o
                0x0000000000000542                Initialize_USART0
                0x0000000000000596                SendByteUSART0
                0x00000000000005a4                SendStringUSART0
                0x00000000000005c2                GetByteUART
                0x00000000000005d4                Initialize_USART1
                0x0000000000000628                SendByteUSART1
                0x0000000000000636                ChecksumUSART0
                0x000000000000063e                __vector_25
 .text          0x0000000000000770        0x0 /usr/lib/gcc/avr/4.7.2/avr6/libgcc.a(_exit.o)
 .text          0x0000000000000770        0x0 /usr/lib/gcc/avr/4.7.2/avr6/libgcc.a(_copy_data.o)
 .text          0x0000000000000770        0x0 /usr/lib/gcc/avr/4.7.2/avr6/libgcc.a(_clear_bss.o)
 .text          0x0000000000000770       0x5a /usr/lib/gcc/avr/4.7.2/avr6/libgcc.a(_fixunssfsi.o)
                0x0000000000000770                __fixunssfsi
 .text          0x00000000000007ca      0x370 /usr/lib/gcc/avr/4.7.2/avr6/libgcc.a(_addsub_sf.o)
                0x0000000000000a82                __addsf3
                0x0000000000000ada                __subsf3
 .text          0x0000000000000b3a      0x1ca /usr/lib/gcc/avr/4.7.2/avr6/libgcc.a(_mul_sf.o)
                0x0000000000000b3a                __mulsf3
 .text          0x0000000000000d04      0x146 /usr/lib/gcc/avr/4.7.2/avr6/libgcc.a(_div_sf.o)
                0x0000000000000d04                __divsf3
 .text          0x0000000000000e4a       0x5e /usr/lib/gcc/avr/4.7.2/avr6/libgcc.a(_gt_sf.o)
                0x0000000000000e4a                __gtsf2
 .text          0x0000000000000ea8       0x5e /usr/lib/gcc/avr/4.7.2/avr6/libgcc.a(_ge_sf.o)
                0x0000000000000ea8                __gesf2
 .text          0x0000000000000f06       0x5e /usr/lib/gcc/avr/4.7.2/avr6/libgcc.a(_lt_sf.o)
                0x0000000000000f06                __ltsf2
 .text          0x0000000000000f64       0x9e /usr/lib/gcc/avr/4.7.2/avr6/libgcc.a(_sf_to_si.o)
                0x0000000000000f64                __fixsfsi
 .text          0x0000000000001002        0x0 /usr/lib/gcc/avr/4.7.2/avr6/libgcc.a(_thenan_sf.o)
 .text          0x0000000000001002        0x0 /usr/lib/gcc/avr/4.7.2/avr6/libgcc.a(_prologue.o)
 .text          0x0000000000001002        0x0 /usr/lib/gcc/avr/4.7.2/avr6/libgcc.a(_epilogue.o)
 .text          0x0000000000001002      0x194 /usr/lib/gcc/avr/4.7.2/avr6/libgcc.a(_pack_sf.o)
                0x0000000000001002                __pack_f
 .text          0x0000000000001196       0xde /usr/lib/gcc/avr/4.7.2/avr6/libgcc.a(_unpack_sf.o)
                0x0000000000001196                __unpack_f
 .text          0x0000000000001274       0xc2 /usr/lib/gcc/avr/4.7.2/avr6/libgcc.a(_fpcmp_parts_sf.o)
                0x0000000000001274                __fpcmp_parts_f
                0x0000000000001336                . = ALIGN (0x2)
 *(.text.*)
 .text.startup  0x0000000000001336       0xb0 obj/Debug/main.o
                0x0000000000001336                main
 .text.libgcc.mul
                0x00000000000013e6        0x0 /usr/lib/gcc/avr/4.7.2/avr6/libgcc.a(_exit.o)
 .text.libgcc.div
                0x00000000000013e6        0x0 /usr/lib/gcc/avr/4.7.2/avr6/libgcc.a(_exit.o)
 .text.libgcc   0x00000000000013e6        0x0 /usr/lib/gcc/avr/4.7.2/avr6/libgcc.a(_exit.o)
 .text.libgcc.prologue
                0x00000000000013e6        0x0 /usr/lib/gcc/avr/4.7.2/avr6/libgcc.a(_exit.o)
 .text.libgcc.builtins
                0x00000000000013e6        0x0 /usr/lib/gcc/avr/4.7.2/avr6/libgcc.a(_exit.o)
 .text.libgcc.fmul
                0x00000000000013e6        0x0 /usr/lib/gcc/avr/4.7.2/avr6/libgcc.a(_exit.o)
 .text.libgcc.mul
                0x00000000000013e6        0x0 /usr/lib/gcc/avr/4.7.2/avr6/libgcc.a(_copy_data.o)
 .text.libgcc.div
                0x00000000000013e6        0x0 /usr/lib/gcc/avr/4.7.2/avr6/libgcc.a(_copy_data.o)
 .text.libgcc   0x00000000000013e6        0x0 /usr/lib/gcc/avr/4.7.2/avr6/libgcc.a(_copy_data.o)
 .text.libgcc.prologue
                0x00000000000013e6        0x0 /usr/lib/gcc/avr/4.7.2/avr6/libgcc.a(_copy_data.o)
 .text.libgcc.builtins
                0x00000000000013e6        0x0 /usr/lib/gcc/avr/4.7.2/avr6/libgcc.a(_copy_data.o)
 .text.libgcc.fmul
                0x00000000000013e6        0x0 /usr/lib/gcc/avr/4.7.2/avr6/libgcc.a(_copy_data.o)
 .text.libgcc.mul
                0x00000000000013e6        0x0 /usr/lib/gcc/avr/4.7.2/avr6/libgcc.a(_clear_bss.o)
 .text.libgcc.div
                0x00000000000013e6        0x0 /usr/lib/gcc/avr/4.7.2/avr6/libgcc.a(_clear_bss.o)
 .text.libgcc   0x00000000000013e6        0x0 /usr/lib/gcc/avr/4.7.2/avr6/libgcc.a(_clear_bss.o)
 .text.libgcc.prologue
                0x00000000000013e6        0x0 /usr/lib/gcc/avr/4.7.2/avr6/libgcc.a(_clear_bss.o)
 .text.libgcc.builtins
                0x00000000000013e6        0x0 /usr/lib/gcc/avr/4.7.2/avr6/libgcc.a(_clear_bss.o)
 .text.libgcc.fmul
                0x00000000000013e6        0x0 /usr/lib/gcc/avr/4.7.2/avr6/libgcc.a(_clear_bss.o)
 .text.libgcc.mul
                0x00000000000013e6        0x0 /usr/lib/gcc/avr/4.7.2/avr6/libgcc.a(_prologue.o)
 .text.libgcc.div
                0x00000000000013e6        0x0 /usr/lib/gcc/avr/4.7.2/avr6/libgcc.a(_prologue.o)
 .text.libgcc   0x00000000000013e6        0x0 /usr/lib/gcc/avr/4.7.2/avr6/libgcc.a(_prologue.o)
 .text.libgcc.prologue
                0x00000000000013e6       0x38 /usr/lib/gcc/avr/4.7.2/avr6/libgcc.a(_prologue.o)
                0x00000000000013e6                __prologue_saves__
 .text.libgcc.builtins
                0x000000000000141e        0x0 /usr/lib/gcc/avr/4.7.2/avr6/libgcc.a(_prologue.o)
 .text.libgcc.fmul
                0x000000000000141e        0x0 /usr/lib/gcc/avr/4.7.2/avr6/libgcc.a(_prologue.o)
 .text.libgcc.mul
                0x000000000000141e        0x0 /usr/lib/gcc/avr/4.7.2/avr6/libgcc.a(_epilogue.o)
 .text.libgcc.div
                0x000000000000141e        0x0 /usr/lib/gcc/avr/4.7.2/avr6/libgcc.a(_epilogue.o)
 .text.libgcc   0x000000000000141e        0x0 /usr/lib/gcc/avr/4.7.2/avr6/libgcc.a(_epilogue.o)
 .text.libgcc.prologue
                0x000000000000141e       0x36 /usr/lib/gcc/avr/4.7.2/avr6/libgcc.a(_epilogue.o)
                0x000000000000141e                __epilogue_restores__
 .text.libgcc.builtins
                0x0000000000001454        0x0 /usr/lib/gcc/avr/4.7.2/avr6/libgcc.a(_epilogue.o)
 .text.libgcc.fmul
                0x0000000000001454        0x0 /usr/lib/gcc/avr/4.7.2/avr6/libgcc.a(_epilogue.o)
                0x0000000000001454                . = ALIGN (0x2)
 *(.fini9)
 .fini9         0x0000000000001454        0x0 /usr/lib/gcc/avr/4.7.2/avr6/libgcc.a(_exit.o)
                0x0000000000001454                exit
                0x0000000000001454                _exit
 *(.fini9)
 *(.fini8)
 *(.fini8)
 *(.fini7)
 *(.fini7)
 *(.fini6)
 *(.fini6)
 *(.fini5)
 *(.fini5)
 *(.fini4)
 *(.fini4)
 *(.fini3)
 *(.fini3)
 *(.fini2)
 *(.fini2)
 *(.fini1)
 *(.fini1)
 *(.fini0)
 .fini0         0x0000000000001454        0x4 /usr/lib/gcc/avr/4.7.2/avr6/libgcc.a(_exit.o)
 *(.fini0)
                0x0000000000001458                _etext = .

.data           0x0000000000800200       0x42 load address 0x0000000000001458
                0x0000000000800200                PROVIDE (__data_start, .)
 *(.data)
 .data          0x0000000000800200        0x0 /usr/lib/gcc/avr/4.7.2/../../../avr/lib/avr6/crtm2560.o
 .data          0x0000000000800200        0x0 obj/Debug/fuse.o
 .data          0x0000000000800200        0x0 obj/Debug/main.o
 .data          0x0000000000800200        0x0 obj/Debug/Mega2560.o
 .data          0x0000000000800200        0x0 obj/Debug/Sabertooth.o
 .data          0x0000000000800200        0x0 obj/Debug/usart.o
 .data          0x0000000000800200        0x0 /usr/lib/gcc/avr/4.7.2/avr6/libgcc.a(_exit.o)
 .data          0x0000000000800200        0x0 /usr/lib/gcc/avr/4.7.2/avr6/libgcc.a(_copy_data.o)
 .data          0x0000000000800200        0x0 /usr/lib/gcc/avr/4.7.2/avr6/libgcc.a(_clear_bss.o)
 .data          0x0000000000800200        0x0 /usr/lib/gcc/avr/4.7.2/avr6/libgcc.a(_fixunssfsi.o)
 .data          0x0000000000800200        0x0 /usr/lib/gcc/avr/4.7.2/avr6/libgcc.a(_addsub_sf.o)
 .data          0x0000000000800200        0x0 /usr/lib/gcc/avr/4.7.2/avr6/libgcc.a(_mul_sf.o)
 .data          0x0000000000800200        0x0 /usr/lib/gcc/avr/4.7.2/avr6/libgcc.a(_div_sf.o)
 .data          0x0000000000800200        0x0 /usr/lib/gcc/avr/4.7.2/avr6/libgcc.a(_gt_sf.o)
 .data          0x0000000000800200        0x0 /usr/lib/gcc/avr/4.7.2/avr6/libgcc.a(_ge_sf.o)
 .data          0x0000000000800200        0x0 /usr/lib/gcc/avr/4.7.2/avr6/libgcc.a(_lt_sf.o)
 .data          0x0000000000800200        0x0 /usr/lib/gcc/avr/4.7.2/avr6/libgcc.a(_sf_to_si.o)
 .data          0x0000000000800200        0x0 /usr/lib/gcc/avr/4.7.2/avr6/libgcc.a(_thenan_sf.o)
 .data          0x0000000000800200        0x0 /usr/lib/gcc/avr/4.7.2/avr6/libgcc.a(_prologue.o)
 .data          0x0000000000800200        0x0 /usr/lib/gcc/avr/4.7.2/avr6/libgcc.a(_epilogue.o)
 .data          0x0000000000800200        0x0 /usr/lib/gcc/avr/4.7.2/avr6/libgcc.a(_pack_sf.o)
 .data          0x0000000000800200        0x0 /usr/lib/gcc/avr/4.7.2/avr6/libgcc.a(_unpack_sf.o)
 .data          0x0000000000800200        0x0 /usr/lib/gcc/avr/4.7.2/avr6/libgcc.a(_fpcmp_parts_sf.o)
 *(.data*)
 *(.rodata)
 .rodata        0x0000000000800200        0x8 /usr/lib/gcc/avr/4.7.2/avr6/libgcc.a(_thenan_sf.o)
                0x0000000000800200                __thenan_sf
 *(.rodata*)
 .rodata.str1.1
                0x0000000000800208       0x39 obj/Debug/main.o
 *(.gnu.linkonce.d*)
                0x0000000000800242                . = ALIGN (0x2)
 *fill*         0x0000000000800241        0x1 00
                0x0000000000800242                _edata = .
                0x0000000000800242                PROVIDE (__data_end, .)

.bss            0x0000000000800242        0x8
                0x0000000000800242                PROVIDE (__bss_start, .)
 *(.bss)
 .bss           0x0000000000800242        0x0 /usr/lib/gcc/avr/4.7.2/../../../avr/lib/avr6/crtm2560.o
 .bss           0x0000000000800242        0x0 obj/Debug/fuse.o
 .bss           0x0000000000800242        0x0 obj/Debug/main.o
 .bss           0x0000000000800242        0x0 obj/Debug/Mega2560.o
 .bss           0x0000000000800242        0x0 obj/Debug/Sabertooth.o
 .bss           0x0000000000800242        0x0 obj/Debug/usart.o
 .bss           0x0000000000800242        0x0 /usr/lib/gcc/avr/4.7.2/avr6/libgcc.a(_exit.o)
 .bss           0x0000000000800242        0x0 /usr/lib/gcc/avr/4.7.2/avr6/libgcc.a(_copy_data.o)
 .bss           0x0000000000800242        0x0 /usr/lib/gcc/avr/4.7.2/avr6/libgcc.a(_clear_bss.o)
 .bss           0x0000000000800242        0x0 /usr/lib/gcc/avr/4.7.2/avr6/libgcc.a(_fixunssfsi.o)
 .bss           0x0000000000800242        0x0 /usr/lib/gcc/avr/4.7.2/avr6/libgcc.a(_addsub_sf.o)
 .bss           0x0000000000800242        0x0 /usr/lib/gcc/avr/4.7.2/avr6/libgcc.a(_mul_sf.o)
 .bss           0x0000000000800242        0x0 /usr/lib/gcc/avr/4.7.2/avr6/libgcc.a(_div_sf.o)
 .bss           0x0000000000800242        0x0 /usr/lib/gcc/avr/4.7.2/avr6/libgcc.a(_gt_sf.o)
 .bss           0x0000000000800242        0x0 /usr/lib/gcc/avr/4.7.2/avr6/libgcc.a(_ge_sf.o)
 .bss           0x0000000000800242        0x0 /usr/lib/gcc/avr/4.7.2/avr6/libgcc.a(_lt_sf.o)
 .bss           0x0000000000800242        0x0 /usr/lib/gcc/avr/4.7.2/avr6/libgcc.a(_sf_to_si.o)
 .bss           0x0000000000800242        0x0 /usr/lib/gcc/avr/4.7.2/avr6/libgcc.a(_thenan_sf.o)
 .bss           0x0000000000800242        0x0 /usr/lib/gcc/avr/4.7.2/avr6/libgcc.a(_prologue.o)
 .bss           0x0000000000800242        0x0 /usr/lib/gcc/avr/4.7.2/avr6/libgcc.a(_epilogue.o)
 .bss           0x0000000000800242        0x0 /usr/lib/gcc/avr/4.7.2/avr6/libgcc.a(_pack_sf.o)
 .bss           0x0000000000800242        0x0 /usr/lib/gcc/avr/4.7.2/avr6/libgcc.a(_unpack_sf.o)
 .bss           0x0000000000800242        0x0 /usr/lib/gcc/avr/4.7.2/avr6/libgcc.a(_fpcmp_parts_sf.o)
 *(.bss*)
 *(COMMON)
 COMMON         0x0000000000800242        0x8 obj/Debug/main.o
                0x0000000000800242                receive_buffer
                0x0000000000800248                nextState
                0x0000000000800249                bufferpos
                0x000000000080024a                PROVIDE (__bss_end, .)
                0x0000000000001458                __data_load_start = LOADADDR (.data)
                0x000000000000149a                __data_load_end = (__data_load_start + SIZEOF (.data))

.noinit         0x000000000080024a        0x0
                0x000000000080024a                PROVIDE (__noinit_start, .)
 *(.noinit*)
                0x000000000080024a                PROVIDE (__noinit_end, .)
                0x000000000080024a                _end = .
                0x000000000080024a                PROVIDE (__heap_start, .)

.eeprom         0x0000000000810000        0x0
 *(.eeprom*)
                0x0000000000810000                __eeprom_end = .

.fuse           0x0000000000820000        0x3
 *(.fuse)
 .fuse          0x0000000000820000        0x3 obj/Debug/fuse.o
                0x0000000000820000                __fuse
 *(.lfuse)
 *(.hfuse)
 *(.efuse)

.lock
 *(.lock*)

.signature
 *(.signature*)

.stab           0x0000000000000000     0x25b0
 *(.stab)
 .stab          0x0000000000000000      0x6e4 /usr/lib/gcc/avr/4.7.2/../../../avr/lib/avr6/crtm2560.o
 .stab          0x00000000000006e4      0x2dc obj/Debug/fuse.o
                                        0x2e8 (size before relaxing)
 .stab          0x00000000000009c0      0x744 obj/Debug/main.o
                                        0x8f4 (size before relaxing)
 .stab          0x0000000000001104      0x2b8 obj/Debug/Mega2560.o
                                        0x4bc (size before relaxing)
 .stab          0x00000000000013bc      0xa80 obj/Debug/Sabertooth.o
                                        0xc60 (size before relaxing)
 .stab          0x0000000000001e3c      0x774 obj/Debug/usart.o
                                        0xcc0 (size before relaxing)

.stabstr        0x0000000000000000     0x1a03
 *(.stabstr)
 .stabstr       0x0000000000000000     0x1a03 /usr/lib/gcc/avr/4.7.2/../../../avr/lib/avr6/crtm2560.o

.stab.excl
 *(.stab.excl)

.stab.exclstr
 *(.stab.exclstr)

.stab.index
 *(.stab.index)

.stab.indexstr
 *(.stab.indexstr)

.comment        0x0000000000000000       0x11
 *(.comment)
 .comment       0x0000000000000000       0x11 obj/Debug/fuse.o
                                         0x12 (size before relaxing)
 .comment       0x0000000000000000       0x12 obj/Debug/main.o
 .comment       0x0000000000000000       0x12 obj/Debug/Mega2560.o
 .comment       0x0000000000000000       0x12 obj/Debug/Sabertooth.o
 .comment       0x0000000000000000       0x12 obj/Debug/usart.o
 .comment       0x0000000000000000       0x12 /usr/lib/gcc/avr/4.7.2/avr6/libgcc.a(_fixunssfsi.o)
 .comment       0x0000000000000000       0x12 /usr/lib/gcc/avr/4.7.2/avr6/libgcc.a(_addsub_sf.o)
 .comment       0x0000000000000000       0x12 /usr/lib/gcc/avr/4.7.2/avr6/libgcc.a(_mul_sf.o)
 .comment       0x0000000000000000       0x12 /usr/lib/gcc/avr/4.7.2/avr6/libgcc.a(_div_sf.o)
 .comment       0x0000000000000000       0x12 /usr/lib/gcc/avr/4.7.2/avr6/libgcc.a(_gt_sf.o)
 .comment       0x0000000000000000       0x12 /usr/lib/gcc/avr/4.7.2/avr6/libgcc.a(_ge_sf.o)
 .comment       0x0000000000000000       0x12 /usr/lib/gcc/avr/4.7.2/avr6/libgcc.a(_lt_sf.o)
 .comment       0x0000000000000000       0x12 /usr/lib/gcc/avr/4.7.2/avr6/libgcc.a(_sf_to_si.o)
 .comment       0x0000000000000000       0x12 /usr/lib/gcc/avr/4.7.2/avr6/libgcc.a(_thenan_sf.o)
 .comment       0x0000000000000000       0x12 /usr/lib/gcc/avr/4.7.2/avr6/libgcc.a(_pack_sf.o)
 .comment       0x0000000000000000       0x12 /usr/lib/gcc/avr/4.7.2/avr6/libgcc.a(_unpack_sf.o)
 .comment       0x0000000000000000       0x12 /usr/lib/gcc/avr/4.7.2/avr6/libgcc.a(_fpcmp_parts_sf.o)

.debug
 *(.debug)

.line
 *(.line)

.debug_srcinfo
 *(.debug_srcinfo)

.debug_sfnames
 *(.debug_sfnames)

.debug_aranges
 *(.debug_aranges)

.debug_pubnames
 *(.debug_pubnames)

.debug_info
 *(.debug_info)
 *(.gnu.linkonce.wi.*)

.debug_abbrev
 *(.debug_abbrev)

.debug_line
 *(.debug_line)

.debug_frame
 *(.debug_frame)

.debug_str
 *(.debug_str)

.debug_loc
 *(.debug_loc)

.debug_macinfo
 *(.debug_macinfo)
OUTPUT(bin/Debug/MainDriveFirmware.elf elf32-avr)
LOAD linker stubs

Cross Reference Table

Symbol                                            File
ChecksumUSART0                                    obj/Debug/usart.o
GetByteUART                                       obj/Debug/usart.o
                                                  obj/Debug/main.o
Initialize_Mega2560                               obj/Debug/Mega2560.o
                                                  obj/Debug/main.o
Initialize_Sabertooth                             obj/Debug/Sabertooth.o
                                                  obj/Debug/main.o
Initialize_USART0                                 obj/Debug/usart.o
                                                  obj/Debug/main.o
Initialize_USART1                                 obj/Debug/usart.o
                                                  obj/Debug/main.o
Mega2560_delay_ms                                 obj/Debug/Mega2560.o
                                                  obj/Debug/Sabertooth.o
                                                  obj/Debug/main.o
Sabertooth_Checksum                               obj/Debug/Sabertooth.o
Sabertooth_DriveTest                              obj/Debug/Sabertooth.o
Sabertooth_HardStop                               obj/Debug/Sabertooth.o
                                                  obj/Debug/usart.o
Sabertooth_LeftDrive                              obj/Debug/Sabertooth.o
Sabertooth_RightDrive                             obj/Debug/Sabertooth.o
Sabertooth_SetMotors                              obj/Debug/Sabertooth.o
                                                  obj/Debug/usart.o
Sabertooth_WriteCommand                           obj/Debug/Sabertooth.o
SendByteUSART0                                    obj/Debug/usart.o
SendByteUSART1                                    obj/Debug/usart.o
                                                  obj/Debug/Sabertooth.o
SendStringUSART0                                  obj/Debug/usart.o
                                                  obj/Debug/main.o
__addsf3                                          /usr/lib/gcc/avr/4.7.2/avr6/libgcc.a(_addsub_sf.o)
__bad_interrupt                                   /usr/lib/gcc/avr/4.7.2/../../../avr/lib/avr6/crtm2560.o
__bss_end                                         /usr/lib/gcc/avr/4.7.2/avr6/libgcc.a(_clear_bss.o)
__bss_start                                       /usr/lib/gcc/avr/4.7.2/avr6/libgcc.a(_clear_bss.o)
__data_end                                        /usr/lib/gcc/avr/4.7.2/avr6/libgcc.a(_copy_data.o)
__data_load_start                                 /usr/lib/gcc/avr/4.7.2/avr6/libgcc.a(_copy_data.o)
__data_start                                      /usr/lib/gcc/avr/4.7.2/avr6/libgcc.a(_copy_data.o)
__divsf3                                          /usr/lib/gcc/avr/4.7.2/avr6/libgcc.a(_div_sf.o)
                                                  obj/Debug/usart.o
__do_clear_bss                                    /usr/lib/gcc/avr/4.7.2/avr6/libgcc.a(_clear_bss.o)
                                                  obj/Debug/usart.o
                                                  obj/Debug/Sabertooth.o
                                                  obj/Debug/Mega2560.o
                                                  obj/Debug/main.o
__do_copy_data                                    /usr/lib/gcc/avr/4.7.2/avr6/libgcc.a(_copy_data.o)
                                                  /usr/lib/gcc/avr/4.7.2/avr6/libgcc.a(_thenan_sf.o)
                                                  obj/Debug/main.o
__epilogue_restores__                             /usr/lib/gcc/avr/4.7.2/avr6/libgcc.a(_epilogue.o)
                                                  /usr/lib/gcc/avr/4.7.2/avr6/libgcc.a(_sf_to_si.o)
                                                  /usr/lib/gcc/avr/4.7.2/avr6/libgcc.a(_lt_sf.o)
                                                  /usr/lib/gcc/avr/4.7.2/avr6/libgcc.a(_ge_sf.o)
                                                  /usr/lib/gcc/avr/4.7.2/avr6/libgcc.a(_gt_sf.o)
                                                  /usr/lib/gcc/avr/4.7.2/avr6/libgcc.a(_div_sf.o)
                                                  /usr/lib/gcc/avr/4.7.2/avr6/libgcc.a(_mul_sf.o)
                                                  /usr/lib/gcc/avr/4.7.2/avr6/libgcc.a(_addsub_sf.o)
__fixsfsi                                         /usr/lib/gcc/avr/4.7.2/avr6/libgcc.a(_sf_to_si.o)
                                                  /usr/lib/gcc/avr/4.7.2/avr6/libgcc.a(_fixunssfsi.o)
                                                  obj/Debug/usart.o
__fixunssfsi                                      /usr/lib/gcc/avr/4.7.2/avr6/libgcc.a(_fixunssfsi.o)
                                                  obj/Debug/Mega2560.o
__fpcmp_parts_f                                   /usr/lib/gcc/avr/4.7.2/avr6/libgcc.a(_fpcmp_parts_sf.o)
                                                  /usr/lib/gcc/avr/4.7.2/avr6/libgcc.a(_lt_sf.o)
                                                  /usr/lib/gcc/avr/4.7.2/avr6/libgcc.a(_ge_sf.o)
                                                  /usr/lib/gcc/avr/4.7.2/avr6/libgcc.a(_gt_sf.o)
__fuse                                            obj/Debug/fuse.o
__gesf2                                           /usr/lib/gcc/avr/4.7.2/avr6/libgcc.a(_ge_sf.o)
                                                  /usr/lib/gcc/avr/4.7.2/avr6/libgcc.a(_fixunssfsi.o)
__gtsf2                                           /usr/lib/gcc/avr/4.7.2/avr6/libgcc.a(_gt_sf.o)
                                                  obj/Debug/Mega2560.o
__heap_end                                        /usr/lib/gcc/avr/4.7.2/../../../avr/lib/avr6/crtm2560.o
__init                                            /usr/lib/gcc/avr/4.7.2/../../../avr/lib/avr6/crtm2560.o
__ltsf2                                           /usr/lib/gcc/avr/4.7.2/avr6/libgcc.a(_lt_sf.o)
                                                  obj/Debug/Mega2560.o
__mulsf3                                          /usr/lib/gcc/avr/4.7.2/avr6/libgcc.a(_mul_sf.o)
                                                  obj/Debug/usart.o
                                                  obj/Debug/Mega2560.o
__pack_f                                          /usr/lib/gcc/avr/4.7.2/avr6/libgcc.a(_pack_sf.o)
                                                  /usr/lib/gcc/avr/4.7.2/avr6/libgcc.a(_div_sf.o)
                                                  /usr/lib/gcc/avr/4.7.2/avr6/libgcc.a(_mul_sf.o)
                                                  /usr/lib/gcc/avr/4.7.2/avr6/libgcc.a(_addsub_sf.o)
__prologue_saves__                                /usr/lib/gcc/avr/4.7.2/avr6/libgcc.a(_prologue.o)
                                                  /usr/lib/gcc/avr/4.7.2/avr6/libgcc.a(_sf_to_si.o)
                                                  /usr/lib/gcc/avr/4.7.2/avr6/libgcc.a(_lt_sf.o)
                                                  /usr/lib/gcc/avr/4.7.2/avr6/libgcc.a(_ge_sf.o)
                                                  /usr/lib/gcc/avr/4.7.2/avr6/libgcc.a(_gt_sf.o)
                                                  /usr/lib/gcc/avr/4.7.2/avr6/libgcc.a(_div_sf.o)
                                                  /usr/lib/gcc/avr/4.7.2/avr6/libgcc.a(_mul_sf.o)
                                                  /usr/lib/gcc/avr/4.7.2/avr6/libgcc.a(_addsub_sf.o)
__stack                                           /usr/lib/gcc/avr/4.7.2/../../../avr/lib/avr6/crtm2560.o
__subsf3                                          /usr/lib/gcc/avr/4.7.2/avr6/libgcc.a(_addsub_sf.o)
                                                  /usr/lib/gcc/avr/4.7.2/avr6/libgcc.a(_fixunssfsi.o)
                                                  obj/Debug/usart.o
__thenan_sf                                       /usr/lib/gcc/avr/4.7.2/avr6/libgcc.a(_thenan_sf.o)
                                                  /usr/lib/gcc/avr/4.7.2/avr6/libgcc.a(_div_sf.o)
                                                  /usr/lib/gcc/avr/4.7.2/avr6/libgcc.a(_mul_sf.o)
                                                  /usr/lib/gcc/avr/4.7.2/avr6/libgcc.a(_addsub_sf.o)
__unpack_f                                        /usr/lib/gcc/avr/4.7.2/avr6/libgcc.a(_unpack_sf.o)
                                                  /usr/lib/gcc/avr/4.7.2/avr6/libgcc.a(_sf_to_si.o)
                                                  /usr/lib/gcc/avr/4.7.2/avr6/libgcc.a(_lt_sf.o)
                                                  /usr/lib/gcc/avr/4.7.2/avr6/libgcc.a(_ge_sf.o)
                                                  /usr/lib/gcc/avr/4.7.2/avr6/libgcc.a(_gt_sf.o)
                                                  /usr/lib/gcc/avr/4.7.2/avr6/libgcc.a(_div_sf.o)
                                                  /usr/lib/gcc/avr/4.7.2/avr6/libgcc.a(_mul_sf.o)
                                                  /usr/lib/gcc/avr/4.7.2/avr6/libgcc.a(_addsub_sf.o)
__vector_1                                        /usr/lib/gcc/avr/4.7.2/../../../avr/lib/avr6/crtm2560.o
__vector_10                                       /usr/lib/gcc/avr/4.7.2/../../../avr/lib/avr6/crtm2560.o
__vector_11                                       /usr/lib/gcc/avr/4.7.2/../../../avr/lib/avr6/crtm2560.o
__vector_12                                       /usr/lib/gcc/avr/4.7.2/../../../avr/lib/avr6/crtm2560.o
__vector_13                                       /usr/lib/gcc/avr/4.7.2/../../../avr/lib/avr6/crtm2560.o
__vector_14                                       /usr/lib/gcc/avr/4.7.2/../../../avr/lib/avr6/crtm2560.o
__vector_15                                       /usr/lib/gcc/avr/4.7.2/../../../avr/lib/avr6/crtm2560.o
__vector_16                                       /usr/lib/gcc/avr/4.7.2/../../../avr/lib/avr6/crtm2560.o
__vector_17                                       /usr/lib/gcc/avr/4.7.2/../../../avr/lib/avr6/crtm2560.o
__vector_18                                       /usr/lib/gcc/avr/4.7.2/../../../avr/lib/avr6/crtm2560.o
__vector_19                                       /usr/lib/gcc/avr/4.7.2/../../../avr/lib/avr6/crtm2560.o
__vector_2                                        /usr/lib/gcc/avr/4.7.2/../../../avr/lib/avr6/crtm2560.o
__vector_20                                       /usr/lib/gcc/avr/4.7.2/../../../avr/lib/avr6/crtm2560.o
__vector_21                                       /usr/lib/gcc/avr/4.7.2/../../../avr/lib/avr6/crtm2560.o
__vector_22                                       /usr/lib/gcc/avr/4.7.2/../../../avr/lib/avr6/crtm2560.o
__vector_23                                       /usr/lib/gcc/avr/4.7.2/../../../avr/lib/avr6/crtm2560.o
__vector_24                                       /usr/lib/gcc/avr/4.7.2/../../../avr/lib/avr6/crtm2560.o
__vector_25                                       obj/Debug/usart.o
                                                  /usr/lib/gcc/avr/4.7.2/../../../avr/lib/avr6/crtm2560.o
__vector_26                                       /usr/lib/gcc/avr/4.7.2/../../../avr/lib/avr6/crtm2560.o
__vector_27                                       /usr/lib/gcc/avr/4.7.2/../../../avr/lib/avr6/crtm2560.o
__vector_28                                       /usr/lib/gcc/avr/4.7.2/../../../avr/lib/avr6/crtm2560.o
__vector_29                                       /usr/lib/gcc/avr/4.7.2/../../../avr/lib/avr6/crtm2560.o
__vector_3                                        /usr/lib/gcc/avr/4.7.2/../../../avr/lib/avr6/crtm2560.o
__vector_30                                       /usr/lib/gcc/avr/4.7.2/../../../avr/lib/avr6/crtm2560.o
__vector_31                                       /usr/lib/gcc/avr/4.7.2/../../../avr/lib/avr6/crtm2560.o
__vector_32                                       /usr/lib/gcc/avr/4.7.2/../../../avr/lib/avr6/crtm2560.o
__vector_33                                       /usr/lib/gcc/avr/4.7.2/../../../avr/lib/avr6/crtm2560.o
__vector_34                                       /usr/lib/gcc/avr/4.7.2/../../../avr/lib/avr6/crtm2560.o
__vector_35                                       /usr/lib/gcc/avr/4.7.2/../../../avr/lib/avr6/crtm2560.o
__vector_36                                       /usr/lib/gcc/avr/4.7.2/../../../avr/lib/avr6/crtm2560.o
__vector_37                                       /usr/lib/gcc/avr/4.7.2/../../../avr/lib/avr6/crtm2560.o
__vector_38                                       /usr/lib/gcc/avr/4.7.2/../../../avr/lib/avr6/crtm2560.o
__vector_39                                       /usr/lib/gcc/avr/4.7.2/../../../avr/lib/avr6/crtm2560.o
__vector_4                                        /usr/lib/gcc/avr/4.7.2/../../../avr/lib/avr6/crtm2560.o
__vector_40                                       /usr/lib/gcc/avr/4.7.2/../../../avr/lib/avr6/crtm2560.o
__vector_41                                       /usr/lib/gcc/avr/4.7.2/../../../avr/lib/avr6/crtm2560.o
__vector_42                                       /usr/lib/gcc/avr/4.7.2/../../../avr/lib/avr6/crtm2560.o
__vector_43                                       /usr/lib/gcc/avr/4.7.2/../../../avr/lib/avr6/crtm2560.o
__vector_44                                       /usr/lib/gcc/avr/4.7.2/../../../avr/lib/avr6/crtm2560.o
__vector_45                                       /usr/lib/gcc/avr/4.7.2/../../../avr/lib/avr6/crtm2560.o
__vector_46                                       /usr/lib/gcc/avr/4.7.2/../../../avr/lib/avr6/crtm2560.o
__vector_47                                       /usr/lib/gcc/avr/4.7.2/../../../avr/lib/avr6/crtm2560.o
__vector_48                                       /usr/lib/gcc/avr/4.7.2/../../../avr/lib/avr6/crtm2560.o
__vector_49                                       /usr/lib/gcc/avr/4.7.2/../../../avr/lib/avr6/crtm2560.o
__vector_5                                        /usr/lib/gcc/avr/4.7.2/../../../avr/lib/avr6/crtm2560.o
__vector_50                                       /usr/lib/gcc/avr/4.7.2/../../../avr/lib/avr6/crtm2560.o
__vector_51                                       /usr/lib/gcc/avr/4.7.2/../../../avr/lib/avr6/crtm2560.o
__vector_52                                       /usr/lib/gcc/avr/4.7.2/../../../avr/lib/avr6/crtm2560.o
__vector_53                                       /usr/lib/gcc/avr/4.7.2/../../../avr/lib/avr6/crtm2560.o
__vector_54                                       /usr/lib/gcc/avr/4.7.2/../../../avr/lib/avr6/crtm2560.o
__vector_55                                       /usr/lib/gcc/avr/4.7.2/../../../avr/lib/avr6/crtm2560.o
__vector_56                                       /usr/lib/gcc/avr/4.7.2/../../../avr/lib/avr6/crtm2560.o
__vector_6                                        /usr/lib/gcc/avr/4.7.2/../../../avr/lib/avr6/crtm2560.o
__vector_7                                        /usr/lib/gcc/avr/4.7.2/../../../avr/lib/avr6/crtm2560.o
__vector_8                                        /usr/lib/gcc/avr/4.7.2/../../../avr/lib/avr6/crtm2560.o
__vector_9                                        /usr/lib/gcc/avr/4.7.2/../../../avr/lib/avr6/crtm2560.o
__vector_default                                  /usr/lib/gcc/avr/4.7.2/../../../avr/lib/avr6/crtm2560.o
__vectors                                         /usr/lib/gcc/avr/4.7.2/../../../avr/lib/avr6/crtm2560.o
_exit                                             /usr/lib/gcc/avr/4.7.2/avr6/libgcc.a(_exit.o)
bufferpos                                         obj/Debug/usart.o
                                                  obj/Debug/Sabertooth.o
                                                  obj/Debug/Mega2560.o
                                                  obj/Debug/main.o
exit                                              /usr/lib/gcc/avr/4.7.2/avr6/libgcc.a(_exit.o)
                                                  /usr/lib/gcc/avr/4.7.2/../../../avr/lib/avr6/crtm2560.o
main                                              obj/Debug/main.o
                                                  /usr/lib/gcc/avr/4.7.2/../../../avr/lib/avr6/crtm2560.o
nextState                                         obj/Debug/usart.o
                                                  obj/Debug/Sabertooth.o
                                                  obj/Debug/Mega2560.o
                                                  obj/Debug/main.o
receive_buffer                                    obj/Debug/usart.o
                                                  obj/Debug/Sabertooth.o
                                                  obj/Debug/Mega2560.o
                                                  obj/Debug/main.o
