Archive member included because of file (symbol)

c:/program files (x86)/atmel/atmel toolchain/avr8 gcc/native/3.4.1051/avr8-gnu-toolchain/bin/../lib/gcc/avr/4.8.1/avrxmega2\libgcc.a(_exit.o)
                              c:/program files (x86)/atmel/atmel toolchain/avr8 gcc/native/3.4.1051/avr8-gnu-toolchain/bin/../lib/gcc/avr/4.8.1/../../../../avr/lib/avrxmega2/crtx32d4.o (exit)
c:/program files (x86)/atmel/atmel toolchain/avr8 gcc/native/3.4.1051/avr8-gnu-toolchain/bin/../lib/gcc/avr/4.8.1/avrxmega2\libgcc.a(_copy_data.o)
                              DriveControl.o (__do_copy_data)
c:/program files (x86)/atmel/atmel toolchain/avr8 gcc/native/3.4.1051/avr8-gnu-toolchain/bin/../lib/gcc/avr/4.8.1/avrxmega2\libgcc.a(_clear_bss.o)
                              DriveControl.o (__do_clear_bss)

Discarded input sections

 .bss           0x00000000        0x0 c:/program files (x86)/atmel/atmel toolchain/avr8 gcc/native/3.4.1051/avr8-gnu-toolchain/bin/../lib/gcc/avr/4.8.1/../../../../avr/lib/avrxmega2/crtx32d4.o
 .text          0x00000000        0x0 DriveControl.o
 .bss           0x00000000        0x0 DriveControl.o
 .data.sendArray
                0x00000000        0x4 DriveControl.o
 .text          0x00000000        0x0 Misc.o
 .bss           0x00000000        0x0 Misc.o
 .text          0x00000000        0x0 Sabertooth.o
 .bss           0x00000000        0x0 Sabertooth.o
 .text._ZN10Sabertooth13SaberChecksumEhh
                0x00000000        0x8 Sabertooth.o
 .text._ZN10Sabertooth9DriveTestEv
                0x00000000       0xc6 Sabertooth.o
 .text._ZN10Sabertooth10ResetSaberEv
                0x00000000       0x14 Sabertooth.o
 .text          0x00000000        0x0 usart_driver.o
 .bss           0x00000000        0x0 usart_driver.o
 .text.USART_InterruptDriver_DreInterruptLevel_Set
                0x00000000        0x6 usart_driver.o
 .text.USART_TXBuffer_FreeSpace
                0x00000000       0x14 usart_driver.o
 .text.USART_TXBuffer_PutByte
                0x00000000       0x38 usart_driver.o
 .text.USART_NineBits_PutChar
                0x00000000       0x18 usart_driver.o
 .text.USART_NineBits_GetChar
                0x00000000       0x18 usart_driver.o
 .text          0x00000000        0x0 c:/program files (x86)/atmel/atmel toolchain/avr8 gcc/native/3.4.1051/avr8-gnu-toolchain/bin/../lib/gcc/avr/4.8.1/avrxmega2\libgcc.a(_exit.o)
 .bss           0x00000000        0x0 c:/program files (x86)/atmel/atmel toolchain/avr8 gcc/native/3.4.1051/avr8-gnu-toolchain/bin/../lib/gcc/avr/4.8.1/avrxmega2\libgcc.a(_exit.o)
 .text.libgcc.mul
                0x00000000        0x0 c:/program files (x86)/atmel/atmel toolchain/avr8 gcc/native/3.4.1051/avr8-gnu-toolchain/bin/../lib/gcc/avr/4.8.1/avrxmega2\libgcc.a(_exit.o)
 .text.libgcc.div
                0x00000000        0x0 c:/program files (x86)/atmel/atmel toolchain/avr8 gcc/native/3.4.1051/avr8-gnu-toolchain/bin/../lib/gcc/avr/4.8.1/avrxmega2\libgcc.a(_exit.o)
 .text.libgcc   0x00000000        0x0 c:/program files (x86)/atmel/atmel toolchain/avr8 gcc/native/3.4.1051/avr8-gnu-toolchain/bin/../lib/gcc/avr/4.8.1/avrxmega2\libgcc.a(_exit.o)
 .text.libgcc.prologue
                0x00000000        0x0 c:/program files (x86)/atmel/atmel toolchain/avr8 gcc/native/3.4.1051/avr8-gnu-toolchain/bin/../lib/gcc/avr/4.8.1/avrxmega2\libgcc.a(_exit.o)
 .text.libgcc.builtins
                0x00000000        0x0 c:/program files (x86)/atmel/atmel toolchain/avr8 gcc/native/3.4.1051/avr8-gnu-toolchain/bin/../lib/gcc/avr/4.8.1/avrxmega2\libgcc.a(_exit.o)
 .text.libgcc.fmul
                0x00000000        0x0 c:/program files (x86)/atmel/atmel toolchain/avr8 gcc/native/3.4.1051/avr8-gnu-toolchain/bin/../lib/gcc/avr/4.8.1/avrxmega2\libgcc.a(_exit.o)
 .text.libgcc.fixed
                0x00000000        0x0 c:/program files (x86)/atmel/atmel toolchain/avr8 gcc/native/3.4.1051/avr8-gnu-toolchain/bin/../lib/gcc/avr/4.8.1/avrxmega2\libgcc.a(_exit.o)
 .text          0x00000000        0x0 c:/program files (x86)/atmel/atmel toolchain/avr8 gcc/native/3.4.1051/avr8-gnu-toolchain/bin/../lib/gcc/avr/4.8.1/avrxmega2\libgcc.a(_copy_data.o)
 .bss           0x00000000        0x0 c:/program files (x86)/atmel/atmel toolchain/avr8 gcc/native/3.4.1051/avr8-gnu-toolchain/bin/../lib/gcc/avr/4.8.1/avrxmega2\libgcc.a(_copy_data.o)
 .text.libgcc.mul
                0x00000000        0x0 c:/program files (x86)/atmel/atmel toolchain/avr8 gcc/native/3.4.1051/avr8-gnu-toolchain/bin/../lib/gcc/avr/4.8.1/avrxmega2\libgcc.a(_copy_data.o)
 .text.libgcc.div
                0x00000000        0x0 c:/program files (x86)/atmel/atmel toolchain/avr8 gcc/native/3.4.1051/avr8-gnu-toolchain/bin/../lib/gcc/avr/4.8.1/avrxmega2\libgcc.a(_copy_data.o)
 .text.libgcc   0x00000000        0x0 c:/program files (x86)/atmel/atmel toolchain/avr8 gcc/native/3.4.1051/avr8-gnu-toolchain/bin/../lib/gcc/avr/4.8.1/avrxmega2\libgcc.a(_copy_data.o)
 .text.libgcc.prologue
                0x00000000        0x0 c:/program files (x86)/atmel/atmel toolchain/avr8 gcc/native/3.4.1051/avr8-gnu-toolchain/bin/../lib/gcc/avr/4.8.1/avrxmega2\libgcc.a(_copy_data.o)
 .text.libgcc.builtins
                0x00000000        0x0 c:/program files (x86)/atmel/atmel toolchain/avr8 gcc/native/3.4.1051/avr8-gnu-toolchain/bin/../lib/gcc/avr/4.8.1/avrxmega2\libgcc.a(_copy_data.o)
 .text.libgcc.fmul
                0x00000000        0x0 c:/program files (x86)/atmel/atmel toolchain/avr8 gcc/native/3.4.1051/avr8-gnu-toolchain/bin/../lib/gcc/avr/4.8.1/avrxmega2\libgcc.a(_copy_data.o)
 .text.libgcc.fixed
                0x00000000        0x0 c:/program files (x86)/atmel/atmel toolchain/avr8 gcc/native/3.4.1051/avr8-gnu-toolchain/bin/../lib/gcc/avr/4.8.1/avrxmega2\libgcc.a(_copy_data.o)
 .text          0x00000000        0x0 c:/program files (x86)/atmel/atmel toolchain/avr8 gcc/native/3.4.1051/avr8-gnu-toolchain/bin/../lib/gcc/avr/4.8.1/avrxmega2\libgcc.a(_clear_bss.o)
 .bss           0x00000000        0x0 c:/program files (x86)/atmel/atmel toolchain/avr8 gcc/native/3.4.1051/avr8-gnu-toolchain/bin/../lib/gcc/avr/4.8.1/avrxmega2\libgcc.a(_clear_bss.o)
 .text.libgcc.mul
                0x00000000        0x0 c:/program files (x86)/atmel/atmel toolchain/avr8 gcc/native/3.4.1051/avr8-gnu-toolchain/bin/../lib/gcc/avr/4.8.1/avrxmega2\libgcc.a(_clear_bss.o)
 .text.libgcc.div
                0x00000000        0x0 c:/program files (x86)/atmel/atmel toolchain/avr8 gcc/native/3.4.1051/avr8-gnu-toolchain/bin/../lib/gcc/avr/4.8.1/avrxmega2\libgcc.a(_clear_bss.o)
 .text.libgcc   0x00000000        0x0 c:/program files (x86)/atmel/atmel toolchain/avr8 gcc/native/3.4.1051/avr8-gnu-toolchain/bin/../lib/gcc/avr/4.8.1/avrxmega2\libgcc.a(_clear_bss.o)
 .text.libgcc.prologue
                0x00000000        0x0 c:/program files (x86)/atmel/atmel toolchain/avr8 gcc/native/3.4.1051/avr8-gnu-toolchain/bin/../lib/gcc/avr/4.8.1/avrxmega2\libgcc.a(_clear_bss.o)
 .text.libgcc.builtins
                0x00000000        0x0 c:/program files (x86)/atmel/atmel toolchain/avr8 gcc/native/3.4.1051/avr8-gnu-toolchain/bin/../lib/gcc/avr/4.8.1/avrxmega2\libgcc.a(_clear_bss.o)
 .text.libgcc.fmul
                0x00000000        0x0 c:/program files (x86)/atmel/atmel toolchain/avr8 gcc/native/3.4.1051/avr8-gnu-toolchain/bin/../lib/gcc/avr/4.8.1/avrxmega2\libgcc.a(_clear_bss.o)
 .text.libgcc.fixed
                0x00000000        0x0 c:/program files (x86)/atmel/atmel toolchain/avr8 gcc/native/3.4.1051/avr8-gnu-toolchain/bin/../lib/gcc/avr/4.8.1/avrxmega2\libgcc.a(_clear_bss.o)

Memory Configuration

Name             Origin             Length             Attributes
text             0x00000000         0x00100000         xr
data             0x00802000         0x0000ffa0         rw !x
eeprom           0x00810000         0x00010000         rw !x
fuse             0x00820000         0x00000400         rw !x
lock             0x00830000         0x00000400         rw !x
signature        0x00840000         0x00000400         rw !x
user_signatures  0x00850000         0x00000400         rw !x
*default*        0x00000000         0xffffffff

Linker script and memory map

LOAD c:/program files (x86)/atmel/atmel toolchain/avr8 gcc/native/3.4.1051/avr8-gnu-toolchain/bin/../lib/gcc/avr/4.8.1/../../../../avr/lib/avrxmega2/crtx32d4.o
LOAD DriveControl.o
LOAD Misc.o
LOAD Sabertooth.o
LOAD usart_driver.o
START GROUP
LOAD c:/program files (x86)/atmel/atmel toolchain/avr8 gcc/native/3.4.1051/avr8-gnu-toolchain/bin/../lib/gcc/avr/4.8.1/../../../../avr/lib/avrxmega2\libm.a
END GROUP
LOAD c:/program files (x86)/atmel/atmel toolchain/avr8 gcc/native/3.4.1051/avr8-gnu-toolchain/bin/../lib/gcc/avr/4.8.1/avrxmega2\libgcc.a
LOAD c:/program files (x86)/atmel/atmel toolchain/avr8 gcc/native/3.4.1051/avr8-gnu-toolchain/bin/../lib/gcc/avr/4.8.1/../../../../avr/lib/avrxmega2\libm.a
START GROUP
LOAD c:/program files (x86)/atmel/atmel toolchain/avr8 gcc/native/3.4.1051/avr8-gnu-toolchain/bin/../lib/gcc/avr/4.8.1/avrxmega2\libgcc.a
LOAD c:/program files (x86)/atmel/atmel toolchain/avr8 gcc/native/3.4.1051/avr8-gnu-toolchain/bin/../lib/gcc/avr/4.8.1/../../../../avr/lib/avrxmega2\libm.a
LOAD c:/program files (x86)/atmel/atmel toolchain/avr8 gcc/native/3.4.1051/avr8-gnu-toolchain/bin/../lib/gcc/avr/4.8.1/../../../../avr/lib/avrxmega2\libc.a
END GROUP

.hash
 *(.hash)

.dynsym
 *(.dynsym)

.dynstr
 *(.dynstr)

.gnu.version
 *(.gnu.version)

.gnu.version_d
 *(.gnu.version_d)

.gnu.version_r
 *(.gnu.version_r)

.rel.init
 *(.rel.init)

.rela.init
 *(.rela.init)

.rel.text
 *(.rel.text)
 *(.rel.text.*)
 *(.rel.gnu.linkonce.t*)

.rela.text
 *(.rela.text)
 *(.rela.text.*)
 *(.rela.gnu.linkonce.t*)

.rel.fini
 *(.rel.fini)

.rela.fini
 *(.rela.fini)

.rel.rodata
 *(.rel.rodata)
 *(.rel.rodata.*)
 *(.rel.gnu.linkonce.r*)

.rela.rodata
 *(.rela.rodata)
 *(.rela.rodata.*)
 *(.rela.gnu.linkonce.r*)

.rel.data
 *(.rel.data)
 *(.rel.data.*)
 *(.rel.gnu.linkonce.d*)

.rela.data
 *(.rela.data)
 *(.rela.data.*)
 *(.rela.gnu.linkonce.d*)

.rel.ctors
 *(.rel.ctors)

.rela.ctors
 *(.rela.ctors)

.rel.dtors
 *(.rel.dtors)

.rela.dtors
 *(.rela.dtors)

.rel.got
 *(.rel.got)

.rela.got
 *(.rela.got)

.rel.bss
 *(.rel.bss)

.rela.bss
 *(.rela.bss)

.rel.plt
 *(.rel.plt)

.rela.plt
 *(.rela.plt)

.text           0x00000000      0x7f0
 *(.vectors)
 .vectors       0x00000000      0x16c c:/program files (x86)/atmel/atmel toolchain/avr8 gcc/native/3.4.1051/avr8-gnu-toolchain/bin/../lib/gcc/avr/4.8.1/../../../../avr/lib/avrxmega2/crtx32d4.o
                0x00000000                __vector_default
                0x00000000                __vectors
 *(.vectors)
 *(.progmem.gcc*)
                0x0000016c                . = ALIGN (0x2)
                0x0000016c                __trampolines_start = .
 *(.trampolines)
 .trampolines   0x0000016c        0x0 linker stubs
 *(.trampolines*)
                0x0000016c                __trampolines_end = .
 *(.progmem*)
                0x0000016c                . = ALIGN (0x2)
 *(.jumptables)
 *(.jumptables*)
 *(.lowtext)
 *(.lowtext*)
                0x0000016c                __ctors_start = .
 *(.ctors)
                0x0000016c                __ctors_end = .
                0x0000016c                __dtors_start = .
 *(.dtors)
                0x0000016c                __dtors_end = .
 SORT(*)(.ctors)
 SORT(*)(.dtors)
 *(.init0)
 .init0         0x0000016c        0x0 c:/program files (x86)/atmel/atmel toolchain/avr8 gcc/native/3.4.1051/avr8-gnu-toolchain/bin/../lib/gcc/avr/4.8.1/../../../../avr/lib/avrxmega2/crtx32d4.o
                0x0000016c                __init
 *(.init0)
 *(.init1)
 *(.init1)
 *(.init2)
 .init2         0x0000016c        0xc c:/program files (x86)/atmel/atmel toolchain/avr8 gcc/native/3.4.1051/avr8-gnu-toolchain/bin/../lib/gcc/avr/4.8.1/../../../../avr/lib/avrxmega2/crtx32d4.o
 *(.init2)
 *(.init3)
 *(.init3)
 *(.init4)
 .init4         0x00000178       0x16 c:/program files (x86)/atmel/atmel toolchain/avr8 gcc/native/3.4.1051/avr8-gnu-toolchain/bin/../lib/gcc/avr/4.8.1/avrxmega2\libgcc.a(_copy_data.o)
                0x00000178                __do_copy_data
 .init4         0x0000018e       0x10 c:/program files (x86)/atmel/atmel toolchain/avr8 gcc/native/3.4.1051/avr8-gnu-toolchain/bin/../lib/gcc/avr/4.8.1/avrxmega2\libgcc.a(_clear_bss.o)
                0x0000018e                __do_clear_bss
 *(.init4)
 *(.init5)
 *(.init5)
 *(.init6)
 *(.init6)
 *(.init7)
 *(.init7)
 *(.init8)
 *(.init8)
 *(.init9)
 .init9         0x0000019e        0x8 c:/program files (x86)/atmel/atmel toolchain/avr8 gcc/native/3.4.1051/avr8-gnu-toolchain/bin/../lib/gcc/avr/4.8.1/../../../../avr/lib/avrxmega2/crtx32d4.o
 *(.init9)
 *(.text)
 .text          0x000001a6        0x4 c:/program files (x86)/atmel/atmel toolchain/avr8 gcc/native/3.4.1051/avr8-gnu-toolchain/bin/../lib/gcc/avr/4.8.1/../../../../avr/lib/avrxmega2/crtx32d4.o
                0x000001a6                __vector_38
                0x000001a6                __vector_22
                0x000001a6                __vector_63
                0x000001a6                __vector_28
                0x000001a6                __vector_67
                0x000001a6                __vector_1
                0x000001a6                __vector_32
                0x000001a6                __vector_75
                0x000001a6                __vector_71
                0x000001a6                __vector_34
                0x000001a6                __vector_62
                0x000001a6                __vector_24
                0x000001a6                __vector_12
                0x000001a6                __vector_55
                0x000001a6                __vector_69
                0x000001a6                __vector_81
                0x000001a6                __vector_90
                0x000001a6                __vector_46
                0x000001a6                __bad_interrupt
                0x000001a6                __vector_72
                0x000001a6                __vector_6
                0x000001a6                __vector_31
                0x000001a6                __vector_35
                0x000001a6                __vector_78
                0x000001a6                __vector_74
                0x000001a6                __vector_39
                0x000001a6                __vector_3
                0x000001a6                __vector_23
                0x000001a6                __vector_68
                0x000001a6                __vector_30
                0x000001a6                __vector_73
                0x000001a6                __vector_45
                0x000001a6                __vector_61
                0x000001a6                __vector_11
                0x000001a6                __vector_54
                0x000001a6                __vector_13
                0x000001a6                __vector_17
                0x000001a6                __vector_19
                0x000001a6                __vector_56
                0x000001a6                __vector_7
                0x000001a6                __vector_49
                0x000001a6                __vector_41
                0x000001a6                __vector_86
                0x000001a6                __vector_64
                0x000001a6                __vector_88
                0x000001a6                __vector_43
                0x000001a6                __vector_27
                0x000001a6                __vector_5
                0x000001a6                __vector_33
                0x000001a6                __vector_76
                0x000001a6                __vector_47
                0x000001a6                __vector_52
                0x000001a6                __vector_37
                0x000001a6                __vector_89
                0x000001a6                __vector_4
                0x000001a6                __vector_44
                0x000001a6                __vector_82
                0x000001a6                __vector_51
                0x000001a6                __vector_9
                0x000001a6                __vector_2
                0x000001a6                __vector_21
                0x000001a6                __vector_15
                0x000001a6                __vector_66
                0x000001a6                __vector_36
                0x000001a6                __vector_79
                0x000001a6                __vector_58
                0x000001a6                __vector_70
                0x000001a6                __vector_83
                0x000001a6                __vector_29
                0x000001a6                __vector_60
                0x000001a6                __vector_40
                0x000001a6                __vector_85
                0x000001a6                __vector_8
                0x000001a6                __vector_48
                0x000001a6                __vector_80
                0x000001a6                __vector_84
                0x000001a6                __vector_57
                0x000001a6                __vector_53
                0x000001a6                __vector_10
                0x000001a6                __vector_50
                0x000001a6                __vector_16
                0x000001a6                __vector_59
                0x000001a6                __vector_18
                0x000001a6                __vector_20
                0x000001a6                __vector_42
                0x000001a6                __vector_87
                0x000001a6                __vector_65
                0x000001aa                . = ALIGN (0x2)
 *(.text.*)
 .text.main     0x000001aa      0x286 DriveControl.o
                0x000001aa                main
 .text.__vector_25
                0x00000430       0x4c DriveControl.o
                0x00000430                __vector_25
 .text.__vector_26
                0x0000047c       0x4c DriveControl.o
                0x0000047c                __vector_26
 .text.__vector_14
                0x000004c8       0x3a DriveControl.o
                0x000004c8                __vector_14
 .text.__vector_77
                0x00000502       0x5a DriveControl.o
                0x00000502                __vector_77
 .text._Z23SetXMEGA32MhzCalibratedv
                0x0000055c       0x46 Misc.o
                0x0000055c                _Z23SetXMEGA32MhzCalibratedv
 .text._Z12SetupPCCommsv
                0x000005a2       0x4a Misc.o
                0x000005a2                _Z12SetupPCCommsv
 .text._Z14PCComsChecksumhhh
                0x000005ec        0x6 Misc.o
                0x000005ec                _Z14PCComsChecksumhhh
 .text._Z22SendDriveControlStatusP12USART_structbb
                0x000005f2       0x24 Misc.o
                0x000005f2                _Z22SendDriveControlStatusP12USART_structbb
 .text._Z17FlushSerialBufferP16Usart_and_buffer
                0x00000616       0x1e Misc.o
                0x00000616                _Z17FlushSerialBufferP16Usart_and_buffer
 .text._ZN10Sabertooth12SendDriveCmdEcc
                0x00000634       0x40 Sabertooth.o
                0x00000634                _ZN10Sabertooth12SendDriveCmdEcc
 .text._ZN10Sabertooth11ParsePacketEhh
                0x00000674       0x72 Sabertooth.o
                0x00000674                _ZN10Sabertooth11ParsePacketEhh
 .text._ZN10Sabertooth7StopAllEv
                0x000006e6        0xa Sabertooth.o
                0x000006e6                _ZN10Sabertooth7StopAllEv
 .text._ZN10SabertoothC2EP12USART_structP11PORT_struct
                0x000006f0       0x64 Sabertooth.o
                0x000006f0                _ZN10SabertoothC1EP12USART_structP11PORT_struct
                0x000006f0                _ZN10SabertoothC2EP12USART_structP11PORT_struct
 .text.USART_InterruptDriver_Initialize
                0x00000754       0x12 usart_driver.o
                0x00000754                USART_InterruptDriver_Initialize
 .text.USART_RXBufferData_Available
                0x00000766       0x10 usart_driver.o
                0x00000766                USART_RXBufferData_Available
 .text.USART_RXBuffer_GetByte
                0x00000776       0x18 usart_driver.o
                0x00000776                USART_RXBuffer_GetByte
 .text.USART_RXComplete
                0x0000078e       0x2a usart_driver.o
                0x0000078e                USART_RXComplete
 .text.USART_DataRegEmpty
                0x000007b8       0x34 usart_driver.o
                0x000007b8                USART_DataRegEmpty
                0x000007ec                . = ALIGN (0x2)
 *(.fini9)
 .fini9         0x000007ec        0x0 c:/program files (x86)/atmel/atmel toolchain/avr8 gcc/native/3.4.1051/avr8-gnu-toolchain/bin/../lib/gcc/avr/4.8.1/avrxmega2\libgcc.a(_exit.o)
                0x000007ec                _exit
                0x000007ec                exit
 *(.fini9)
 *(.fini8)
 *(.fini8)
 *(.fini7)
 *(.fini7)
 *(.fini6)
 *(.fini6)
 *(.fini5)
 *(.fini5)
 *(.fini4)
 *(.fini4)
 *(.fini3)
 *(.fini3)
 *(.fini2)
 *(.fini2)
 *(.fini1)
 *(.fini1)
 *(.fini0)
 .fini0         0x000007ec        0x4 c:/program files (x86)/atmel/atmel toolchain/avr8 gcc/native/3.4.1051/avr8-gnu-toolchain/bin/../lib/gcc/avr/4.8.1/avrxmega2\libgcc.a(_exit.o)
 *(.fini0)
                0x000007f0                _etext = .

.data           0x00802000       0x10 load address 0x000007f0
                0x00802000                PROVIDE (__data_start, .)
 *(.data)
 .data          0x00802000        0x0 c:/program files (x86)/atmel/atmel toolchain/avr8 gcc/native/3.4.1051/avr8-gnu-toolchain/bin/../lib/gcc/avr/4.8.1/../../../../avr/lib/avrxmega2/crtx32d4.o
 .data          0x00802000        0x0 DriveControl.o
 .data          0x00802000        0x0 Misc.o
 .data          0x00802000        0x0 Sabertooth.o
 .data          0x00802000        0x0 usart_driver.o
 .data          0x00802000        0x0 c:/program files (x86)/atmel/atmel toolchain/avr8 gcc/native/3.4.1051/avr8-gnu-toolchain/bin/../lib/gcc/avr/4.8.1/avrxmega2\libgcc.a(_exit.o)
 .data          0x00802000        0x0 c:/program files (x86)/atmel/atmel toolchain/avr8 gcc/native/3.4.1051/avr8-gnu-toolchain/bin/../lib/gcc/avr/4.8.1/avrxmega2\libgcc.a(_copy_data.o)
 .data          0x00802000        0x0 c:/program files (x86)/atmel/atmel toolchain/avr8 gcc/native/3.4.1051/avr8-gnu-toolchain/bin/../lib/gcc/avr/4.8.1/avrxmega2\libgcc.a(_clear_bss.o)
 *(.data*)
 *(.rodata)
 *(.rodata*)
 .rodata.str1.1
                0x00802000       0x10 DriveControl.o
 *(.gnu.linkonce.d*)
                0x00802010                . = ALIGN (0x2)
                0x00802010                _edata = .
                0x00802010                PROVIDE (__data_end, .)

.bss            0x00802010       0x1e
                0x00802010                PROVIDE (__bss_start, .)
 *(.bss)
 *(.bss*)
 .bss.TimePrevious
                0x00802010        0x4 DriveControl.o
                0x00802010                TimePrevious
 .bss.TimeSinceInit
                0x00802014        0x4 DriveControl.o
                0x00802014                TimeSinceInit
 .bss.IsRoving  0x00802018        0x1 DriveControl.o
                0x00802018                IsRoving
 .bss.USART_PC_Data
                0x00802019        0xf DriveControl.o
                0x00802019                USART_PC_Data
 .bss.receiveArray
                0x00802028        0x6 DriveControl.o
                0x00802028                receiveArray
 *(COMMON)
                0x0080202e                PROVIDE (__bss_end, .)
                0x000007f0                __data_load_start = LOADADDR (.data)
                0x00000800                __data_load_end = (__data_load_start + SIZEOF (.data))

.noinit         0x0080202e        0x0
                0x0080202e                PROVIDE (__noinit_start, .)
 *(.noinit*)
                0x0080202e                PROVIDE (__noinit_end, .)
                0x0080202e                _end = .
                0x0080202e                PROVIDE (__heap_start, .)

.eeprom         0x00810000        0x0
 *(.eeprom*)
                0x00810000                __eeprom_end = .

.fuse
 *(.fuse)
 *(.lfuse)
 *(.hfuse)
 *(.efuse)

.lock
 *(.lock*)

.signature
 *(.signature*)

.user_signatures
 *(.user_signatures*)

.stab
 *(.stab)

.stabstr
 *(.stabstr)

.stab.excl
 *(.stab.excl)

.stab.exclstr
 *(.stab.exclstr)

.stab.index
 *(.stab.index)

.stab.indexstr
 *(.stab.indexstr)

.comment        0x00000000       0x30
 *(.comment)
 .comment       0x00000000       0x30 DriveControl.o
                                 0x31 (size before relaxing)
 .comment       0x00000000       0x31 Misc.o
 .comment       0x00000000       0x31 Sabertooth.o
 .comment       0x00000000       0x31 usart_driver.o

.note.gnu.build-id
 *(.note.gnu.build-id)

.debug
 *(.debug)

.line
 *(.line)

.debug_srcinfo
 *(.debug_srcinfo)

.debug_sfnames
 *(.debug_sfnames)

.debug_aranges  0x00000000      0x138
 *(.debug_aranges)
 .debug_aranges
                0x00000000       0x40 DriveControl.o
 .debug_aranges
                0x00000040       0x40 Misc.o
 .debug_aranges
                0x00000080       0x50 Sabertooth.o
 .debug_aranges
                0x000000d0       0x68 usart_driver.o

.debug_pubnames
 *(.debug_pubnames)

.debug_info     0x00000000     0x2608
 *(.debug_info .gnu.linkonce.wi.*)
 .debug_info    0x00000000     0x1087 DriveControl.o
 .debug_info    0x00001087      0x621 Misc.o
 .debug_info    0x000016a8      0x9da Sabertooth.o
 .debug_info    0x00002082      0x586 usart_driver.o

.debug_abbrev   0x00000000      0xa6e
 *(.debug_abbrev)
 .debug_abbrev  0x00000000      0x3a9 DriveControl.o
 .debug_abbrev  0x000003a9      0x1d5 Misc.o
 .debug_abbrev  0x0000057e      0x2ed Sabertooth.o
 .debug_abbrev  0x0000086b      0x203 usart_driver.o

.debug_line     0x00000000      0x91e
 *(.debug_line .debug_line.* .debug_line_end)
 .debug_line    0x00000000      0x283 DriveControl.o
 .debug_line    0x00000283      0x1b1 Misc.o
 .debug_line    0x00000434      0x2eb Sabertooth.o
 .debug_line    0x0000071f      0x1ff usart_driver.o

.debug_frame    0x00000000      0x330
 *(.debug_frame)
 .debug_frame   0x00000000      0x148 DriveControl.o
 .debug_frame   0x00000148       0x70 Misc.o
 .debug_frame   0x000001b8       0xb4 Sabertooth.o
 .debug_frame   0x0000026c       0xc4 usart_driver.o

.debug_str      0x00000000     0x10d0
 *(.debug_str)
 .debug_str     0x00000000      0xbb8 DriveControl.o
                                0xc41 (size before relaxing)
 .debug_str     0x00000bb8      0x2e2 Misc.o
                                0x73c (size before relaxing)
 .debug_str     0x00000e9a       0x9c Sabertooth.o
                                0x51f (size before relaxing)
 .debug_str     0x00000f36      0x19a usart_driver.o
                                0x478 (size before relaxing)

.debug_loc      0x00000000      0xe3a
 *(.debug_loc)
 .debug_loc     0x00000000      0x3ca DriveControl.o
 .debug_loc     0x000003ca      0x111 Misc.o
 .debug_loc     0x000004db      0x570 Sabertooth.o
 .debug_loc     0x00000a4b      0x3ef usart_driver.o

.debug_macinfo
 *(.debug_macinfo)

.debug_weaknames
 *(.debug_weaknames)

.debug_funcnames
 *(.debug_funcnames)

.debug_typenames
 *(.debug_typenames)

.debug_varnames
 *(.debug_varnames)

.debug_pubtypes
 *(.debug_pubtypes)

.debug_ranges   0x00000000       0xf8
 *(.debug_ranges)
 .debug_ranges  0x00000000       0x30 DriveControl.o
 .debug_ranges  0x00000030       0x30 Misc.o
 .debug_ranges  0x00000060       0x40 Sabertooth.o
 .debug_ranges  0x000000a0       0x58 usart_driver.o

.debug_macro
 *(.debug_macro)
OUTPUT(DriveControl.elf elf32-avr)
LOAD linker stubs
