Archive member included because of file (symbol)

/usr/lib/gcc/avr/4.7.2/avr6/libgcc.a(_exit.o)
                              /usr/lib/gcc/avr/4.7.2/../../../avr/lib/avr6/crtm2560.o (exit)
/usr/lib/gcc/avr/4.7.2/avr6/libgcc.a(_copy_data.o)
                              obj/Debug/main.o (__do_copy_data)
/usr/lib/gcc/avr/4.7.2/avr6/libgcc.a(_clear_bss.o)
                              obj/Debug/main.o (__do_clear_bss)
/usr/lib/gcc/avr/4.7.2/avr6/libgcc.a(_fixunssfsi.o)
                              obj/Debug/main.o (__fixunssfsi)
/usr/lib/gcc/avr/4.7.2/avr6/libgcc.a(_addsub_sf.o)
                              obj/Debug/usart.o (__subsf3)
/usr/lib/gcc/avr/4.7.2/avr6/libgcc.a(_mul_sf.o)
                              obj/Debug/main.o (__mulsf3)
/usr/lib/gcc/avr/4.7.2/avr6/libgcc.a(_div_sf.o)
                              obj/Debug/usart.o (__divsf3)
/usr/lib/gcc/avr/4.7.2/avr6/libgcc.a(_gt_sf.o)
                              obj/Debug/main.o (__gtsf2)
/usr/lib/gcc/avr/4.7.2/avr6/libgcc.a(_ge_sf.o)
                              /usr/lib/gcc/avr/4.7.2/avr6/libgcc.a(_fixunssfsi.o) (__gesf2)
/usr/lib/gcc/avr/4.7.2/avr6/libgcc.a(_lt_sf.o)
                              obj/Debug/main.o (__ltsf2)
/usr/lib/gcc/avr/4.7.2/avr6/libgcc.a(_sf_to_si.o)
                              obj/Debug/usart.o (__fixsfsi)
/usr/lib/gcc/avr/4.7.2/avr6/libgcc.a(_thenan_sf.o)
                              /usr/lib/gcc/avr/4.7.2/avr6/libgcc.a(_addsub_sf.o) (__thenan_sf)
/usr/lib/gcc/avr/4.7.2/avr6/libgcc.a(_prologue.o)
                              /usr/lib/gcc/avr/4.7.2/avr6/libgcc.a(_addsub_sf.o) (__prologue_saves__)
/usr/lib/gcc/avr/4.7.2/avr6/libgcc.a(_epilogue.o)
                              /usr/lib/gcc/avr/4.7.2/avr6/libgcc.a(_addsub_sf.o) (__epilogue_restores__)
/usr/lib/gcc/avr/4.7.2/avr6/libgcc.a(_pack_sf.o)
                              /usr/lib/gcc/avr/4.7.2/avr6/libgcc.a(_addsub_sf.o) (__pack_f)
/usr/lib/gcc/avr/4.7.2/avr6/libgcc.a(_unpack_sf.o)
                              /usr/lib/gcc/avr/4.7.2/avr6/libgcc.a(_addsub_sf.o) (__unpack_f)
/usr/lib/gcc/avr/4.7.2/avr6/libgcc.a(_fpcmp_parts_sf.o)
                              /usr/lib/gcc/avr/4.7.2/avr6/libgcc.a(_gt_sf.o) (__fpcmp_parts_f)

Allocating common symbols
Common symbol       size              file

nextState           0x1               obj/Debug/main.o

Memory Configuration

Name             Origin             Length             Attributes
text             0x0000000000000000 0x0000000000100000 xr
data             0x0000000000800200 0x000000000000fe00 rw !x
eeprom           0x0000000000810000 0x0000000000010000 rw !x
fuse             0x0000000000820000 0x0000000000000400 rw !x
lock             0x0000000000830000 0x0000000000000400 rw !x
signature        0x0000000000840000 0x0000000000000400 rw !x
*default*        0x0000000000000000 0xffffffffffffffff

Linker script and memory map

Address of section .data set to 0x800200
LOAD /usr/lib/gcc/avr/4.7.2/../../../avr/lib/avr6/crtm2560.o
LOAD obj/Debug/fuse.o
LOAD obj/Debug/main.o
LOAD obj/Debug/Mega2560.o
LOAD obj/Debug/Sabertooth.o
LOAD obj/Debug/usart.o
LOAD /usr/lib/gcc/avr/4.7.2/avr6/libgcc.a
LOAD /usr/lib/gcc/avr/4.7.2/../../../avr/lib/avr6/libm.a
LOAD /usr/lib/gcc/avr/4.7.2/avr6/libgcc.a
LOAD /usr/lib/gcc/avr/4.7.2/../../../avr/lib/avr6/libc.a
LOAD /usr/lib/gcc/avr/4.7.2/avr6/libgcc.a

.hash
 *(.hash)

.dynsym
 *(.dynsym)

.dynstr
 *(.dynstr)

.gnu.version
 *(.gnu.version)

.gnu.version_d
 *(.gnu.version_d)

.gnu.version_r
 *(.gnu.version_r)

.rel.init
 *(.rel.init)

.rela.init
 *(.rela.init)

.rel.text
 *(.rel.text)
 *(.rel.text.*)
 *(.rel.gnu.linkonce.t*)

.rela.text
 *(.rela.text)
 *(.rela.text.*)
 *(.rela.gnu.linkonce.t*)

.rel.fini
 *(.rel.fini)

.rela.fini
 *(.rela.fini)

.rel.rodata
 *(.rel.rodata)
 *(.rel.rodata.*)
 *(.rel.gnu.linkonce.r*)

.rela.rodata
 *(.rela.rodata)
 *(.rela.rodata.*)
 *(.rela.gnu.linkonce.r*)

.rel.data
 *(.rel.data)
 *(.rel.data.*)
 *(.rel.gnu.linkonce.d*)

.rela.data
 *(.rela.data)
 *(.rela.data.*)
 *(.rela.gnu.linkonce.d*)

.rel.ctors
 *(.rel.ctors)

.rela.ctors
 *(.rela.ctors)

.rel.dtors
 *(.rel.dtors)

.rela.dtors
 *(.rela.dtors)

.rel.got
 *(.rel.got)

.rela.got
 *(.rela.got)

.rel.bss
 *(.rel.bss)

.rela.bss
 *(.rela.bss)

.rel.plt
 *(.rel.plt)

.rela.plt
 *(.rela.plt)

.text           0x0000000000000000     0x19e8
 *(.vectors)
 .vectors       0x0000000000000000       0xe4 /usr/lib/gcc/avr/4.7.2/../../../avr/lib/avr6/crtm2560.o
                0x0000000000000000                __vectors
                0x0000000000000000                __vector_default
 *(.vectors)
 *(.progmem.gcc*)
 *(.progmem*)
                0x00000000000000e4                . = ALIGN (0x2)
                0x00000000000000e4                __trampolines_start = .
 *(.trampolines)
 .trampolines   0x00000000000000e4        0x0 linker stubs
 *(.trampolines*)
                0x00000000000000e4                __trampolines_end = .
 *(.jumptables)
 *(.jumptables*)
 *(.lowtext)
 *(.lowtext*)
                0x00000000000000e4                __ctors_start = .
 *(.ctors)
                0x00000000000000e4                __ctors_end = .
                0x00000000000000e4                __dtors_start = .
 *(.dtors)
                0x00000000000000e4                __dtors_end = .
 SORT(*)(.ctors)
 SORT(*)(.dtors)
 *(.init0)
 .init0         0x00000000000000e4        0x0 /usr/lib/gcc/avr/4.7.2/../../../avr/lib/avr6/crtm2560.o
                0x00000000000000e4                __init
 *(.init0)
 *(.init1)
 *(.init1)
 *(.init2)
 .init2         0x00000000000000e4       0x10 /usr/lib/gcc/avr/4.7.2/../../../avr/lib/avr6/crtm2560.o
 *(.init2)
 *(.init3)
 *(.init3)
 *(.init4)
 .init4         0x00000000000000f4       0x1a /usr/lib/gcc/avr/4.7.2/avr6/libgcc.a(_copy_data.o)
                0x00000000000000f4                __do_copy_data
 .init4         0x000000000000010e       0x10 /usr/lib/gcc/avr/4.7.2/avr6/libgcc.a(_clear_bss.o)
                0x000000000000010e                __do_clear_bss
 *(.init4)
 *(.init5)
 *(.init5)
 *(.init6)
 *(.init6)
 *(.init7)
 *(.init7)
 *(.init8)
 *(.init8)
 *(.init9)
 .init9         0x000000000000011e        0x8 /usr/lib/gcc/avr/4.7.2/../../../avr/lib/avr6/crtm2560.o
 *(.init9)
 *(.text)
 .text          0x0000000000000126        0x4 /usr/lib/gcc/avr/4.7.2/../../../avr/lib/avr6/crtm2560.o
                0x0000000000000126                __vector_38
                0x0000000000000126                __vector_22
                0x0000000000000126                __vector_28
                0x0000000000000126                __vector_1
                0x0000000000000126                __vector_32
                0x0000000000000126                __vector_34
                0x0000000000000126                __vector_24
                0x0000000000000126                __vector_12
                0x0000000000000126                __vector_55
                0x0000000000000126                __vector_46
                0x0000000000000126                __bad_interrupt
                0x0000000000000126                __vector_6
                0x0000000000000126                __vector_31
                0x0000000000000126                __vector_35
                0x0000000000000126                __vector_39
                0x0000000000000126                __vector_3
                0x0000000000000126                __vector_23
                0x0000000000000126                __vector_30
                0x0000000000000126                __vector_45
                0x0000000000000126                __vector_11
                0x0000000000000126                __vector_54
                0x0000000000000126                __vector_13
                0x0000000000000126                __vector_17
                0x0000000000000126                __vector_19
                0x0000000000000126                __vector_56
                0x0000000000000126                __vector_7
                0x0000000000000126                __vector_49
                0x0000000000000126                __vector_41
                0x0000000000000126                __vector_43
                0x0000000000000126                __vector_27
                0x0000000000000126                __vector_5
                0x0000000000000126                __vector_33
                0x0000000000000126                __vector_47
                0x0000000000000126                __vector_52
                0x0000000000000126                __vector_37
                0x0000000000000126                __vector_4
                0x0000000000000126                __vector_44
                0x0000000000000126                __vector_51
                0x0000000000000126                __vector_9
                0x0000000000000126                __vector_2
                0x0000000000000126                __vector_21
                0x0000000000000126                __vector_15
                0x0000000000000126                __vector_36
                0x0000000000000126                __vector_29
                0x0000000000000126                __vector_40
                0x0000000000000126                __vector_8
                0x0000000000000126                __vector_26
                0x0000000000000126                __vector_48
                0x0000000000000126                __vector_14
                0x0000000000000126                __vector_53
                0x0000000000000126                __vector_10
                0x0000000000000126                __vector_50
                0x0000000000000126                __vector_16
                0x0000000000000126                __vector_18
                0x0000000000000126                __vector_20
                0x0000000000000126                __vector_42
 .text          0x000000000000012a        0x0 obj/Debug/fuse.o
 .text          0x000000000000012a      0x3bc obj/Debug/main.o
                0x000000000000012a                main
 .text          0x00000000000004e6       0x20 obj/Debug/Mega2560.o
                0x00000000000004e6                Initialize_Mega2560
 .text          0x0000000000000506      0x5da obj/Debug/Sabertooth.o
                0x0000000000000506                Initialize_Sabertooth
                0x000000000000051e                Sabertooth_LeftDrive
                0x0000000000000580                Sabertooth_RightDrive
                0x00000000000005e4                Sabertooth_Checksum
                0x000000000000061c                Sabertooth_HardStop
                0x000000000000063a                Sabertooth_DriveTest
 .text          0x0000000000000ae0      0x2d0 obj/Debug/usart.o
                0x0000000000000ae0                Initialize_USART0
                0x0000000000000b98                SendByteUSART0
                0x0000000000000bcc                SendStringUSART0
                0x0000000000000c22                GetByteUART
                0x0000000000000c48                Initialize_USART1
                0x0000000000000d00                SendByteUSART1
                0x0000000000000d34                __vector_25
 .text          0x0000000000000db0        0x0 /usr/lib/gcc/avr/4.7.2/avr6/libgcc.a(_exit.o)
 .text          0x0000000000000db0        0x0 /usr/lib/gcc/avr/4.7.2/avr6/libgcc.a(_copy_data.o)
 .text          0x0000000000000db0        0x0 /usr/lib/gcc/avr/4.7.2/avr6/libgcc.a(_clear_bss.o)
 .text          0x0000000000000db0       0x5a /usr/lib/gcc/avr/4.7.2/avr6/libgcc.a(_fixunssfsi.o)
                0x0000000000000db0                __fixunssfsi
 .text          0x0000000000000e0a      0x370 /usr/lib/gcc/avr/4.7.2/avr6/libgcc.a(_addsub_sf.o)
                0x00000000000010c2                __addsf3
                0x000000000000111a                __subsf3
 .text          0x000000000000117a      0x1ca /usr/lib/gcc/avr/4.7.2/avr6/libgcc.a(_mul_sf.o)
                0x000000000000117a                __mulsf3
 .text          0x0000000000001344      0x146 /usr/lib/gcc/avr/4.7.2/avr6/libgcc.a(_div_sf.o)
                0x0000000000001344                __divsf3
 .text          0x000000000000148a       0x5e /usr/lib/gcc/avr/4.7.2/avr6/libgcc.a(_gt_sf.o)
                0x000000000000148a                __gtsf2
 .text          0x00000000000014e8       0x5e /usr/lib/gcc/avr/4.7.2/avr6/libgcc.a(_ge_sf.o)
                0x00000000000014e8                __gesf2
 .text          0x0000000000001546       0x5e /usr/lib/gcc/avr/4.7.2/avr6/libgcc.a(_lt_sf.o)
                0x0000000000001546                __ltsf2
 .text          0x00000000000015a4       0x9e /usr/lib/gcc/avr/4.7.2/avr6/libgcc.a(_sf_to_si.o)
                0x00000000000015a4                __fixsfsi
 .text          0x0000000000001642        0x0 /usr/lib/gcc/avr/4.7.2/avr6/libgcc.a(_thenan_sf.o)
 .text          0x0000000000001642        0x0 /usr/lib/gcc/avr/4.7.2/avr6/libgcc.a(_prologue.o)
 .text          0x0000000000001642        0x0 /usr/lib/gcc/avr/4.7.2/avr6/libgcc.a(_epilogue.o)
 .text          0x0000000000001642      0x194 /usr/lib/gcc/avr/4.7.2/avr6/libgcc.a(_pack_sf.o)
                0x0000000000001642                __pack_f
 .text          0x00000000000017d6       0xde /usr/lib/gcc/avr/4.7.2/avr6/libgcc.a(_unpack_sf.o)
                0x00000000000017d6                __unpack_f
 .text          0x00000000000018b4       0xc2 /usr/lib/gcc/avr/4.7.2/avr6/libgcc.a(_fpcmp_parts_sf.o)
                0x00000000000018b4                __fpcmp_parts_f
                0x0000000000001976                . = ALIGN (0x2)
 *(.text.*)
 .text.libgcc.mul
                0x0000000000001976        0x0 /usr/lib/gcc/avr/4.7.2/avr6/libgcc.a(_exit.o)
 .text.libgcc.div
                0x0000000000001976        0x0 /usr/lib/gcc/avr/4.7.2/avr6/libgcc.a(_exit.o)
 .text.libgcc   0x0000000000001976        0x0 /usr/lib/gcc/avr/4.7.2/avr6/libgcc.a(_exit.o)
 .text.libgcc.prologue
                0x0000000000001976        0x0 /usr/lib/gcc/avr/4.7.2/avr6/libgcc.a(_exit.o)
 .text.libgcc.builtins
                0x0000000000001976        0x0 /usr/lib/gcc/avr/4.7.2/avr6/libgcc.a(_exit.o)
 .text.libgcc.fmul
                0x0000000000001976        0x0 /usr/lib/gcc/avr/4.7.2/avr6/libgcc.a(_exit.o)
 .text.libgcc.mul
                0x0000000000001976        0x0 /usr/lib/gcc/avr/4.7.2/avr6/libgcc.a(_copy_data.o)
 .text.libgcc.div
                0x0000000000001976        0x0 /usr/lib/gcc/avr/4.7.2/avr6/libgcc.a(_copy_data.o)
 .text.libgcc   0x0000000000001976        0x0 /usr/lib/gcc/avr/4.7.2/avr6/libgcc.a(_copy_data.o)
 .text.libgcc.prologue
                0x0000000000001976        0x0 /usr/lib/gcc/avr/4.7.2/avr6/libgcc.a(_copy_data.o)
 .text.libgcc.builtins
                0x0000000000001976        0x0 /usr/lib/gcc/avr/4.7.2/avr6/libgcc.a(_copy_data.o)
 .text.libgcc.fmul
                0x0000000000001976        0x0 /usr/lib/gcc/avr/4.7.2/avr6/libgcc.a(_copy_data.o)
 .text.libgcc.mul
                0x0000000000001976        0x0 /usr/lib/gcc/avr/4.7.2/avr6/libgcc.a(_clear_bss.o)
 .text.libgcc.div
                0x0000000000001976        0x0 /usr/lib/gcc/avr/4.7.2/avr6/libgcc.a(_clear_bss.o)
 .text.libgcc   0x0000000000001976        0x0 /usr/lib/gcc/avr/4.7.2/avr6/libgcc.a(_clear_bss.o)
 .text.libgcc.prologue
                0x0000000000001976        0x0 /usr/lib/gcc/avr/4.7.2/avr6/libgcc.a(_clear_bss.o)
 .text.libgcc.builtins
                0x0000000000001976        0x0 /usr/lib/gcc/avr/4.7.2/avr6/libgcc.a(_clear_bss.o)
 .text.libgcc.fmul
                0x0000000000001976        0x0 /usr/lib/gcc/avr/4.7.2/avr6/libgcc.a(_clear_bss.o)
 .text.libgcc.mul
                0x0000000000001976        0x0 /usr/lib/gcc/avr/4.7.2/avr6/libgcc.a(_prologue.o)
 .text.libgcc.div
                0x0000000000001976        0x0 /usr/lib/gcc/avr/4.7.2/avr6/libgcc.a(_prologue.o)
 .text.libgcc   0x0000000000001976        0x0 /usr/lib/gcc/avr/4.7.2/avr6/libgcc.a(_prologue.o)
 .text.libgcc.prologue
                0x0000000000001976       0x38 /usr/lib/gcc/avr/4.7.2/avr6/libgcc.a(_prologue.o)
                0x0000000000001976                __prologue_saves__
 .text.libgcc.builtins
                0x00000000000019ae        0x0 /usr/lib/gcc/avr/4.7.2/avr6/libgcc.a(_prologue.o)
 .text.libgcc.fmul
                0x00000000000019ae        0x0 /usr/lib/gcc/avr/4.7.2/avr6/libgcc.a(_prologue.o)
 .text.libgcc.mul
                0x00000000000019ae        0x0 /usr/lib/gcc/avr/4.7.2/avr6/libgcc.a(_epilogue.o)
 .text.libgcc.div
                0x00000000000019ae        0x0 /usr/lib/gcc/avr/4.7.2/avr6/libgcc.a(_epilogue.o)
 .text.libgcc   0x00000000000019ae        0x0 /usr/lib/gcc/avr/4.7.2/avr6/libgcc.a(_epilogue.o)
 .text.libgcc.prologue
                0x00000000000019ae       0x36 /usr/lib/gcc/avr/4.7.2/avr6/libgcc.a(_epilogue.o)
                0x00000000000019ae                __epilogue_restores__
 .text.libgcc.builtins
                0x00000000000019e4        0x0 /usr/lib/gcc/avr/4.7.2/avr6/libgcc.a(_epilogue.o)
 .text.libgcc.fmul
                0x00000000000019e4        0x0 /usr/lib/gcc/avr/4.7.2/avr6/libgcc.a(_epilogue.o)
                0x00000000000019e4                . = ALIGN (0x2)
 *(.fini9)
 .fini9         0x00000000000019e4        0x0 /usr/lib/gcc/avr/4.7.2/avr6/libgcc.a(_exit.o)
                0x00000000000019e4                exit
                0x00000000000019e4                _exit
 *(.fini9)
 *(.fini8)
 *(.fini8)
 *(.fini7)
 *(.fini7)
 *(.fini6)
 *(.fini6)
 *(.fini5)
 *(.fini5)
 *(.fini4)
 *(.fini4)
 *(.fini3)
 *(.fini3)
 *(.fini2)
 *(.fini2)
 *(.fini1)
 *(.fini1)
 *(.fini0)
 .fini0         0x00000000000019e4        0x4 /usr/lib/gcc/avr/4.7.2/avr6/libgcc.a(_exit.o)
 *(.fini0)
                0x00000000000019e8                _etext = .

.data           0x0000000000800200       0x76 load address 0x00000000000019e8
                0x0000000000800200                PROVIDE (__data_start, .)
 *(.data)
 .data          0x0000000000800200        0x0 /usr/lib/gcc/avr/4.7.2/../../../avr/lib/avr6/crtm2560.o
 .data          0x0000000000800200        0x0 obj/Debug/fuse.o
 .data          0x0000000000800200        0x0 obj/Debug/main.o
 .data          0x0000000000800200        0x0 obj/Debug/Mega2560.o
 .data          0x0000000000800200        0x0 obj/Debug/Sabertooth.o
 .data          0x0000000000800200        0x0 obj/Debug/usart.o
 .data          0x0000000000800200        0x0 /usr/lib/gcc/avr/4.7.2/avr6/libgcc.a(_exit.o)
 .data          0x0000000000800200        0x0 /usr/lib/gcc/avr/4.7.2/avr6/libgcc.a(_copy_data.o)
 .data          0x0000000000800200        0x0 /usr/lib/gcc/avr/4.7.2/avr6/libgcc.a(_clear_bss.o)
 .data          0x0000000000800200        0x0 /usr/lib/gcc/avr/4.7.2/avr6/libgcc.a(_fixunssfsi.o)
 .data          0x0000000000800200        0x0 /usr/lib/gcc/avr/4.7.2/avr6/libgcc.a(_addsub_sf.o)
 .data          0x0000000000800200        0x0 /usr/lib/gcc/avr/4.7.2/avr6/libgcc.a(_mul_sf.o)
 .data          0x0000000000800200        0x0 /usr/lib/gcc/avr/4.7.2/avr6/libgcc.a(_div_sf.o)
 .data          0x0000000000800200        0x0 /usr/lib/gcc/avr/4.7.2/avr6/libgcc.a(_gt_sf.o)
 .data          0x0000000000800200        0x0 /usr/lib/gcc/avr/4.7.2/avr6/libgcc.a(_ge_sf.o)
 .data          0x0000000000800200        0x0 /usr/lib/gcc/avr/4.7.2/avr6/libgcc.a(_lt_sf.o)
 .data          0x0000000000800200        0x0 /usr/lib/gcc/avr/4.7.2/avr6/libgcc.a(_sf_to_si.o)
 .data          0x0000000000800200        0x0 /usr/lib/gcc/avr/4.7.2/avr6/libgcc.a(_thenan_sf.o)
 .data          0x0000000000800200        0x0 /usr/lib/gcc/avr/4.7.2/avr6/libgcc.a(_prologue.o)
 .data          0x0000000000800200        0x0 /usr/lib/gcc/avr/4.7.2/avr6/libgcc.a(_epilogue.o)
 .data          0x0000000000800200        0x0 /usr/lib/gcc/avr/4.7.2/avr6/libgcc.a(_pack_sf.o)
 .data          0x0000000000800200        0x0 /usr/lib/gcc/avr/4.7.2/avr6/libgcc.a(_unpack_sf.o)
 .data          0x0000000000800200        0x0 /usr/lib/gcc/avr/4.7.2/avr6/libgcc.a(_fpcmp_parts_sf.o)
 *(.data*)
 *(.rodata)
 .rodata        0x0000000000800200       0x52 obj/Debug/main.o
 .rodata        0x0000000000800252       0x1b obj/Debug/usart.o
 .rodata        0x000000000080026d        0x8 /usr/lib/gcc/avr/4.7.2/avr6/libgcc.a(_thenan_sf.o)
                0x000000000080026d                __thenan_sf
 *(.rodata*)
 *(.gnu.linkonce.d*)
                0x0000000000800276                . = ALIGN (0x2)
 *fill*         0x0000000000800275        0x1 00
                0x0000000000800276                _edata = .
                0x0000000000800276                PROVIDE (__data_end, .)

.bss            0x0000000000800276        0x1
                0x0000000000800276                PROVIDE (__bss_start, .)
 *(.bss)
 .bss           0x0000000000800276        0x0 /usr/lib/gcc/avr/4.7.2/../../../avr/lib/avr6/crtm2560.o
 .bss           0x0000000000800276        0x0 obj/Debug/fuse.o
 .bss           0x0000000000800276        0x0 obj/Debug/main.o
 .bss           0x0000000000800276        0x0 obj/Debug/Mega2560.o
 .bss           0x0000000000800276        0x0 obj/Debug/Sabertooth.o
 .bss           0x0000000000800276        0x0 obj/Debug/usart.o
 .bss           0x0000000000800276        0x0 /usr/lib/gcc/avr/4.7.2/avr6/libgcc.a(_exit.o)
 .bss           0x0000000000800276        0x0 /usr/lib/gcc/avr/4.7.2/avr6/libgcc.a(_copy_data.o)
 .bss           0x0000000000800276        0x0 /usr/lib/gcc/avr/4.7.2/avr6/libgcc.a(_clear_bss.o)
 .bss           0x0000000000800276        0x0 /usr/lib/gcc/avr/4.7.2/avr6/libgcc.a(_fixunssfsi.o)
 .bss           0x0000000000800276        0x0 /usr/lib/gcc/avr/4.7.2/avr6/libgcc.a(_addsub_sf.o)
 .bss           0x0000000000800276        0x0 /usr/lib/gcc/avr/4.7.2/avr6/libgcc.a(_mul_sf.o)
 .bss           0x0000000000800276        0x0 /usr/lib/gcc/avr/4.7.2/avr6/libgcc.a(_div_sf.o)
 .bss           0x0000000000800276        0x0 /usr/lib/gcc/avr/4.7.2/avr6/libgcc.a(_gt_sf.o)
 .bss           0x0000000000800276        0x0 /usr/lib/gcc/avr/4.7.2/avr6/libgcc.a(_ge_sf.o)
 .bss           0x0000000000800276        0x0 /usr/lib/gcc/avr/4.7.2/avr6/libgcc.a(_lt_sf.o)
 .bss           0x0000000000800276        0x0 /usr/lib/gcc/avr/4.7.2/avr6/libgcc.a(_sf_to_si.o)
 .bss           0x0000000000800276        0x0 /usr/lib/gcc/avr/4.7.2/avr6/libgcc.a(_thenan_sf.o)
 .bss           0x0000000000800276        0x0 /usr/lib/gcc/avr/4.7.2/avr6/libgcc.a(_prologue.o)
 .bss           0x0000000000800276        0x0 /usr/lib/gcc/avr/4.7.2/avr6/libgcc.a(_epilogue.o)
 .bss           0x0000000000800276        0x0 /usr/lib/gcc/avr/4.7.2/avr6/libgcc.a(_pack_sf.o)
 .bss           0x0000000000800276        0x0 /usr/lib/gcc/avr/4.7.2/avr6/libgcc.a(_unpack_sf.o)
 .bss           0x0000000000800276        0x0 /usr/lib/gcc/avr/4.7.2/avr6/libgcc.a(_fpcmp_parts_sf.o)
 *(.bss*)
 *(COMMON)
 COMMON         0x0000000000800276        0x1 obj/Debug/main.o
                0x0000000000800276                nextState
                0x0000000000800277                PROVIDE (__bss_end, .)
                0x00000000000019e8                __data_load_start = LOADADDR (.data)
                0x0000000000001a5e                __data_load_end = (__data_load_start + SIZEOF (.data))

.noinit         0x0000000000800277        0x0
                0x0000000000800277                PROVIDE (__noinit_start, .)
 *(.noinit*)
                0x0000000000800277                PROVIDE (__noinit_end, .)
                0x0000000000800277                _end = .
                0x0000000000800277                PROVIDE (__heap_start, .)

.eeprom         0x0000000000810000        0x0
 *(.eeprom*)
                0x0000000000810000                __eeprom_end = .

.fuse           0x0000000000820000        0x3
 *(.fuse)
 .fuse          0x0000000000820000        0x3 obj/Debug/fuse.o
                0x0000000000820000                __fuse
 *(.lfuse)
 *(.hfuse)
 *(.efuse)

.lock
 *(.lock*)

.signature
 *(.signature*)

.stab           0x0000000000000000     0x2340
 *(.stab)
 .stab          0x0000000000000000      0x6e4 /usr/lib/gcc/avr/4.7.2/../../../avr/lib/avr6/crtm2560.o
 .stab          0x00000000000006e4      0x2dc obj/Debug/fuse.o
                                        0x2e8 (size before relaxing)
 .stab          0x00000000000009c0      0x99c obj/Debug/main.o
                                        0xb4c (size before relaxing)
 .stab          0x000000000000135c      0x174 obj/Debug/Mega2560.o
                                        0x330 (size before relaxing)
 .stab          0x00000000000014d0      0x948 obj/Debug/Sabertooth.o
                                        0xb04 (size before relaxing)
 .stab          0x0000000000001e18      0x528 obj/Debug/usart.o
                                        0x6e4 (size before relaxing)

.stabstr        0x0000000000000000     0x196b
 *(.stabstr)
 .stabstr       0x0000000000000000     0x196b /usr/lib/gcc/avr/4.7.2/../../../avr/lib/avr6/crtm2560.o

.stab.excl
 *(.stab.excl)

.stab.exclstr
 *(.stab.exclstr)

.stab.index
 *(.stab.index)

.stab.indexstr
 *(.stab.indexstr)

.comment        0x0000000000000000       0x11
 *(.comment)
 .comment       0x0000000000000000       0x11 obj/Debug/fuse.o
                                         0x12 (size before relaxing)
 .comment       0x0000000000000000       0x12 obj/Debug/main.o
 .comment       0x0000000000000000       0x12 obj/Debug/Mega2560.o
 .comment       0x0000000000000000       0x12 obj/Debug/Sabertooth.o
 .comment       0x0000000000000000       0x12 obj/Debug/usart.o
 .comment       0x0000000000000000       0x12 /usr/lib/gcc/avr/4.7.2/avr6/libgcc.a(_fixunssfsi.o)
 .comment       0x0000000000000000       0x12 /usr/lib/gcc/avr/4.7.2/avr6/libgcc.a(_addsub_sf.o)
 .comment       0x0000000000000000       0x12 /usr/lib/gcc/avr/4.7.2/avr6/libgcc.a(_mul_sf.o)
 .comment       0x0000000000000000       0x12 /usr/lib/gcc/avr/4.7.2/avr6/libgcc.a(_div_sf.o)
 .comment       0x0000000000000000       0x12 /usr/lib/gcc/avr/4.7.2/avr6/libgcc.a(_gt_sf.o)
 .comment       0x0000000000000000       0x12 /usr/lib/gcc/avr/4.7.2/avr6/libgcc.a(_ge_sf.o)
 .comment       0x0000000000000000       0x12 /usr/lib/gcc/avr/4.7.2/avr6/libgcc.a(_lt_sf.o)
 .comment       0x0000000000000000       0x12 /usr/lib/gcc/avr/4.7.2/avr6/libgcc.a(_sf_to_si.o)
 .comment       0x0000000000000000       0x12 /usr/lib/gcc/avr/4.7.2/avr6/libgcc.a(_thenan_sf.o)
 .comment       0x0000000000000000       0x12 /usr/lib/gcc/avr/4.7.2/avr6/libgcc.a(_pack_sf.o)
 .comment       0x0000000000000000       0x12 /usr/lib/gcc/avr/4.7.2/avr6/libgcc.a(_unpack_sf.o)
 .comment       0x0000000000000000       0x12 /usr/lib/gcc/avr/4.7.2/avr6/libgcc.a(_fpcmp_parts_sf.o)

.debug
 *(.debug)

.line
 *(.line)

.debug_srcinfo
 *(.debug_srcinfo)

.debug_sfnames
 *(.debug_sfnames)

.debug_aranges
 *(.debug_aranges)

.debug_pubnames
 *(.debug_pubnames)

.debug_info
 *(.debug_info)
 *(.gnu.linkonce.wi.*)

.debug_abbrev
 *(.debug_abbrev)

.debug_line
 *(.debug_line)

.debug_frame
 *(.debug_frame)

.debug_str
 *(.debug_str)

.debug_loc
 *(.debug_loc)

.debug_macinfo
 *(.debug_macinfo)
OUTPUT(bin/Debug/MainDriveFirmware.elf elf32-avr)
LOAD linker stubs

Cross Reference Table

Symbol                                            File
GetByteUART                                       obj/Debug/usart.o
                                                  obj/Debug/main.o
Initialize_Mega2560                               obj/Debug/Mega2560.o
                                                  obj/Debug/main.o
Initialize_Sabertooth                             obj/Debug/Sabertooth.o
                                                  obj/Debug/main.o
Initialize_USART0                                 obj/Debug/usart.o
                                                  obj/Debug/main.o
Initialize_USART1                                 obj/Debug/usart.o
                                                  obj/Debug/main.o
Sabertooth_Checksum                               obj/Debug/Sabertooth.o
Sabertooth_DriveTest                              obj/Debug/Sabertooth.o
                                                  obj/Debug/main.o
Sabertooth_HardStop                               obj/Debug/Sabertooth.o
Sabertooth_LeftDrive                              obj/Debug/Sabertooth.o
Sabertooth_RightDrive                             obj/Debug/Sabertooth.o
SendByteUSART0                                    obj/Debug/usart.o
SendByteUSART1                                    obj/Debug/usart.o
                                                  obj/Debug/Sabertooth.o
SendStringUSART0                                  obj/Debug/usart.o
                                                  obj/Debug/main.o
__addsf3                                          /usr/lib/gcc/avr/4.7.2/avr6/libgcc.a(_addsub_sf.o)
__bad_interrupt                                   /usr/lib/gcc/avr/4.7.2/../../../avr/lib/avr6/crtm2560.o
__bss_end                                         /usr/lib/gcc/avr/4.7.2/avr6/libgcc.a(_clear_bss.o)
__bss_start                                       /usr/lib/gcc/avr/4.7.2/avr6/libgcc.a(_clear_bss.o)
__data_end                                        /usr/lib/gcc/avr/4.7.2/avr6/libgcc.a(_copy_data.o)
__data_load_start                                 /usr/lib/gcc/avr/4.7.2/avr6/libgcc.a(_copy_data.o)
__data_start                                      /usr/lib/gcc/avr/4.7.2/avr6/libgcc.a(_copy_data.o)
__divsf3                                          /usr/lib/gcc/avr/4.7.2/avr6/libgcc.a(_div_sf.o)
                                                  obj/Debug/usart.o
__do_clear_bss                                    /usr/lib/gcc/avr/4.7.2/avr6/libgcc.a(_clear_bss.o)
                                                  obj/Debug/usart.o
                                                  obj/Debug/main.o
__do_copy_data                                    /usr/lib/gcc/avr/4.7.2/avr6/libgcc.a(_copy_data.o)
                                                  /usr/lib/gcc/avr/4.7.2/avr6/libgcc.a(_thenan_sf.o)
                                                  obj/Debug/usart.o
                                                  obj/Debug/main.o
__epilogue_restores__                             /usr/lib/gcc/avr/4.7.2/avr6/libgcc.a(_epilogue.o)
                                                  /usr/lib/gcc/avr/4.7.2/avr6/libgcc.a(_sf_to_si.o)
                                                  /usr/lib/gcc/avr/4.7.2/avr6/libgcc.a(_lt_sf.o)
                                                  /usr/lib/gcc/avr/4.7.2/avr6/libgcc.a(_ge_sf.o)
                                                  /usr/lib/gcc/avr/4.7.2/avr6/libgcc.a(_gt_sf.o)
                                                  /usr/lib/gcc/avr/4.7.2/avr6/libgcc.a(_div_sf.o)
                                                  /usr/lib/gcc/avr/4.7.2/avr6/libgcc.a(_mul_sf.o)
                                                  /usr/lib/gcc/avr/4.7.2/avr6/libgcc.a(_addsub_sf.o)
__fixsfsi                                         /usr/lib/gcc/avr/4.7.2/avr6/libgcc.a(_sf_to_si.o)
                                                  /usr/lib/gcc/avr/4.7.2/avr6/libgcc.a(_fixunssfsi.o)
                                                  obj/Debug/usart.o
__fixunssfsi                                      /usr/lib/gcc/avr/4.7.2/avr6/libgcc.a(_fixunssfsi.o)
                                                  obj/Debug/Sabertooth.o
                                                  obj/Debug/main.o
__fpcmp_parts_f                                   /usr/lib/gcc/avr/4.7.2/avr6/libgcc.a(_fpcmp_parts_sf.o)
                                                  /usr/lib/gcc/avr/4.7.2/avr6/libgcc.a(_lt_sf.o)
                                                  /usr/lib/gcc/avr/4.7.2/avr6/libgcc.a(_ge_sf.o)
                                                  /usr/lib/gcc/avr/4.7.2/avr6/libgcc.a(_gt_sf.o)
__fuse                                            obj/Debug/fuse.o
__gesf2                                           /usr/lib/gcc/avr/4.7.2/avr6/libgcc.a(_ge_sf.o)
                                                  /usr/lib/gcc/avr/4.7.2/avr6/libgcc.a(_fixunssfsi.o)
__gtsf2                                           /usr/lib/gcc/avr/4.7.2/avr6/libgcc.a(_gt_sf.o)
                                                  obj/Debug/Sabertooth.o
                                                  obj/Debug/main.o
__heap_end                                        /usr/lib/gcc/avr/4.7.2/../../../avr/lib/avr6/crtm2560.o
__init                                            /usr/lib/gcc/avr/4.7.2/../../../avr/lib/avr6/crtm2560.o
__ltsf2                                           /usr/lib/gcc/avr/4.7.2/avr6/libgcc.a(_lt_sf.o)
                                                  obj/Debug/Sabertooth.o
                                                  obj/Debug/main.o
__mulsf3                                          /usr/lib/gcc/avr/4.7.2/avr6/libgcc.a(_mul_sf.o)
                                                  obj/Debug/usart.o
                                                  obj/Debug/Sabertooth.o
                                                  obj/Debug/main.o
__pack_f                                          /usr/lib/gcc/avr/4.7.2/avr6/libgcc.a(_pack_sf.o)
                                                  /usr/lib/gcc/avr/4.7.2/avr6/libgcc.a(_div_sf.o)
                                                  /usr/lib/gcc/avr/4.7.2/avr6/libgcc.a(_mul_sf.o)
                                                  /usr/lib/gcc/avr/4.7.2/avr6/libgcc.a(_addsub_sf.o)
__prologue_saves__                                /usr/lib/gcc/avr/4.7.2/avr6/libgcc.a(_prologue.o)
                                                  /usr/lib/gcc/avr/4.7.2/avr6/libgcc.a(_sf_to_si.o)
                                                  /usr/lib/gcc/avr/4.7.2/avr6/libgcc.a(_lt_sf.o)
                                                  /usr/lib/gcc/avr/4.7.2/avr6/libgcc.a(_ge_sf.o)
                                                  /usr/lib/gcc/avr/4.7.2/avr6/libgcc.a(_gt_sf.o)
                                                  /usr/lib/gcc/avr/4.7.2/avr6/libgcc.a(_div_sf.o)
                                                  /usr/lib/gcc/avr/4.7.2/avr6/libgcc.a(_mul_sf.o)
                                                  /usr/lib/gcc/avr/4.7.2/avr6/libgcc.a(_addsub_sf.o)
__stack                                           /usr/lib/gcc/avr/4.7.2/../../../avr/lib/avr6/crtm2560.o
__subsf3                                          /usr/lib/gcc/avr/4.7.2/avr6/libgcc.a(_addsub_sf.o)
                                                  /usr/lib/gcc/avr/4.7.2/avr6/libgcc.a(_fixunssfsi.o)
                                                  obj/Debug/usart.o
__thenan_sf                                       /usr/lib/gcc/avr/4.7.2/avr6/libgcc.a(_thenan_sf.o)
                                                  /usr/lib/gcc/avr/4.7.2/avr6/libgcc.a(_div_sf.o)
                                                  /usr/lib/gcc/avr/4.7.2/avr6/libgcc.a(_mul_sf.o)
                                                  /usr/lib/gcc/avr/4.7.2/avr6/libgcc.a(_addsub_sf.o)
__unpack_f                                        /usr/lib/gcc/avr/4.7.2/avr6/libgcc.a(_unpack_sf.o)
                                                  /usr/lib/gcc/avr/4.7.2/avr6/libgcc.a(_sf_to_si.o)
                                                  /usr/lib/gcc/avr/4.7.2/avr6/libgcc.a(_lt_sf.o)
                                                  /usr/lib/gcc/avr/4.7.2/avr6/libgcc.a(_ge_sf.o)
                                                  /usr/lib/gcc/avr/4.7.2/avr6/libgcc.a(_gt_sf.o)
                                                  /usr/lib/gcc/avr/4.7.2/avr6/libgcc.a(_div_sf.o)
                                                  /usr/lib/gcc/avr/4.7.2/avr6/libgcc.a(_mul_sf.o)
                                                  /usr/lib/gcc/avr/4.7.2/avr6/libgcc.a(_addsub_sf.o)
__vector_1                                        /usr/lib/gcc/avr/4.7.2/../../../avr/lib/avr6/crtm2560.o
__vector_10                                       /usr/lib/gcc/avr/4.7.2/../../../avr/lib/avr6/crtm2560.o
__vector_11                                       /usr/lib/gcc/avr/4.7.2/../../../avr/lib/avr6/crtm2560.o
__vector_12                                       /usr/lib/gcc/avr/4.7.2/../../../avr/lib/avr6/crtm2560.o
__vector_13                                       /usr/lib/gcc/avr/4.7.2/../../../avr/lib/avr6/crtm2560.o
__vector_14                                       /usr/lib/gcc/avr/4.7.2/../../../avr/lib/avr6/crtm2560.o
__vector_15                                       /usr/lib/gcc/avr/4.7.2/../../../avr/lib/avr6/crtm2560.o
__vector_16                                       /usr/lib/gcc/avr/4.7.2/../../../avr/lib/avr6/crtm2560.o
__vector_17                                       /usr/lib/gcc/avr/4.7.2/../../../avr/lib/avr6/crtm2560.o
__vector_18                                       /usr/lib/gcc/avr/4.7.2/../../../avr/lib/avr6/crtm2560.o
__vector_19                                       /usr/lib/gcc/avr/4.7.2/../../../avr/lib/avr6/crtm2560.o
__vector_2                                        /usr/lib/gcc/avr/4.7.2/../../../avr/lib/avr6/crtm2560.o
__vector_20                                       /usr/lib/gcc/avr/4.7.2/../../../avr/lib/avr6/crtm2560.o
__vector_21                                       /usr/lib/gcc/avr/4.7.2/../../../avr/lib/avr6/crtm2560.o
__vector_22                                       /usr/lib/gcc/avr/4.7.2/../../../avr/lib/avr6/crtm2560.o
__vector_23                                       /usr/lib/gcc/avr/4.7.2/../../../avr/lib/avr6/crtm2560.o
__vector_24                                       /usr/lib/gcc/avr/4.7.2/../../../avr/lib/avr6/crtm2560.o
__vector_25                                       obj/Debug/usart.o
                                                  /usr/lib/gcc/avr/4.7.2/../../../avr/lib/avr6/crtm2560.o
__vector_26                                       /usr/lib/gcc/avr/4.7.2/../../../avr/lib/avr6/crtm2560.o
__vector_27                                       /usr/lib/gcc/avr/4.7.2/../../../avr/lib/avr6/crtm2560.o
__vector_28                                       /usr/lib/gcc/avr/4.7.2/../../../avr/lib/avr6/crtm2560.o
__vector_29                                       /usr/lib/gcc/avr/4.7.2/../../../avr/lib/avr6/crtm2560.o
__vector_3                                        /usr/lib/gcc/avr/4.7.2/../../../avr/lib/avr6/crtm2560.o
__vector_30                                       /usr/lib/gcc/avr/4.7.2/../../../avr/lib/avr6/crtm2560.o
__vector_31                                       /usr/lib/gcc/avr/4.7.2/../../../avr/lib/avr6/crtm2560.o
__vector_32                                       /usr/lib/gcc/avr/4.7.2/../../../avr/lib/avr6/crtm2560.o
__vector_33                                       /usr/lib/gcc/avr/4.7.2/../../../avr/lib/avr6/crtm2560.o
__vector_34                                       /usr/lib/gcc/avr/4.7.2/../../../avr/lib/avr6/crtm2560.o
__vector_35                                       /usr/lib/gcc/avr/4.7.2/../../../avr/lib/avr6/crtm2560.o
__vector_36                                       /usr/lib/gcc/avr/4.7.2/../../../avr/lib/avr6/crtm2560.o
__vector_37                                       /usr/lib/gcc/avr/4.7.2/../../../avr/lib/avr6/crtm2560.o
__vector_38                                       /usr/lib/gcc/avr/4.7.2/../../../avr/lib/avr6/crtm2560.o
__vector_39                                       /usr/lib/gcc/avr/4.7.2/../../../avr/lib/avr6/crtm2560.o
__vector_4                                        /usr/lib/gcc/avr/4.7.2/../../../avr/lib/avr6/crtm2560.o
__vector_40                                       /usr/lib/gcc/avr/4.7.2/../../../avr/lib/avr6/crtm2560.o
__vector_41                                       /usr/lib/gcc/avr/4.7.2/../../../avr/lib/avr6/crtm2560.o
__vector_42                                       /usr/lib/gcc/avr/4.7.2/../../../avr/lib/avr6/crtm2560.o
__vector_43                                       /usr/lib/gcc/avr/4.7.2/../../../avr/lib/avr6/crtm2560.o
__vector_44                                       /usr/lib/gcc/avr/4.7.2/../../../avr/lib/avr6/crtm2560.o
__vector_45                                       /usr/lib/gcc/avr/4.7.2/../../../avr/lib/avr6/crtm2560.o
__vector_46                                       /usr/lib/gcc/avr/4.7.2/../../../avr/lib/avr6/crtm2560.o
__vector_47                                       /usr/lib/gcc/avr/4.7.2/../../../avr/lib/avr6/crtm2560.o
__vector_48                                       /usr/lib/gcc/avr/4.7.2/../../../avr/lib/avr6/crtm2560.o
__vector_49                                       /usr/lib/gcc/avr/4.7.2/../../../avr/lib/avr6/crtm2560.o
__vector_5                                        /usr/lib/gcc/avr/4.7.2/../../../avr/lib/avr6/crtm2560.o
__vector_50                                       /usr/lib/gcc/avr/4.7.2/../../../avr/lib/avr6/crtm2560.o
__vector_51                                       /usr/lib/gcc/avr/4.7.2/../../../avr/lib/avr6/crtm2560.o
__vector_52                                       /usr/lib/gcc/avr/4.7.2/../../../avr/lib/avr6/crtm2560.o
__vector_53                                       /usr/lib/gcc/avr/4.7.2/../../../avr/lib/avr6/crtm2560.o
__vector_54                                       /usr/lib/gcc/avr/4.7.2/../../../avr/lib/avr6/crtm2560.o
__vector_55                                       /usr/lib/gcc/avr/4.7.2/../../../avr/lib/avr6/crtm2560.o
__vector_56                                       /usr/lib/gcc/avr/4.7.2/../../../avr/lib/avr6/crtm2560.o
__vector_6                                        /usr/lib/gcc/avr/4.7.2/../../../avr/lib/avr6/crtm2560.o
__vector_7                                        /usr/lib/gcc/avr/4.7.2/../../../avr/lib/avr6/crtm2560.o
__vector_8                                        /usr/lib/gcc/avr/4.7.2/../../../avr/lib/avr6/crtm2560.o
__vector_9                                        /usr/lib/gcc/avr/4.7.2/../../../avr/lib/avr6/crtm2560.o
__vector_default                                  /usr/lib/gcc/avr/4.7.2/../../../avr/lib/avr6/crtm2560.o
__vectors                                         /usr/lib/gcc/avr/4.7.2/../../../avr/lib/avr6/crtm2560.o
_exit                                             /usr/lib/gcc/avr/4.7.2/avr6/libgcc.a(_exit.o)
exit                                              /usr/lib/gcc/avr/4.7.2/avr6/libgcc.a(_exit.o)
                                                  /usr/lib/gcc/avr/4.7.2/../../../avr/lib/avr6/crtm2560.o
main                                              obj/Debug/main.o
                                                  /usr/lib/gcc/avr/4.7.2/../../../avr/lib/avr6/crtm2560.o
nextState                                         obj/Debug/usart.o
                                                  obj/Debug/main.o
